******************************************************************************
                  TI ARM Linker PC v20.2.7                     
******************************************************************************
>> Linked Tue Jan 30 19:37:15 2024

OUTPUT FILE NAME:   <lab2-pt1.out>
ENTRY POINT SYMBOL: "_c_int00_noargs"  address: 20008831


MEMORY CONFIGURATION

         name            origin    length      used     unused   attr    fill
----------------------  --------  ---------  --------  --------  ----  --------
  SRAM_CODE             20004000   00013000  00005356  0000dcaa  RW X
  SRAM_DATA             20017000   00019000  00001096  00017f6a  RW X


SEGMENT ALLOCATION MAP

run origin  load origin   length   init length attrs members
----------  ----------- ---------- ----------- ----- -------
20004000    20004000    00005358   00005358    r-x
  20004000    20004000    00000400   00000400    r-- .intvecs
  20004400    20004400    00004716   00004716    r-x .text
  20008b18    20008b18    000007f8   000007f8    r-- .const
  20009310    20009310    00000048   00000048    r-- .cinit
20017000    20017000    00000898   00000000    rw-
  20017000    20017000    00000800   00000000    rw- .sysmem
  20017800    20017800    0000006a   00000000    rw- .bss
  2001786c    2001786c    0000002c   00000000    rw- .data
2002f800    2002f800    00000800   00000000    rw-
  2002f800    2002f800    00000800   00000000    rw- .stack


SECTION ALLOCATION MAP

 output                                  attributes/
section   page    origin      length       input sections
--------  ----  ----------  ----------   ----------------
.intvecs   0    20004000    00000400     
                  20004000    00000400     startup_ccs.obj (.intvecs)

.init_array 
*          0    20004000    00000000     UNINITIALIZED

.text      0    20004400    00004716     
                  20004400    00000a80     Adafruit_GFX.obj (.text)
                  20004e80    00000a4e     rtsv7M4_T_le_eabi.lib : _printfi.c.obj (.text:__TI_printfi)
                  200058ce    0000073c     test.obj (.text)
                  2000600a    00000002     rtsv7M4_T_le_eabi.lib : _lock.c.obj (.text:_nop)
                  2000600c    000004a6     Adafruit_OLED.obj (.text)
                  200064b2    00000002     rtsv7M4_T_le_eabi.lib : div0.asm.obj (.text)
                  200064b4    0000027c     uart_if.obj (.text)
                  20006730    00000268     rtsv7M4_T_le_eabi.lib : _printfi.c.obj (.text:_pconv_a)
                  20006998    000001cc                           : _printfi.c.obj (.text:_pconv_g)
                  20006b64    000001c0     main.obj (.text)
                  20006d24    000001b6     rtsv7M4_T_le_eabi.lib : fd_add_t2.asm.obj (.text)
                  20006eda    00000002     --HOLE-- [fill = 0]
                  20006edc    00000178     driverlib.a : prcm.obj (.text:PRCMCC3200MCUInit)
                  20007054    0000013c     rtsv7M4_T_le_eabi.lib : _printfi.c.obj (.text:_pconv_e)
                  20007190    00000136                           : fd_div_t2.asm.obj (.text)
                  200072c6    00000002     --HOLE-- [fill = 0]
                  200072c8    00000120                           : _printfi.c.obj (.text:fcvt)
                  200073e8    00000114     pin_mux_config.obj (.text)
                  200074fc    00000100     rtsv7M4_T_le_eabi.lib : memory.c.obj (.text:aligned_alloc)
                  200075fc    000000fc                           : fd_mul_t2.asm.obj (.text)
                  200076f8    000000e4                           : memory.c.obj (.text:free)
                  200077dc    000000e4                           : memory.c.obj (.text:realloc)
                  200078c0    000000d0                           : s_scalbn.c.obj (.text:scalbn)
                  20007990    000000b1                           : _printfi.c.obj (.text:_ltostr)
                  20007a41    00000003     --HOLE-- [fill = 0]
                  20007a44    000000a8     driverlib.a : interrupt.obj (.text:IntEnable)
                  20007aec    000000a0                 : spi.obj (.text:SPIConfigSetExpClk)
                  20007b8c    0000009c     rtsv7M4_T_le_eabi.lib : memcpy_t2.asm.obj (.text)
                  20007c28    00000096                           : ull_div_t2.asm.obj (.text)
                  20007cbe    00000002     --HOLE-- [fill = 0]
                  20007cc0    00000094     driverlib.a : prcm.obj (.text:PRCMPeripheralClockGet)
                  20007d54    00000088                 : pin.obj (.text:PinConfigSet)
                  20007ddc    00000086     rtsv7M4_T_le_eabi.lib : fd_cmp_t2.asm.obj (.text:__aeabi_cdcmple)
                  20007e62    00000086                           : fd_cmp_t2.asm.obj (.text:__aeabi_cdrcmple)
                  20007ee8    0000007c     driverlib.a : spi.obj (.text:SPIIntStatus)
                  20007f64    0000007a     rtsv7M4_T_le_eabi.lib : memset_t2.asm.obj (.text)
                  20007fde    00000076     driverlib.a : uart.obj (.text:UARTConfigSetExpClk)
                  20008054    00000070     rtsv7M4_T_le_eabi.lib : memory.c.obj (.text:split)
                  200080c4    0000006e                           : _printfi.c.obj (.text:_mcpy)
                  20008132    00000068                           : copy_decompress_lzss.c.obj (.text:decompress:lzss:__TI_decompress_lzss)
                  2000819a    00000002     --HOLE-- [fill = 0]
                  2000819c    0000005c                           : s_frexp.c.obj (.text:frexp)
                  200081f8    00000058     driverlib.a : prcm.obj (.text:PRCMPeripheralReset)
                  20008250    00000056     rtsv7M4_T_le_eabi.lib : _printfi.c.obj (.text:_pconv_f)
                  200082a6    00000054                           : _ltoa.c.obj (.text:__TI_ltoa)
                  200082fa    00000052                           : _printfi.c.obj (.text:_ecpy)
                  2000834c    0000004c     driverlib.a : spi.obj (.text:SPIIntEnable)
                  20008398    0000004c                 : spi.obj (.text:SPIIntNumberGet)
                  200083e4    0000004c     rtsv7M4_T_le_eabi.lib : atoi.c.obj (.text:atoi)
                  20008430    00000048     driverlib.a : spi.obj (.text:SPIIntClear)
                  20008478    00000048     rtsv7M4_T_le_eabi.lib : fd_toi_t2.asm.obj (.text)
                  200084c0    00000044     driverlib.a : spi.obj (.text:SPIDmaMaskGet)
                  20008504    00000044     rtsv7M4_T_le_eabi.lib : autoinit.c.obj (.text:__TI_auto_init_nobinit_nopinit:__TI_auto_init_nobinit_nopinit)
                  20008548    00000040     driverlib.a : pin.obj (.text:PinModeSet)
                  20008588    00000040     rtsv7M4_T_le_eabi.lib : vsnprintf.c.obj (.text:vsnprintf)
                  200085c8    0000003e                           : _printfi.c.obj (.text:_fcpy)
                  20008606    00000002     --HOLE-- [fill = 0]
                  20008608    0000003c     driverlib.a : prcm.obj (.text:PRCMPeripheralClkEnable)
                  20008644    00000036                 : gpio.obj (.text:GPIODirModeSet)
                  2000867a    00000030                 : pin.obj (.text:PinTypeGPIO)
                  200086aa    00000002     --HOLE-- [fill = 0]
                  200086ac    00000030                 : uart.obj (.text:UARTDisable)
                  200086dc    00000030     rtsv7M4_T_le_eabi.lib : vsnprintf.c.obj (.text:_outs)
                  2000870c    0000002e                           : i_tofd_t2.asm.obj (.text)
                  2000873a    00000002     --HOLE-- [fill = 0]
                  2000873c    0000002c     driverlib.a : prcm.obj (.text:PRCMSysResetCauseGet)
                  20008768    0000002a                 : spi.obj (.text:SPIDataGetNonBlocking)
                  20008792    00000002     --HOLE-- [fill = 0]
                  20008794    00000028                 : prcm.obj (.text:PRCMPeripheralClkDisable)
                  200087bc    00000028     rtsv7M4_T_le_eabi.lib : memory.c.obj (.text:free_list_insert)
                  200087e4    00000028                           : memmov.c.obj (.text:memmove)
                  2000880c    00000024     driverlib.a : uart.obj (.text:UARTEnable)
                  20008830    00000024     rtsv7M4_T_le_eabi.lib : boot_cortex_m.c.obj (.text:_c_int00_noargs:_c_int00_noargs)
                  20008854    00000022     driverlib.a : spi.obj (.text:SPIReset)
                  20008876    00000020                 : gpio.obj (.text:GPIOPinWrite)
                  20008896    00000002     --HOLE-- [fill = 0]
                  20008898    00000020                 : interrupt.obj (.text:IntRegister)
                  200088b8    00000020                 : spi.obj (.text:SPIDataGet)
                  200088d8    0000001e                 : spi.obj (.text:SPIDataPut)
                  200088f6    0000001e                 : spi.obj (.text:SPIIntRegister)
                  20008914    0000001e                 : uart.obj (.text:UARTCharPut)
                  20008932    0000001c                 : uart.obj (.text:UARTCharGetNonBlocking)
                  2000894e    0000001c     rtsv7M4_T_le_eabi.lib : copy_zero_init.c.obj (.text:decompress:ZI:__TI_zero_init_nomemset:__TI_zero_init_nomemset)
                  2000896a    00000002     --HOLE-- [fill = 0]
                  2000896c    0000001c                           : memory.c.obj (.text:free_list_remove)
                  20008988    0000001c                           : memccpy.c.obj (.text:memccpy)
                  200089a4    0000001a     driverlib.a : pin.obj (.text:PinTypeUART)
                  200089be    00000018                 : spi.obj (.text:SPICSDisable)
                  200089d6    00000018                 : spi.obj (.text:SPICSEnable)
                  200089ee    00000018                 : spi.obj (.text:SPIEnable)
                  20008a06    00000018                 : uart.obj (.text:UARTCharsAvail)
                  20008a1e    00000018     rtsv7M4_T_le_eabi.lib : vsnprintf.c.obj (.text:_outc)
                  20008a36    00000016     driverlib.a : prcm.obj (.text:PRCMHIBRegRead)
                  20008a4c    00000016                 : prcm.obj (.text:PRCMHIBRegWrite)
                  20008a62    00000016     rtsv7M4_T_le_eabi.lib : strchr.c.obj (.text:strchr)
                  20008a78    00000014     driverlib.a : cpu.obj (.text:CPUcpsie)
                  20008a8c    00000014                 : interrupt.obj (.text:IntVTableBaseSet)
                  20008aa0    00000014     rtsv7M4_T_le_eabi.lib : strlen.c.obj (.text:strlen)
                  20008ab4    00000012                           : wcslen.c.obj (.text:wcslen)
                  20008ac6    0000000e                           : copy_decompress_none.c.obj (.text:decompress:none:__TI_decompress_none)
                  20008ad4    0000000e     startup_ccs.obj (.text)
                  20008ae2    0000000c     rtsv7M4_T_le_eabi.lib : s_copysign.c.obj (.text:copysign)
                  20008aee    0000000a     driverlib.a : interrupt.obj (.text:IntMasterEnable)
                  20008af8    00000008     rtsv7M4_T_le_eabi.lib : errno.c.obj (.text:__aeabi_errno_addr)
                  20008b00    00000008                           : memory.c.obj (.text:malloc)
                  20008b08    00000006     driverlib.a : utils.obj (.text:UtilsDelay)
                  20008b0e    00000004     rtsv7M4_T_le_eabi.lib : pre_init.c.obj (.text:_system_pre_init)
                  20008b12    00000004                           : exit.c.obj (.text:abort:abort)

.const     0    20008b18    000007f8     
                  20008b18    000004fb     Adafruit_GFX.obj (.const:.string:font)
                  20009013    00000101     rtsv7M4_T_le_eabi.lib : ctype.c.obj (.const:.string:_ctypes_)
                  20009114    00000100     driverlib.a : pin.obj (.const:g_ulPinToPadMap)
                  20009214    000000a8                 : prcm.obj (.const:PRCM_PeriphRegsList)
                  200092bc    00000024                 : spi.obj (.const:g_ppulSPIIntMap)
                  200092e0    00000018                 : interrupt.obj (.const:g_pulEnRegs)
                  200092f8    00000018                 : spi.obj (.const:g_ulSPIDmaMaskMap)

.cinit     0    20009310    00000048     
                  20009310    00000020     (.cinit..data.load) [load image, compression = lzss]
                  20009330    0000000c     (__TI_handler_table)
                  2000933c    00000004     --HOLE-- [fill = 0]
                  20009340    00000008     (.cinit..bss.load) [load image, compression = zero_init]
                  20009348    00000010     (__TI_cinit_table)

.sysmem    0    20017000    00000800     UNINITIALIZED
                  20017000    00000010     rtsv7M4_T_le_eabi.lib : memory.c.obj (.sysmem)
                  20017010    000007f0     --HOLE--

.bss       0    20017800    0000006a     UNINITIALIZED
                  20017800    00000064     main.obj (.bss:g_ucTxBuff)
                  20017864    00000004     uart_if.obj (.bss)
                  20017868    00000002     main.obj (.bss)

.data      0    2001786c    0000002c     UNINITIALIZED
                  2001786c    00000015     Adafruit_GFX.obj (.data)
                  20017881    00000003     --HOLE--
                  20017884    00000008     rtsv7M4_T_le_eabi.lib : _lock.c.obj (.data:$O1$$)
                  2001788c    00000008                           : memory.c.obj (.data:$O1$$)
                  20017894    00000004                           : errno.c.obj (.data)

.stack     0    2002f800    00000800     UNINITIALIZED
                  2002f800    00000004     rtsv7M4_T_le_eabi.lib : boot_cortex_m.c.obj (.stack)
                  2002f804    000007fc     --HOLE--

__llvm_prf_cnts 
*          0    20017000    00000000     UNINITIALIZED

MODULE SUMMARY

       Module                       code    ro data   rw data
       ------                       ----    -------   -------
    .\
       Adafruit_GFX.obj             2688    1275      21     
       test.obj                     1852    0         0      
       Adafruit_OLED.obj            1190    0         0      
       startup_ccs.obj              14      1024      0      
       uart_if.obj                  636     0         4      
       main.obj                     448     0         102    
       pin_mux_config.obj           276     0         0      
    +--+----------------------------+-------+---------+---------+
       Total:                       7104    2299      127    
                                                             
    C:/ti/CC3200SDK_1.5.0/cc3200-sdk/driverlib/ccs/Release/driverlib.a
       prcm.obj                     800     168       0      
       spi.obj                      816     60        0      
       pin.obj                      274     256       0      
       uart.obj                     284     0         0      
       interrupt.obj                230     24        0      
       gpio.obj                     86      0         0      
       cpu.obj                      20      0         0      
       utils.obj                    6       0         0      
    +--+----------------------------+-------+---------+---------+
       Total:                       2516    508       0      
                                                             
    C:\ti\ccs1260\ccs\tools\compiler\ti-cgt-arm_20.2.7.LTS\lib\rtsv7M4_T_le_eabi.lib
       _printfi.c.obj               4835    0         0      
       memory.c.obj                 900     0         8      
       fd_add_t2.asm.obj            438     0         0      
       fd_div_t2.asm.obj            310     0         0      
       fd_cmp_t2.asm.obj            268     0         0      
       ctype.c.obj                  0       257       0      
       fd_mul_t2.asm.obj            252     0         0      
       s_scalbn.c.obj               208     0         0      
       memcpy_t2.asm.obj            156     0         0      
       ull_div_t2.asm.obj           150     0         0      
       vsnprintf.c.obj              136     0         0      
       memset_t2.asm.obj            122     0         0      
       copy_decompress_lzss.c.obj   104     0         0      
       s_frexp.c.obj                92      0         0      
       _ltoa.c.obj                  84      0         0      
       atoi.c.obj                   76      0         0      
       fd_toi_t2.asm.obj            72      0         0      
       autoinit.c.obj               68      0         0      
       i_tofd_t2.asm.obj            46      0         0      
       memmov.c.obj                 40      0         0      
       boot_cortex_m.c.obj          36      0         0      
       copy_zero_init.c.obj         28      0         0      
       memccpy.c.obj                28      0         0      
       strchr.c.obj                 22      0         0      
       strlen.c.obj                 20      0         0      
       wcslen.c.obj                 18      0         0      
       copy_decompress_none.c.obj   14      0         0      
       errno.c.obj                  8       0         4      
       s_copysign.c.obj             12      0         0      
       _lock.c.obj                  2       0         8      
       exit.c.obj                   4       0         0      
       pre_init.c.obj               4       0         0      
       div0.asm.obj                 2       0         0      
    +--+----------------------------+-------+---------+---------+
       Total:                       8555    257       20     
                                                             
       Heap:                        0       0         2048   
       Stack:                       0       0         2048   
       Linker Generated:            0       68        0      
    +--+----------------------------+-------+---------+---------+
       Grand Total:                 18175   3132      4243   


LINKER GENERATED COPY TABLES

__TI_cinit_table @ 20009348 records: 2, size/record: 8, table size: 16
	.data: load addr=20009310, load size=00000020 bytes, run addr=2001786c, run size=0000002c bytes, compression=lzss
	.bss: load addr=20009340, load size=00000008 bytes, run addr=20017800, run size=0000006a bytes, compression=zero_init


LINKER GENERATED HANDLER TABLE

__TI_handler_table @ 20009330 records: 3, size/record: 4, table size: 12
	index: 0, handler: __TI_decompress_lzss
	index: 1, handler: __TI_decompress_none
	index: 2, handler: __TI_zero_init


GLOBAL SYMBOLS: SORTED ALPHABETICALLY BY Name 

address   name                          
-------   ----                          
20006095  Adafruit_Init                 
20008b13  C$$EXIT                       
20008a79  CPUcpsie                      
200064f5  ClearTerm                     
2000620f  Color565                      
200064ff  Error                         
20008645  GPIODirModeSet                
20008877  GPIOPinWrite                  
20006537  GetCmd                        
200064b5  InitTerm                      
20007a45  IntEnable                     
20008aef  IntMasterEnable               
20008899  IntRegister                   
20008a8d  IntVTableBaseSet              
20006bd5  MasterMain                    
200064d3  Message                       
20004dab  Outstr                        
20006edd  PRCMCC3200MCUInit             
20008a37  PRCMHIBRegRead                
20008a4d  PRCMHIBRegWrite               
20008795  PRCMPeripheralClkDisable      
20008609  PRCMPeripheralClkEnable       
20007cc1  PRCMPeripheralClockGet        
200081f9  PRCMPeripheralReset           
2000873d  PRCMSysResetCauseGet          
20007d55  PinConfigSet                  
20008549  PinModeSet                    
200073e9  PinMuxConfig                  
2000867b  PinTypeGPIO                   
200089a5  PinTypeUART                   
20006675  Report                        
20008ad5  ResetISR                      
200089bf  SPICSDisable                  
200089d7  SPICSEnable                   
20007aed  SPIConfigSetExpClk            
200088b9  SPIDataGet                    
20008769  SPIDataGetNonBlocking         
200088d9  SPIDataPut                    
200089ef  SPIEnable                     
20008431  SPIIntClear                   
2000834d  SPIIntEnable                  
200088f7  SPIIntRegister                
20007ee9  SPIIntStatus                  
20008855  SPIReset                      
20006c03  SlaveMain                     
200065dd  TrimSpace                     
20008933  UARTCharGetNonBlocking        
20008915  UARTCharPut                   
20008a07  UARTCharsAvail                
20007fdf  UARTConfigSetExpClk           
200086ad  UARTDisable                   
2000880d  UARTEnable                    
20008b09  UtilsDelay                    
20030000  __STACK_END                   
00000800  __STACK_SIZE                  
00000800  __SYSMEM_SIZE                 
20009348  __TI_CINIT_Base               
20009358  __TI_CINIT_Limit              
20009330  __TI_Handler_Table_Base       
2000933c  __TI_Handler_Table_Limit      
20008505  __TI_auto_init_nobinit_nopinit
20008133  __TI_decompress_lzss          
20008ac7  __TI_decompress_none          
200082a7  __TI_ltoa                     
ffffffff  __TI_pprof_out_hndl           
20004e81  __TI_printfi                  
ffffffff  __TI_prof_data_size           
ffffffff  __TI_prof_data_start          
20009310  __TI_static_base__            
2000894f  __TI_zero_init_nomemset       
20007ddd  __aeabi_cdcmpeq               
20007ddd  __aeabi_cdcmple               
20007e63  __aeabi_cdrcmple              
20008479  __aeabi_d2iz                  
20006d2f  __aeabi_dadd                  
20007191  __aeabi_ddiv                  
200075fd  __aeabi_dmul                  
20006d25  __aeabi_dsub                  
20008af9  __aeabi_errno_addr            
2000870d  __aeabi_i2d                   
200064b3  __aeabi_idiv0                 
200064b3  __aeabi_ldiv0                 
20007f65  __aeabi_memclr                
20007f65  __aeabi_memclr4               
20007f65  __aeabi_memclr8               
20007b8d  __aeabi_memcpy                
20007b8d  __aeabi_memcpy4               
20007b8d  __aeabi_memcpy8               
20007f67  __aeabi_memset                
20007f67  __aeabi_memset4               
20007f67  __aeabi_memset8               
20007c29  __aeabi_uldivmod              
ffffffff  __binit__                     
ffffffff  __c_args__                    
UNDEFED   __mpu_init                    
2002f800  __stack                       
20017000  __start___llvm_prf_cnts       
20017000  __stop___llvm_prf_cnts        
20008831  _c_int00_noargs               
20009013  _ctypes_                      
20017884  _lock                         
2000600b  _nop                          
20017000  _sys_memory                   
UNDEFED   _system_post_cinit            
20008b0f  _system_pre_init              
20017888  _unlock                       
20008b13  abort                         
200074fd  aligned_alloc                 
200083e5  atoi                          
ffffffff  binit                         
2000592b  characterSet                  
20008ae3  copysign                      
20008ae3  copysignl                     
2001786c  cursor_x                      
20017870  cursor_y                      
200058cf  delay                         
20004c5f  drawChar                      
20004401  drawCircle                    
20004535  drawCircleHelper              
200063bd  drawFastHLine                 
20006321  drawFastVLine                 
2000477b  drawLine                      
20006459  drawPixel                     
20004867  drawRect                      
200048b5  drawRoundRect                 
20004a1d  drawTriangle                  
20017894  errno                         
20004653  fillCircle                    
2000468d  fillCircleHelper              
20006267  fillRect                      
200049a3  fillRoundRect                 
20006251  fillScreen                    
20004a5f  fillTriangle                  
200076f9  free                          
2000819d  frexp                         
2000819d  frexpl                        
20004000  g_pfnVectors                  
200061cb  goTo                          
20004e5f  height                        
20005903  horizontal                    
20006497  invert                        
20005e6b  lcdTestPattern                
20005f3b  lcdTestPattern2               
200078c1  ldexp                         
200078c1  ldexpl                        
20006c73  main                          
20008b01  malloc                        
200074fd  memalign                      
20008989  memccpy                       
20007b8d  memcpy                        
200087e5  memmove                       
20007f6d  memset                        
200077dd  realloc                       
200078c1  scalbn                        
200078c1  scalbnl                       
20004df7  setCursor                     
20004e2f  setTextColor                  
20004e0f  setTextSize                   
20004e47  setTextWrap                   
20008a63  strchr                        
20008aa1  strlen                        
20005b2f  testdrawcircles               
2000599f  testdrawrects                 
2000592d  testfastlines                 
20005abd  testfillcircles               
200059ff  testfillrects                 
20005c9d  testlines                     
20005c2b  testroundrects                
20005ba9  testtriangles                 
2001787c  textbgcolor                   
20017878  textcolor                     
20017874  textsize                      
20005917  vertical                      
20008589  vsnprintf                     
20008ab5  wcslen                        
20004e5b  width                         
20017880  wrap                          
2000600d  writeCommand                  
20006051  writeData                     


GLOBAL SYMBOLS: SORTED BY Symbol Address 

address   name                          
-------   ----                          
00000800  __STACK_SIZE                  
00000800  __SYSMEM_SIZE                 
20004000  g_pfnVectors                  
20004401  drawCircle                    
20004535  drawCircleHelper              
20004653  fillCircle                    
2000468d  fillCircleHelper              
2000477b  drawLine                      
20004867  drawRect                      
200048b5  drawRoundRect                 
200049a3  fillRoundRect                 
20004a1d  drawTriangle                  
20004a5f  fillTriangle                  
20004c5f  drawChar                      
20004dab  Outstr                        
20004df7  setCursor                     
20004e0f  setTextSize                   
20004e2f  setTextColor                  
20004e47  setTextWrap                   
20004e5b  width                         
20004e5f  height                        
20004e81  __TI_printfi                  
200058cf  delay                         
20005903  horizontal                    
20005917  vertical                      
2000592b  characterSet                  
2000592d  testfastlines                 
2000599f  testdrawrects                 
200059ff  testfillrects                 
20005abd  testfillcircles               
20005b2f  testdrawcircles               
20005ba9  testtriangles                 
20005c2b  testroundrects                
20005c9d  testlines                     
20005e6b  lcdTestPattern                
20005f3b  lcdTestPattern2               
2000600b  _nop                          
2000600d  writeCommand                  
20006051  writeData                     
20006095  Adafruit_Init                 
200061cb  goTo                          
2000620f  Color565                      
20006251  fillScreen                    
20006267  fillRect                      
20006321  drawFastVLine                 
200063bd  drawFastHLine                 
20006459  drawPixel                     
20006497  invert                        
200064b3  __aeabi_idiv0                 
200064b3  __aeabi_ldiv0                 
200064b5  InitTerm                      
200064d3  Message                       
200064f5  ClearTerm                     
200064ff  Error                         
20006537  GetCmd                        
200065dd  TrimSpace                     
20006675  Report                        
20006bd5  MasterMain                    
20006c03  SlaveMain                     
20006c73  main                          
20006d25  __aeabi_dsub                  
20006d2f  __aeabi_dadd                  
20006edd  PRCMCC3200MCUInit             
20007191  __aeabi_ddiv                  
200073e9  PinMuxConfig                  
200074fd  aligned_alloc                 
200074fd  memalign                      
200075fd  __aeabi_dmul                  
200076f9  free                          
200077dd  realloc                       
200078c1  ldexp                         
200078c1  ldexpl                        
200078c1  scalbn                        
200078c1  scalbnl                       
20007a45  IntEnable                     
20007aed  SPIConfigSetExpClk            
20007b8d  __aeabi_memcpy                
20007b8d  __aeabi_memcpy4               
20007b8d  __aeabi_memcpy8               
20007b8d  memcpy                        
20007c29  __aeabi_uldivmod              
20007cc1  PRCMPeripheralClockGet        
20007d55  PinConfigSet                  
20007ddd  __aeabi_cdcmpeq               
20007ddd  __aeabi_cdcmple               
20007e63  __aeabi_cdrcmple              
20007ee9  SPIIntStatus                  
20007f65  __aeabi_memclr                
20007f65  __aeabi_memclr4               
20007f65  __aeabi_memclr8               
20007f67  __aeabi_memset                
20007f67  __aeabi_memset4               
20007f67  __aeabi_memset8               
20007f6d  memset                        
20007fdf  UARTConfigSetExpClk           
20008133  __TI_decompress_lzss          
2000819d  frexp                         
2000819d  frexpl                        
200081f9  PRCMPeripheralReset           
200082a7  __TI_ltoa                     
2000834d  SPIIntEnable                  
200083e5  atoi                          
20008431  SPIIntClear                   
20008479  __aeabi_d2iz                  
20008505  __TI_auto_init_nobinit_nopinit
20008549  PinModeSet                    
20008589  vsnprintf                     
20008609  PRCMPeripheralClkEnable       
20008645  GPIODirModeSet                
2000867b  PinTypeGPIO                   
200086ad  UARTDisable                   
2000870d  __aeabi_i2d                   
2000873d  PRCMSysResetCauseGet          
20008769  SPIDataGetNonBlocking         
20008795  PRCMPeripheralClkDisable      
200087e5  memmove                       
2000880d  UARTEnable                    
20008831  _c_int00_noargs               
20008855  SPIReset                      
20008877  GPIOPinWrite                  
20008899  IntRegister                   
200088b9  SPIDataGet                    
200088d9  SPIDataPut                    
200088f7  SPIIntRegister                
20008915  UARTCharPut                   
20008933  UARTCharGetNonBlocking        
2000894f  __TI_zero_init_nomemset       
20008989  memccpy                       
200089a5  PinTypeUART                   
200089bf  SPICSDisable                  
200089d7  SPICSEnable                   
200089ef  SPIEnable                     
20008a07  UARTCharsAvail                
20008a37  PRCMHIBRegRead                
20008a4d  PRCMHIBRegWrite               
20008a63  strchr                        
20008a79  CPUcpsie                      
20008a8d  IntVTableBaseSet              
20008aa1  strlen                        
20008ab5  wcslen                        
20008ac7  __TI_decompress_none          
20008ad5  ResetISR                      
20008ae3  copysign                      
20008ae3  copysignl                     
20008aef  IntMasterEnable               
20008af9  __aeabi_errno_addr            
20008b01  malloc                        
20008b09  UtilsDelay                    
20008b0f  _system_pre_init              
20008b13  C$$EXIT                       
20008b13  abort                         
20009013  _ctypes_                      
20009310  __TI_static_base__            
20009330  __TI_Handler_Table_Base       
2000933c  __TI_Handler_Table_Limit      
20009348  __TI_CINIT_Base               
20009358  __TI_CINIT_Limit              
20017000  __start___llvm_prf_cnts       
20017000  __stop___llvm_prf_cnts        
20017000  _sys_memory                   
2001786c  cursor_x                      
20017870  cursor_y                      
20017874  textsize                      
20017878  textcolor                     
2001787c  textbgcolor                   
20017880  wrap                          
20017884  _lock                         
20017888  _unlock                       
20017894  errno                         
2002f800  __stack                       
20030000  __STACK_END                   
ffffffff  __TI_pprof_out_hndl           
ffffffff  __TI_prof_data_size           
ffffffff  __TI_prof_data_start          
ffffffff  __binit__                     
ffffffff  __c_args__                    
ffffffff  binit                         
UNDEFED   __mpu_init                    
UNDEFED   _system_post_cinit            

[179 symbols]
