<?xml version="1.0" encoding="ISO-8859-1" ?>
<link_info>
   <banner>TI ARM Linker PC v20.2.7.LTS</banner>
   <copyright>Copyright (c) 1996-2018 Texas Instruments Incorporated</copyright>
   <link_time>0x65bc2f4e</link_time>
   <link_errors>0x0</link_errors>
   <output_file>lab2-pt1.out</output_file>
   <entry_point>
      <name>_c_int00_noargs</name>
      <address>0x20008c19</address>
   </entry_point>
   <input_file_list>
      <input_file id="fl-2">
         <path>.\</path>
         <kind>object</kind>
         <file>Adafruit_GFX.obj</file>
         <name>Adafruit_GFX.obj</name>
      </input_file>
      <input_file id="fl-3">
         <path>.\</path>
         <kind>object</kind>
         <file>Adafruit_OLED.obj</file>
         <name>Adafruit_OLED.obj</name>
      </input_file>
      <input_file id="fl-4">
         <path>.\</path>
         <kind>object</kind>
         <file>main.obj</file>
         <name>main.obj</name>
      </input_file>
      <input_file id="fl-5">
         <path>.\</path>
         <kind>object</kind>
         <file>pin_mux_config.obj</file>
         <name>pin_mux_config.obj</name>
      </input_file>
      <input_file id="fl-6">
         <path>.\</path>
         <kind>object</kind>
         <file>startup_ccs.obj</file>
         <name>startup_ccs.obj</name>
      </input_file>
      <input_file id="fl-7">
         <path>.\</path>
         <kind>object</kind>
         <file>test.obj</file>
         <name>test.obj</name>
      </input_file>
      <input_file id="fl-8">
         <path>.\</path>
         <kind>object</kind>
         <file>uart_if.obj</file>
         <name>uart_if.obj</name>
      </input_file>
      <input_file id="fl-d">
         <kind>object</kind>
         <file>&lt;internal&gt;</file>
         <name>&lt;internal&gt;</name>
      </input_file>
      <input_file id="fl-e">
         <path>C:\ti\CC3200SDK_1.5.0\cc3200-sdk\driverlib\ccs\Release\</path>
         <kind>archive</kind>
         <file>driverlib.a</file>
         <name>gpio.obj</name>
      </input_file>
      <input_file id="fl-f">
         <path>C:\ti\CC3200SDK_1.5.0\cc3200-sdk\driverlib\ccs\Release\</path>
         <kind>archive</kind>
         <file>driverlib.a</file>
         <name>interrupt.obj</name>
      </input_file>
      <input_file id="fl-10">
         <path>C:\ti\CC3200SDK_1.5.0\cc3200-sdk\driverlib\ccs\Release\</path>
         <kind>archive</kind>
         <file>driverlib.a</file>
         <name>pin.obj</name>
      </input_file>
      <input_file id="fl-11">
         <path>C:\ti\CC3200SDK_1.5.0\cc3200-sdk\driverlib\ccs\Release\</path>
         <kind>archive</kind>
         <file>driverlib.a</file>
         <name>prcm.obj</name>
      </input_file>
      <input_file id="fl-12">
         <path>C:\ti\CC3200SDK_1.5.0\cc3200-sdk\driverlib\ccs\Release\</path>
         <kind>archive</kind>
         <file>driverlib.a</file>
         <name>spi.obj</name>
      </input_file>
      <input_file id="fl-13">
         <path>C:\ti\CC3200SDK_1.5.0\cc3200-sdk\driverlib\ccs\Release\</path>
         <kind>archive</kind>
         <file>driverlib.a</file>
         <name>uart.obj</name>
      </input_file>
      <input_file id="fl-14">
         <path>C:\ti\CC3200SDK_1.5.0\cc3200-sdk\driverlib\ccs\Release\</path>
         <kind>archive</kind>
         <file>driverlib.a</file>
         <name>utils.obj</name>
      </input_file>
      <input_file id="fl-15">
         <path>C:\ti\CC3200SDK_1.5.0\cc3200-sdk\driverlib\ccs\Release\</path>
         <kind>archive</kind>
         <file>driverlib.a</file>
         <name>cpu.obj</name>
      </input_file>
      <input_file id="fl-16">
         <path>C:\ti\CC3200SDK_1.5.0\cc3200-sdk\driverlib\ccs\Release\</path>
         <kind>archive</kind>
         <file>driverlib.a</file>
         <name>flash.obj</name>
      </input_file>
      <input_file id="fl-cc">
         <path>C:\ti\ccs1260\ccs\tools\compiler\ti-cgt-arm_20.2.7.LTS\lib\</path>
         <kind>archive</kind>
         <file>rtsv7M4_T_le_eabi.lib</file>
         <name>vsnprintf.c.obj</name>
      </input_file>
      <input_file id="fl-cd">
         <path>C:\ti\ccs1260\ccs\tools\compiler\ti-cgt-arm_20.2.7.LTS\lib\</path>
         <kind>archive</kind>
         <file>rtsv7M4_T_le_eabi.lib</file>
         <name>memcpy_t2.asm.obj</name>
      </input_file>
      <input_file id="fl-ce">
         <path>C:\ti\ccs1260\ccs\tools\compiler\ti-cgt-arm_20.2.7.LTS\lib\</path>
         <kind>archive</kind>
         <file>rtsv7M4_T_le_eabi.lib</file>
         <name>ull_div_t2.asm.obj</name>
      </input_file>
      <input_file id="fl-cf">
         <path>C:\ti\ccs1260\ccs\tools\compiler\ti-cgt-arm_20.2.7.LTS\lib\</path>
         <kind>archive</kind>
         <file>rtsv7M4_T_le_eabi.lib</file>
         <name>copy_zero_init.c.obj</name>
      </input_file>
      <input_file id="fl-d0">
         <path>C:\ti\ccs1260\ccs\tools\compiler\ti-cgt-arm_20.2.7.LTS\lib\</path>
         <kind>archive</kind>
         <file>rtsv7M4_T_le_eabi.lib</file>
         <name>copy_decompress_none.c.obj</name>
      </input_file>
      <input_file id="fl-d1">
         <path>C:\ti\ccs1260\ccs\tools\compiler\ti-cgt-arm_20.2.7.LTS\lib\</path>
         <kind>archive</kind>
         <file>rtsv7M4_T_le_eabi.lib</file>
         <name>copy_decompress_lzss.c.obj</name>
      </input_file>
      <input_file id="fl-d2">
         <path>C:\ti\ccs1260\ccs\tools\compiler\ti-cgt-arm_20.2.7.LTS\lib\</path>
         <kind>archive</kind>
         <file>rtsv7M4_T_le_eabi.lib</file>
         <name>memmov.c.obj</name>
      </input_file>
      <input_file id="fl-d3">
         <path>C:\ti\ccs1260\ccs\tools\compiler\ti-cgt-arm_20.2.7.LTS\lib\</path>
         <kind>archive</kind>
         <file>rtsv7M4_T_le_eabi.lib</file>
         <name>memory.c.obj</name>
      </input_file>
      <input_file id="fl-d4">
         <path>C:\ti\ccs1260\ccs\tools\compiler\ti-cgt-arm_20.2.7.LTS\lib\</path>
         <kind>archive</kind>
         <file>rtsv7M4_T_le_eabi.lib</file>
         <name>strlen.c.obj</name>
      </input_file>
      <input_file id="fl-d5">
         <path>C:\ti\ccs1260\ccs\tools\compiler\ti-cgt-arm_20.2.7.LTS\lib\</path>
         <kind>archive</kind>
         <file>rtsv7M4_T_le_eabi.lib</file>
         <name>boot_cortex_m.c.obj</name>
      </input_file>
      <input_file id="fl-d6">
         <path>C:\ti\ccs1260\ccs\tools\compiler\ti-cgt-arm_20.2.7.LTS\lib\</path>
         <kind>archive</kind>
         <file>rtsv7M4_T_le_eabi.lib</file>
         <name>_printfi.c.obj</name>
      </input_file>
      <input_file id="fl-d7">
         <path>C:\ti\ccs1260\ccs\tools\compiler\ti-cgt-arm_20.2.7.LTS\lib\</path>
         <kind>archive</kind>
         <file>rtsv7M4_T_le_eabi.lib</file>
         <name>div0.asm.obj</name>
      </input_file>
      <input_file id="fl-d8">
         <path>C:\ti\ccs1260\ccs\tools\compiler\ti-cgt-arm_20.2.7.LTS\lib\</path>
         <kind>archive</kind>
         <file>rtsv7M4_T_le_eabi.lib</file>
         <name>fd_add_t2.asm.obj</name>
      </input_file>
      <input_file id="fl-d9">
         <path>C:\ti\ccs1260\ccs\tools\compiler\ti-cgt-arm_20.2.7.LTS\lib\</path>
         <kind>archive</kind>
         <file>rtsv7M4_T_le_eabi.lib</file>
         <name>fd_cmp_t2.asm.obj</name>
      </input_file>
      <input_file id="fl-da">
         <path>C:\ti\ccs1260\ccs\tools\compiler\ti-cgt-arm_20.2.7.LTS\lib\</path>
         <kind>archive</kind>
         <file>rtsv7M4_T_le_eabi.lib</file>
         <name>fd_div_t2.asm.obj</name>
      </input_file>
      <input_file id="fl-db">
         <path>C:\ti\ccs1260\ccs\tools\compiler\ti-cgt-arm_20.2.7.LTS\lib\</path>
         <kind>archive</kind>
         <file>rtsv7M4_T_le_eabi.lib</file>
         <name>fd_mul_t2.asm.obj</name>
      </input_file>
      <input_file id="fl-dc">
         <path>C:\ti\ccs1260\ccs\tools\compiler\ti-cgt-arm_20.2.7.LTS\lib\</path>
         <kind>archive</kind>
         <file>rtsv7M4_T_le_eabi.lib</file>
         <name>fd_toi_t2.asm.obj</name>
      </input_file>
      <input_file id="fl-dd">
         <path>C:\ti\ccs1260\ccs\tools\compiler\ti-cgt-arm_20.2.7.LTS\lib\</path>
         <kind>archive</kind>
         <file>rtsv7M4_T_le_eabi.lib</file>
         <name>i_tofd_t2.asm.obj</name>
      </input_file>
      <input_file id="fl-de">
         <path>C:\ti\ccs1260\ccs\tools\compiler\ti-cgt-arm_20.2.7.LTS\lib\</path>
         <kind>archive</kind>
         <file>rtsv7M4_T_le_eabi.lib</file>
         <name>memset_t2.asm.obj</name>
      </input_file>
      <input_file id="fl-df">
         <path>C:\ti\ccs1260\ccs\tools\compiler\ti-cgt-arm_20.2.7.LTS\lib\</path>
         <kind>archive</kind>
         <file>rtsv7M4_T_le_eabi.lib</file>
         <name>autoinit.c.obj</name>
      </input_file>
      <input_file id="fl-e0">
         <path>C:\ti\ccs1260\ccs\tools\compiler\ti-cgt-arm_20.2.7.LTS\lib\</path>
         <kind>archive</kind>
         <file>rtsv7M4_T_le_eabi.lib</file>
         <name>pre_init.c.obj</name>
      </input_file>
      <input_file id="fl-e1">
         <path>C:\ti\ccs1260\ccs\tools\compiler\ti-cgt-arm_20.2.7.LTS\lib\</path>
         <kind>archive</kind>
         <file>rtsv7M4_T_le_eabi.lib</file>
         <name>cpy_tbl.c.obj</name>
      </input_file>
      <input_file id="fl-e2">
         <path>C:\ti\ccs1260\ccs\tools\compiler\ti-cgt-arm_20.2.7.LTS\lib\</path>
         <kind>archive</kind>
         <file>rtsv7M4_T_le_eabi.lib</file>
         <name>exit.c.obj</name>
      </input_file>
      <input_file id="fl-e3">
         <path>C:\ti\ccs1260\ccs\tools\compiler\ti-cgt-arm_20.2.7.LTS\lib\</path>
         <kind>archive</kind>
         <file>rtsv7M4_T_le_eabi.lib</file>
         <name>_lock.c.obj</name>
      </input_file>
      <input_file id="fl-e4">
         <path>C:\ti\ccs1260\ccs\tools\compiler\ti-cgt-arm_20.2.7.LTS\lib\</path>
         <kind>archive</kind>
         <file>rtsv7M4_T_le_eabi.lib</file>
         <name>_ltoa.c.obj</name>
      </input_file>
      <input_file id="fl-e5">
         <path>C:\ti\ccs1260\ccs\tools\compiler\ti-cgt-arm_20.2.7.LTS\lib\</path>
         <kind>archive</kind>
         <file>rtsv7M4_T_le_eabi.lib</file>
         <name>args_main.c.obj</name>
      </input_file>
      <input_file id="fl-e6">
         <path>C:\ti\ccs1260\ccs\tools\compiler\ti-cgt-arm_20.2.7.LTS\lib\</path>
         <kind>archive</kind>
         <file>rtsv7M4_T_le_eabi.lib</file>
         <name>atoi.c.obj</name>
      </input_file>
      <input_file id="fl-e7">
         <path>C:\ti\ccs1260\ccs\tools\compiler\ti-cgt-arm_20.2.7.LTS\lib\</path>
         <kind>archive</kind>
         <file>rtsv7M4_T_le_eabi.lib</file>
         <name>ctype.c.obj</name>
      </input_file>
      <input_file id="fl-e8">
         <path>C:\ti\ccs1260\ccs\tools\compiler\ti-cgt-arm_20.2.7.LTS\lib\</path>
         <kind>archive</kind>
         <file>rtsv7M4_T_le_eabi.lib</file>
         <name>memccpy.c.obj</name>
      </input_file>
      <input_file id="fl-e9">
         <path>C:\ti\ccs1260\ccs\tools\compiler\ti-cgt-arm_20.2.7.LTS\lib\</path>
         <kind>archive</kind>
         <file>rtsv7M4_T_le_eabi.lib</file>
         <name>strchr.c.obj</name>
      </input_file>
      <input_file id="fl-ea">
         <path>C:\ti\ccs1260\ccs\tools\compiler\ti-cgt-arm_20.2.7.LTS\lib\</path>
         <kind>archive</kind>
         <file>rtsv7M4_T_le_eabi.lib</file>
         <name>errno.c.obj</name>
      </input_file>
      <input_file id="fl-eb">
         <path>C:\ti\ccs1260\ccs\tools\compiler\ti-cgt-arm_20.2.7.LTS\lib\</path>
         <kind>archive</kind>
         <file>rtsv7M4_T_le_eabi.lib</file>
         <name>wcslen.c.obj</name>
      </input_file>
      <input_file id="fl-ec">
         <path>C:\ti\ccs1260\ccs\tools\compiler\ti-cgt-arm_20.2.7.LTS\lib\</path>
         <kind>archive</kind>
         <file>rtsv7M4_T_le_eabi.lib</file>
         <name>s_frexp.c.obj</name>
      </input_file>
      <input_file id="fl-ed">
         <path>C:\ti\ccs1260\ccs\tools\compiler\ti-cgt-arm_20.2.7.LTS\lib\</path>
         <kind>archive</kind>
         <file>rtsv7M4_T_le_eabi.lib</file>
         <name>s_scalbn.c.obj</name>
      </input_file>
      <input_file id="fl-ee">
         <path>C:\ti\ccs1260\ccs\tools\compiler\ti-cgt-arm_20.2.7.LTS\lib\</path>
         <kind>archive</kind>
         <file>rtsv7M4_T_le_eabi.lib</file>
         <name>s_copysign.c.obj</name>
      </input_file>
   </input_file_list>
   <object_component_list>
      <object_component id="oc-12">
         <name>.intvecs</name>
         <load_address>0x20004000</load_address>
         <run_address>0x20004000</run_address>
         <size>0x400</size>
         <input_file_ref idref="fl-6"/>
      </object_component>
      <object_component id="oc-24d">
         <name>.text</name>
         <load_address>0x20004400</load_address>
         <run_address>0x20004400</run_address>
         <size>0xa80</size>
         <input_file_ref idref="fl-2"/>
      </object_component>
      <object_component id="oc-28d">
         <name>.text:__TI_printfi</name>
         <load_address>0x20004e80</load_address>
         <run_address>0x20004e80</run_address>
         <size>0xa4e</size>
         <input_file_ref idref="fl-d6"/>
      </object_component>
      <object_component id="oc-137">
         <name>.text</name>
         <load_address>0x200058ce</load_address>
         <run_address>0x200058ce</run_address>
         <size>0x99c</size>
         <input_file_ref idref="fl-7"/>
      </object_component>
      <object_component id="oc-315">
         <name>.text:_nop</name>
         <load_address>0x2000626a</load_address>
         <run_address>0x2000626a</run_address>
         <size>0x2</size>
         <input_file_ref idref="fl-e3"/>
      </object_component>
      <object_component id="oc-131">
         <name>.text</name>
         <load_address>0x2000626c</load_address>
         <run_address>0x2000626c</run_address>
         <size>0x4aa</size>
         <input_file_ref idref="fl-3"/>
      </object_component>
      <object_component id="oc-42c">
         <name>.text</name>
         <load_address>0x20006716</load_address>
         <run_address>0x20006716</run_address>
         <size>0x2</size>
         <input_file_ref idref="fl-d7"/>
      </object_component>
      <object_component id="oc-97">
         <name>.text</name>
         <load_address>0x20006718</load_address>
         <run_address>0x20006718</run_address>
         <size>0x358</size>
         <input_file_ref idref="fl-4"/>
      </object_component>
      <object_component id="oc-dd">
         <name>.text</name>
         <load_address>0x20006a70</load_address>
         <run_address>0x20006a70</run_address>
         <size>0x27c</size>
         <input_file_ref idref="fl-8"/>
      </object_component>
      <object_component id="oc-35b">
         <name>.text:_pconv_a</name>
         <load_address>0x20006cec</load_address>
         <run_address>0x20006cec</run_address>
         <size>0x268</size>
         <input_file_ref idref="fl-d6"/>
      </object_component>
      <object_component id="oc-349">
         <name>.text:_pconv_g</name>
         <load_address>0x20006f54</load_address>
         <run_address>0x20006f54</run_address>
         <size>0x1cc</size>
         <input_file_ref idref="fl-d6"/>
      </object_component>
      <object_component id="oc-3d6">
         <name>.text</name>
         <load_address>0x20007120</load_address>
         <run_address>0x20007120</run_address>
         <size>0x1b6</size>
         <input_file_ref idref="fl-d8"/>
      </object_component>
      <object_component id="oc-119">
         <name>.text:PRCMCC3200MCUInit</name>
         <load_address>0x200072d8</load_address>
         <run_address>0x200072d8</run_address>
         <size>0x178</size>
         <input_file_ref idref="fl-11"/>
      </object_component>
      <object_component id="oc-355">
         <name>.text:_pconv_e</name>
         <load_address>0x20007450</load_address>
         <run_address>0x20007450</run_address>
         <size>0x13c</size>
         <input_file_ref idref="fl-d6"/>
      </object_component>
      <object_component id="oc-3bc">
         <name>.text</name>
         <load_address>0x2000758c</load_address>
         <run_address>0x2000758c</run_address>
         <size>0x136</size>
         <input_file_ref idref="fl-da"/>
      </object_component>
      <object_component id="oc-3e8">
         <name>.text:fcvt</name>
         <load_address>0x200076c4</load_address>
         <run_address>0x200076c4</run_address>
         <size>0x120</size>
         <input_file_ref idref="fl-d6"/>
      </object_component>
      <object_component id="oc-2b1">
         <name>.text:aligned_alloc</name>
         <load_address>0x200077e4</load_address>
         <run_address>0x200077e4</run_address>
         <size>0x100</size>
         <input_file_ref idref="fl-d3"/>
      </object_component>
      <object_component id="oc-11f">
         <name>.text</name>
         <load_address>0x200078e4</load_address>
         <run_address>0x200078e4</run_address>
         <size>0x100</size>
         <input_file_ref idref="fl-5"/>
      </object_component>
      <object_component id="oc-3b7">
         <name>.text</name>
         <load_address>0x200079e4</load_address>
         <run_address>0x200079e4</run_address>
         <size>0xfc</size>
         <input_file_ref idref="fl-db"/>
      </object_component>
      <object_component id="oc-1c8">
         <name>.text:free</name>
         <load_address>0x20007ae0</load_address>
         <run_address>0x20007ae0</run_address>
         <size>0xe4</size>
         <input_file_ref idref="fl-d3"/>
      </object_component>
      <object_component id="oc-1c2">
         <name>.text:realloc</name>
         <load_address>0x20007bc4</load_address>
         <run_address>0x20007bc4</run_address>
         <size>0xe4</size>
         <input_file_ref idref="fl-d3"/>
      </object_component>
      <object_component id="oc-3fc">
         <name>.text:scalbn</name>
         <load_address>0x20007ca8</load_address>
         <run_address>0x20007ca8</run_address>
         <size>0xd0</size>
         <input_file_ref idref="fl-ed"/>
      </object_component>
      <object_component id="oc-33e">
         <name>.text:_ltostr</name>
         <load_address>0x20007d78</load_address>
         <run_address>0x20007d78</run_address>
         <size>0xb1</size>
         <input_file_ref idref="fl-d6"/>
      </object_component>
      <object_component id="oc-113">
         <name>.text:IntEnable</name>
         <load_address>0x20007e2c</load_address>
         <run_address>0x20007e2c</run_address>
         <size>0xa8</size>
         <input_file_ref idref="fl-f"/>
      </object_component>
      <object_component id="oc-ef">
         <name>.text:SPIConfigSetExpClk</name>
         <load_address>0x20007ed4</load_address>
         <run_address>0x20007ed4</run_address>
         <size>0xa0</size>
         <input_file_ref idref="fl-12"/>
      </object_component>
      <object_component id="oc-3d">
         <name>.text</name>
         <load_address>0x20007f74</load_address>
         <run_address>0x20007f74</run_address>
         <size>0x9c</size>
         <input_file_ref idref="fl-cd"/>
      </object_component>
      <object_component id="oc-3b0">
         <name>.text</name>
         <load_address>0x20008010</load_address>
         <run_address>0x20008010</run_address>
         <size>0x96</size>
         <input_file_ref idref="fl-ce"/>
      </object_component>
      <object_component id="oc-e9">
         <name>.text:PRCMPeripheralClockGet</name>
         <load_address>0x200080a8</load_address>
         <run_address>0x200080a8</run_address>
         <size>0x94</size>
         <input_file_ref idref="fl-11"/>
      </object_component>
      <object_component id="oc-2f1">
         <name>.text:PinConfigSet</name>
         <load_address>0x2000813c</load_address>
         <run_address>0x2000813c</run_address>
         <size>0x88</size>
         <input_file_ref idref="fl-10"/>
      </object_component>
      <object_component id="oc-344">
         <name>.text:__aeabi_cdcmple</name>
         <load_address>0x200081c4</load_address>
         <run_address>0x200081c4</run_address>
         <size>0x86</size>
         <input_file_ref idref="fl-d9"/>
      </object_component>
      <object_component id="oc-3c1">
         <name>.text:__aeabi_cdrcmple</name>
         <load_address>0x2000824a</load_address>
         <run_address>0x2000824a</run_address>
         <size>0x86</size>
         <input_file_ref idref="fl-d9"/>
      </object_component>
      <object_component id="oc-c5">
         <name>.text:SPIIntStatus</name>
         <load_address>0x200082d0</load_address>
         <run_address>0x200082d0</run_address>
         <size>0x7c</size>
         <input_file_ref idref="fl-12"/>
      </object_component>
      <object_component id="oc-8b">
         <name>.text</name>
         <load_address>0x2000834c</load_address>
         <run_address>0x2000834c</run_address>
         <size>0x7a</size>
         <input_file_ref idref="fl-de"/>
      </object_component>
      <object_component id="oc-192">
         <name>.text:UARTConfigSetExpClk</name>
         <load_address>0x200083c6</load_address>
         <run_address>0x200083c6</run_address>
         <size>0x76</size>
         <input_file_ref idref="fl-13"/>
      </object_component>
      <object_component id="oc-2be">
         <name>.text:split</name>
         <load_address>0x2000843c</load_address>
         <run_address>0x2000843c</run_address>
         <size>0x70</size>
         <input_file_ref idref="fl-d3"/>
      </object_component>
      <object_component id="oc-3e1">
         <name>.text:_mcpy</name>
         <load_address>0x200084ac</load_address>
         <run_address>0x200084ac</run_address>
         <size>0x6e</size>
         <input_file_ref idref="fl-d6"/>
      </object_component>
      <object_component id="oc-15">
         <name>.text:decompress:lzss:__TI_decompress_lzss</name>
         <load_address>0x2000851a</load_address>
         <run_address>0x2000851a</run_address>
         <size>0x68</size>
         <input_file_ref idref="fl-d1"/>
      </object_component>
      <object_component id="oc-3f6">
         <name>.text:frexp</name>
         <load_address>0x20008584</load_address>
         <run_address>0x20008584</run_address>
         <size>0x5c</size>
         <input_file_ref idref="fl-ec"/>
      </object_component>
      <object_component id="oc-12b">
         <name>.text:PRCMPeripheralReset</name>
         <load_address>0x200085e0</load_address>
         <run_address>0x200085e0</run_address>
         <size>0x58</size>
         <input_file_ref idref="fl-11"/>
      </object_component>
      <object_component id="oc-34f">
         <name>.text:_pconv_f</name>
         <load_address>0x20008638</load_address>
         <run_address>0x20008638</run_address>
         <size>0x56</size>
         <input_file_ref idref="fl-d6"/>
      </object_component>
      <object_component id="oc-3cb">
         <name>.text:__TI_ltoa</name>
         <load_address>0x2000868e</load_address>
         <run_address>0x2000868e</run_address>
         <size>0x54</size>
         <input_file_ref idref="fl-e4"/>
      </object_component>
      <object_component id="oc-3db">
         <name>.text:_ecpy</name>
         <load_address>0x200086e2</load_address>
         <run_address>0x200086e2</run_address>
         <size>0x52</size>
         <input_file_ref idref="fl-d6"/>
      </object_component>
      <object_component id="oc-101">
         <name>.text:SPIIntEnable</name>
         <load_address>0x20008734</load_address>
         <run_address>0x20008734</run_address>
         <size>0x4c</size>
         <input_file_ref idref="fl-12"/>
      </object_component>
      <object_component id="oc-1e1">
         <name>.text:SPIIntNumberGet</name>
         <load_address>0x20008780</load_address>
         <run_address>0x20008780</run_address>
         <size>0x4c</size>
         <input_file_ref idref="fl-12"/>
      </object_component>
      <object_component id="oc-338">
         <name>.text:atoi</name>
         <load_address>0x200087cc</load_address>
         <run_address>0x200087cc</run_address>
         <size>0x4c</size>
         <input_file_ref idref="fl-e6"/>
      </object_component>
      <object_component id="oc-cb">
         <name>.text:SPIIntClear</name>
         <load_address>0x20008818</load_address>
         <run_address>0x20008818</run_address>
         <size>0x48</size>
         <input_file_ref idref="fl-12"/>
      </object_component>
      <object_component id="oc-3c6">
         <name>.text</name>
         <load_address>0x20008860</load_address>
         <run_address>0x20008860</run_address>
         <size>0x48</size>
         <input_file_ref idref="fl-dc"/>
      </object_component>
      <object_component id="oc-182">
         <name>.text:SPIDmaMaskGet</name>
         <load_address>0x200088a8</load_address>
         <run_address>0x200088a8</run_address>
         <size>0x44</size>
         <input_file_ref idref="fl-12"/>
      </object_component>
      <object_component id="oc-150">
         <name>.text:__TI_auto_init_nobinit_nopinit:__TI_auto_init_nobinit_nopinit</name>
         <load_address>0x200088ec</load_address>
         <run_address>0x200088ec</run_address>
         <size>0x44</size>
         <input_file_ref idref="fl-df"/>
      </object_component>
      <object_component id="oc-214">
         <name>.text:PinModeSet</name>
         <load_address>0x20008930</load_address>
         <run_address>0x20008930</run_address>
         <size>0x40</size>
         <input_file_ref idref="fl-10"/>
      </object_component>
      <object_component id="oc-19e">
         <name>.text:vsnprintf</name>
         <load_address>0x20008970</load_address>
         <run_address>0x20008970</run_address>
         <size>0x40</size>
         <input_file_ref idref="fl-cc"/>
      </object_component>
      <object_component id="oc-3ee">
         <name>.text:_fcpy</name>
         <load_address>0x200089b0</load_address>
         <run_address>0x200089b0</run_address>
         <size>0x3e</size>
         <input_file_ref idref="fl-d6"/>
      </object_component>
      <object_component id="oc-125">
         <name>.text:PRCMPeripheralClkEnable</name>
         <load_address>0x200089f0</load_address>
         <run_address>0x200089f0</run_address>
         <size>0x3c</size>
         <input_file_ref idref="fl-11"/>
      </object_component>
      <object_component id="oc-220">
         <name>.text:GPIODirModeSet</name>
         <load_address>0x20008a2c</load_address>
         <run_address>0x20008a2c</run_address>
         <size>0x36</size>
         <input_file_ref idref="fl-e"/>
      </object_component>
      <object_component id="oc-21a">
         <name>.text:PinTypeGPIO</name>
         <load_address>0x20008a62</load_address>
         <run_address>0x20008a62</run_address>
         <size>0x30</size>
         <input_file_ref idref="fl-10"/>
      </object_component>
      <object_component id="oc-27f">
         <name>.text:UARTDisable</name>
         <load_address>0x20008a94</load_address>
         <run_address>0x20008a94</run_address>
         <size>0x30</size>
         <input_file_ref idref="fl-13"/>
      </object_component>
      <object_component id="oc-293">
         <name>.text:_outs</name>
         <load_address>0x20008ac4</load_address>
         <run_address>0x20008ac4</run_address>
         <size>0x30</size>
         <input_file_ref idref="fl-cc"/>
      </object_component>
      <object_component id="oc-3d1">
         <name>.text</name>
         <load_address>0x20008af4</load_address>
         <run_address>0x20008af4</run_address>
         <size>0x2e</size>
         <input_file_ref idref="fl-dd"/>
      </object_component>
      <object_component id="oc-1fb">
         <name>.text:PRCMSysResetCauseGet</name>
         <load_address>0x20008b24</load_address>
         <run_address>0x20008b24</run_address>
         <size>0x2c</size>
         <input_file_ref idref="fl-11"/>
      </object_component>
      <object_component id="oc-d7">
         <name>.text:SPIDataGetNonBlocking</name>
         <load_address>0x20008b50</load_address>
         <run_address>0x20008b50</run_address>
         <size>0x2a</size>
         <input_file_ref idref="fl-12"/>
      </object_component>
      <object_component id="oc-20d">
         <name>.text:PRCMPeripheralClkDisable</name>
         <load_address>0x20008b7c</load_address>
         <run_address>0x20008b7c</run_address>
         <size>0x28</size>
         <input_file_ref idref="fl-11"/>
      </object_component>
      <object_component id="oc-2c5">
         <name>.text:free_list_insert</name>
         <load_address>0x20008ba4</load_address>
         <run_address>0x20008ba4</run_address>
         <size>0x28</size>
         <input_file_ref idref="fl-d3"/>
      </object_component>
      <object_component id="oc-1b6">
         <name>.text:memmove</name>
         <load_address>0x20008bcc</load_address>
         <run_address>0x20008bcc</run_address>
         <size>0x28</size>
         <input_file_ref idref="fl-d2"/>
      </object_component>
      <object_component id="oc-285">
         <name>.text:UARTEnable</name>
         <load_address>0x20008bf4</load_address>
         <run_address>0x20008bf4</run_address>
         <size>0x24</size>
         <input_file_ref idref="fl-13"/>
      </object_component>
      <object_component id="oc-5b">
         <name>.text:_c_int00_noargs:_c_int00_noargs</name>
         <load_address>0x20008c18</load_address>
         <run_address>0x20008c18</run_address>
         <size>0x24</size>
         <input_file_ref idref="fl-d5"/>
      </object_component>
      <object_component id="oc-e3">
         <name>.text:SPIReset</name>
         <load_address>0x20008c3c</load_address>
         <run_address>0x20008c3c</run_address>
         <size>0x22</size>
         <input_file_ref idref="fl-12"/>
      </object_component>
      <object_component id="oc-239">
         <name>.text:GPIOPinWrite</name>
         <load_address>0x20008c5e</load_address>
         <run_address>0x20008c5e</run_address>
         <size>0x20</size>
         <input_file_ref idref="fl-e"/>
      </object_component>
      <object_component id="oc-1e7">
         <name>.text:IntRegister</name>
         <load_address>0x20008c80</load_address>
         <run_address>0x20008c80</run_address>
         <size>0x20</size>
         <input_file_ref idref="fl-f"/>
      </object_component>
      <object_component id="oc-23f">
         <name>.text:SPIDataGet</name>
         <load_address>0x20008ca0</load_address>
         <run_address>0x20008ca0</run_address>
         <size>0x20</size>
         <input_file_ref idref="fl-12"/>
      </object_component>
      <object_component id="oc-d1">
         <name>.text:SPIDataPut</name>
         <load_address>0x20008cc0</load_address>
         <run_address>0x20008cc0</run_address>
         <size>0x1e</size>
         <input_file_ref idref="fl-12"/>
      </object_component>
      <object_component id="oc-fb">
         <name>.text:SPIIntRegister</name>
         <load_address>0x20008cde</load_address>
         <run_address>0x20008cde</run_address>
         <size>0x1e</size>
         <input_file_ref idref="fl-12"/>
      </object_component>
      <object_component id="oc-198">
         <name>.text:UARTCharPut</name>
         <load_address>0x20008cfc</load_address>
         <run_address>0x20008cfc</run_address>
         <size>0x1e</size>
         <input_file_ref idref="fl-13"/>
      </object_component>
      <object_component id="oc-1aa">
         <name>.text:UARTCharGetNonBlocking</name>
         <load_address>0x20008d1a</load_address>
         <run_address>0x20008d1a</run_address>
         <size>0x1c</size>
         <input_file_ref idref="fl-13"/>
      </object_component>
      <object_component id="oc-49">
         <name>.text:decompress:ZI:__TI_zero_init_nomemset:__TI_zero_init_nomemset</name>
         <load_address>0x20008d36</load_address>
         <run_address>0x20008d36</run_address>
         <size>0x1c</size>
         <input_file_ref idref="fl-cf"/>
      </object_component>
      <object_component id="oc-2b8">
         <name>.text:free_list_remove</name>
         <load_address>0x20008d54</load_address>
         <run_address>0x20008d54</run_address>
         <size>0x1c</size>
         <input_file_ref idref="fl-d3"/>
      </object_component>
      <object_component id="oc-361">
         <name>.text:memccpy</name>
         <load_address>0x20008d70</load_address>
         <run_address>0x20008d70</run_address>
         <size>0x1c</size>
         <input_file_ref idref="fl-e8"/>
      </object_component>
      <object_component id="oc-226">
         <name>.text:PinTypeUART</name>
         <load_address>0x20008d8c</load_address>
         <run_address>0x20008d8c</run_address>
         <size>0x1a</size>
         <input_file_ref idref="fl-10"/>
      </object_component>
      <object_component id="oc-245">
         <name>.text:SPICSDisable</name>
         <load_address>0x20008da6</load_address>
         <run_address>0x20008da6</run_address>
         <size>0x18</size>
         <input_file_ref idref="fl-12"/>
      </object_component>
      <object_component id="oc-233">
         <name>.text:SPICSEnable</name>
         <load_address>0x20008dbe</load_address>
         <run_address>0x20008dbe</run_address>
         <size>0x18</size>
         <input_file_ref idref="fl-12"/>
      </object_component>
      <object_component id="oc-f5">
         <name>.text:SPIEnable</name>
         <load_address>0x20008dd6</load_address>
         <run_address>0x20008dd6</run_address>
         <size>0x18</size>
         <input_file_ref idref="fl-12"/>
      </object_component>
      <object_component id="oc-1a4">
         <name>.text:UARTCharsAvail</name>
         <load_address>0x20008dee</load_address>
         <run_address>0x20008dee</run_address>
         <size>0x18</size>
         <input_file_ref idref="fl-13"/>
      </object_component>
      <object_component id="oc-299">
         <name>.text:_outc</name>
         <load_address>0x20008e06</load_address>
         <run_address>0x20008e06</run_address>
         <size>0x18</size>
         <input_file_ref idref="fl-cc"/>
      </object_component>
      <object_component id="oc-201">
         <name>.text:PRCMHIBRegRead</name>
         <load_address>0x20008e1e</load_address>
         <run_address>0x20008e1e</run_address>
         <size>0x16</size>
         <input_file_ref idref="fl-11"/>
      </object_component>
      <object_component id="oc-207">
         <name>.text:PRCMHIBRegWrite</name>
         <load_address>0x20008e34</load_address>
         <run_address>0x20008e34</run_address>
         <size>0x16</size>
         <input_file_ref idref="fl-11"/>
      </object_component>
      <object_component id="oc-402">
         <name>.text:strchr</name>
         <load_address>0x20008e4a</load_address>
         <run_address>0x20008e4a</run_address>
         <size>0x16</size>
         <input_file_ref idref="fl-e9"/>
      </object_component>
      <object_component id="oc-1f0">
         <name>.text:CPUcpsie</name>
         <load_address>0x20008e60</load_address>
         <run_address>0x20008e60</run_address>
         <size>0x14</size>
         <input_file_ref idref="fl-15"/>
      </object_component>
      <object_component id="oc-107">
         <name>.text:IntVTableBaseSet</name>
         <load_address>0x20008e74</load_address>
         <run_address>0x20008e74</run_address>
         <size>0x14</size>
         <input_file_ref idref="fl-f"/>
      </object_component>
      <object_component id="oc-1b0">
         <name>.text:strlen</name>
         <load_address>0x20008e88</load_address>
         <run_address>0x20008e88</run_address>
         <size>0x14</size>
         <input_file_ref idref="fl-d4"/>
      </object_component>
      <object_component id="oc-367">
         <name>.text:wcslen</name>
         <load_address>0x20008e9c</load_address>
         <run_address>0x20008e9c</run_address>
         <size>0x12</size>
         <input_file_ref idref="fl-eb"/>
      </object_component>
      <object_component id="oc-1b">
         <name>.text:decompress:none:__TI_decompress_none</name>
         <load_address>0x20008eae</load_address>
         <run_address>0x20008eae</run_address>
         <size>0xe</size>
         <input_file_ref idref="fl-d0"/>
      </object_component>
      <object_component id="oc-29">
         <name>.text</name>
         <load_address>0x20008ebc</load_address>
         <run_address>0x20008ebc</run_address>
         <size>0xe</size>
         <input_file_ref idref="fl-6"/>
      </object_component>
      <object_component id="oc-445">
         <name>.text:copysign</name>
         <load_address>0x20008eca</load_address>
         <run_address>0x20008eca</run_address>
         <size>0xc</size>
         <input_file_ref idref="fl-ee"/>
      </object_component>
      <object_component id="oc-10d">
         <name>.text:IntMasterEnable</name>
         <load_address>0x20008ed6</load_address>
         <run_address>0x20008ed6</run_address>
         <size>0xa</size>
         <input_file_ref idref="fl-f"/>
      </object_component>
      <object_component id="oc-36d">
         <name>.text:__aeabi_errno_addr</name>
         <load_address>0x20008ee0</load_address>
         <run_address>0x20008ee0</run_address>
         <size>0x8</size>
         <input_file_ref idref="fl-ea"/>
      </object_component>
      <object_component id="oc-1bc">
         <name>.text:malloc</name>
         <load_address>0x20008ee8</load_address>
         <run_address>0x20008ee8</run_address>
         <size>0x8</size>
         <input_file_ref idref="fl-d3"/>
      </object_component>
      <object_component id="oc-2e9">
         <name>.text:UtilsDelay</name>
         <load_address>0x20008ef0</load_address>
         <run_address>0x20008ef0</run_address>
         <size>0x6</size>
         <input_file_ref idref="fl-14"/>
      </object_component>
      <object_component id="oc-91">
         <name>.text:_system_pre_init</name>
         <load_address>0x20008ef6</load_address>
         <run_address>0x20008ef6</run_address>
         <size>0x4</size>
         <input_file_ref idref="fl-e0"/>
      </object_component>
      <object_component id="oc-144">
         <name>.text:abort:abort</name>
         <load_address>0x20008efa</load_address>
         <run_address>0x20008efa</run_address>
         <size>0x4</size>
         <input_file_ref idref="fl-e2"/>
      </object_component>
      <object_component id="oc-309">
         <name>.const:.string:font</name>
         <load_address>0x20008f00</load_address>
         <run_address>0x20008f00</run_address>
         <size>0x4fb</size>
         <input_file_ref idref="fl-2"/>
      </object_component>
      <object_component id="oc-3ab">
         <name>.const:.string:_ctypes_</name>
         <load_address>0x200093fb</load_address>
         <run_address>0x200093fb</run_address>
         <size>0x101</size>
         <input_file_ref idref="fl-e7"/>
      </object_component>
      <object_component id="oc-2ed">
         <name>.const:g_ulPinToPadMap</name>
         <load_address>0x200094fc</load_address>
         <run_address>0x200094fc</run_address>
         <size>0x100</size>
         <input_file_ref idref="fl-10"/>
      </object_component>
      <object_component id="oc-22d">
         <name>.const:PRCM_PeriphRegsList</name>
         <load_address>0x200095fc</load_address>
         <run_address>0x200095fc</run_address>
         <size>0xa8</size>
         <input_file_ref idref="fl-11"/>
      </object_component>
      <object_component id="oc-2df">
         <name>.const:g_ppulSPIIntMap</name>
         <load_address>0x200096a4</load_address>
         <run_address>0x200096a4</run_address>
         <size>0x24</size>
         <input_file_ref idref="fl-12"/>
      </object_component>
      <object_component id="oc-1f7">
         <name>.const:g_pulEnRegs</name>
         <load_address>0x200096c8</load_address>
         <run_address>0x200096c8</run_address>
         <size>0x18</size>
         <input_file_ref idref="fl-f"/>
      </object_component>
      <object_component id="oc-279">
         <name>.const:g_ulSPIDmaMaskMap</name>
         <load_address>0x200096e0</load_address>
         <run_address>0x200096e0</run_address>
         <size>0x18</size>
         <input_file_ref idref="fl-12"/>
      </object_component>
      <object_component id="oc-49d">
         <name>.cinit..data.load</name>
         <load_address>0x200096f8</load_address>
         <run_address>0x200096f8</run_address>
         <size>0x20</size>
      </object_component>
      <object_component id="oc-49b">
         <name>__TI_handler_table</name>
         <load_address>0x20009718</load_address>
         <run_address>0x20009718</run_address>
         <size>0xc</size>
      </object_component>
      <object_component id="oc-49e">
         <name>.cinit..bss.load</name>
         <load_address>0x20009728</load_address>
         <run_address>0x20009728</run_address>
         <size>0x8</size>
      </object_component>
      <object_component id="oc-49c">
         <name>__TI_cinit_table</name>
         <load_address>0x20009730</load_address>
         <run_address>0x20009730</run_address>
         <size>0x10</size>
      </object_component>
      <object_component id="oc-30c">
         <name>.data</name>
         <load_address>0x2001786c</load_address>
         <run_address>0x2001786c</run_address>
         <size>0x15</size>
         <input_file_ref idref="fl-2"/>
      </object_component>
      <object_component id="oc-387">
         <name>.data:$O1$$</name>
         <load_address>0x2001788c</load_address>
         <run_address>0x2001788c</run_address>
         <size>0x8</size>
         <input_file_ref idref="fl-d3"/>
      </object_component>
      <object_component id="oc-25d">
         <name>.data:$O1$$</name>
         <load_address>0x20017884</load_address>
         <run_address>0x20017884</run_address>
         <size>0x8</size>
         <input_file_ref idref="fl-e3"/>
      </object_component>
      <object_component id="oc-412">
         <name>.data</name>
         <load_address>0x20017894</load_address>
         <run_address>0x20017894</run_address>
         <size>0x4</size>
         <input_file_ref idref="fl-ea"/>
      </object_component>
      <object_component id="oc-13d">
         <name>.bss:g_ucTxBuff</name>
         <uninitialized>true</uninitialized>
         <run_address>0x20017800</run_address>
         <size>0x64</size>
         <input_file_ref idref="fl-4"/>
      </object_component>
      <object_component id="oc-140">
         <name>.bss</name>
         <uninitialized>true</uninitialized>
         <run_address>0x20017868</run_address>
         <size>0x2</size>
         <input_file_ref idref="fl-4"/>
      </object_component>
      <object_component id="oc-1ce">
         <name>.bss</name>
         <uninitialized>true</uninitialized>
         <run_address>0x20017864</run_address>
         <size>0x4</size>
         <input_file_ref idref="fl-8"/>
      </object_component>
      <object_component id="oc-23">
         <name>.sysmem</name>
         <uninitialized>true</uninitialized>
         <run_address>0x20017000</run_address>
         <size>0x10</size>
         <input_file_ref idref="fl-d3"/>
      </object_component>
      <object_component id="oc-4a1">
         <name>.sysmem</name>
         <uninitialized>true</uninitialized>
         <run_address>0x20017000</run_address>
         <size>0x0</size>
      </object_component>
      <object_component id="oc-26">
         <name>.stack</name>
         <uninitialized>true</uninitialized>
         <run_address>0x2002f800</run_address>
         <size>0x4</size>
         <input_file_ref idref="fl-d5"/>
      </object_component>
      <object_component id="oc-4a0">
         <name>.stack</name>
         <uninitialized>true</uninitialized>
         <run_address>0x2002f800</run_address>
         <size>0x0</size>
      </object_component>
      <object_component id="oc-310">
         <name>.debug_info</name>
         <load_address>0x0</load_address>
         <run_address>0x0</run_address>
         <size>0x218</size>
         <input_file_ref idref="fl-2"/>
      </object_component>
      <object_component id="oc-30a">
         <name>.debug_info</name>
         <load_address>0x218</load_address>
         <run_address>0x218</run_address>
         <size>0xca</size>
         <input_file_ref idref="fl-2"/>
      </object_component>
      <object_component id="oc-30d">
         <name>.debug_info</name>
         <load_address>0x2e2</load_address>
         <run_address>0x2e2</run_address>
         <size>0x178</size>
         <input_file_ref idref="fl-2"/>
      </object_component>
      <object_component id="oc-251">
         <name>.debug_info</name>
         <load_address>0x45a</load_address>
         <run_address>0x45a</run_address>
         <size>0x1536</size>
         <input_file_ref idref="fl-2"/>
      </object_component>
      <object_component id="oc-38">
         <name>.debug_info</name>
         <load_address>0x1990</load_address>
         <run_address>0x1990</run_address>
         <size>0x84</size>
         <input_file_ref idref="fl-2"/>
      </object_component>
      <object_component id="oc-24c">
         <name>.debug_info</name>
         <load_address>0x1a14</load_address>
         <run_address>0x1a14</run_address>
         <size>0x231</size>
         <input_file_ref idref="fl-3"/>
      </object_component>
      <object_component id="oc-134">
         <name>.debug_info</name>
         <load_address>0x1c45</load_address>
         <run_address>0x1c45</run_address>
         <size>0xe59</size>
         <input_file_ref idref="fl-3"/>
      </object_component>
      <object_component id="oc-2d0">
         <name>.debug_info</name>
         <load_address>0x2a9e</load_address>
         <run_address>0x2a9e</run_address>
         <size>0x26b</size>
         <input_file_ref idref="fl-3"/>
      </object_component>
      <object_component id="oc-2fe">
         <name>.debug_info</name>
         <load_address>0x2d09</load_address>
         <run_address>0x2d09</run_address>
         <size>0x62</size>
         <input_file_ref idref="fl-3"/>
      </object_component>
      <object_component id="oc-2da">
         <name>.debug_info</name>
         <load_address>0x2d6b</load_address>
         <run_address>0x2d6b</run_address>
         <size>0x2a4</size>
         <input_file_ref idref="fl-3"/>
      </object_component>
      <object_component id="oc-189">
         <name>.debug_info</name>
         <load_address>0x300f</load_address>
         <run_address>0x300f</run_address>
         <size>0x2c</size>
         <input_file_ref idref="fl-3"/>
      </object_component>
      <object_component id="oc-bc">
         <name>.debug_info</name>
         <load_address>0x303b</load_address>
         <run_address>0x303b</run_address>
         <size>0x2c</size>
         <input_file_ref idref="fl-3"/>
      </object_component>
      <object_component id="oc-1d3">
         <name>.debug_info</name>
         <load_address>0x3067</load_address>
         <run_address>0x3067</run_address>
         <size>0x2c</size>
         <input_file_ref idref="fl-3"/>
      </object_component>
      <object_component id="oc-2d5">
         <name>.debug_info</name>
         <load_address>0x3093</load_address>
         <run_address>0x3093</run_address>
         <size>0x35</size>
         <input_file_ref idref="fl-3"/>
      </object_component>
      <object_component id="oc-256">
         <name>.debug_info</name>
         <load_address>0x30c8</load_address>
         <run_address>0x30c8</run_address>
         <size>0x778</size>
         <input_file_ref idref="fl-4"/>
      </object_component>
      <object_component id="oc-13e">
         <name>.debug_info</name>
         <load_address>0x3840</load_address>
         <run_address>0x3840</run_address>
         <size>0xce</size>
         <input_file_ref idref="fl-4"/>
      </object_component>
      <object_component id="oc-141">
         <name>.debug_info</name>
         <load_address>0x390e</load_address>
         <run_address>0x390e</run_address>
         <size>0xf6</size>
         <input_file_ref idref="fl-4"/>
      </object_component>
      <object_component id="oc-98">
         <name>.debug_info</name>
         <load_address>0x3a04</load_address>
         <run_address>0x3a04</run_address>
         <size>0x71d</size>
         <input_file_ref idref="fl-4"/>
      </object_component>
      <object_component id="oc-120">
         <name>.debug_info</name>
         <load_address>0x4121</load_address>
         <run_address>0x4121</run_address>
         <size>0x340</size>
         <input_file_ref idref="fl-5"/>
      </object_component>
      <object_component id="oc-31">
         <name>.debug_info</name>
         <load_address>0x4461</load_address>
         <run_address>0x4461</run_address>
         <size>0x188</size>
         <input_file_ref idref="fl-6"/>
      </object_component>
      <object_component id="oc-13">
         <name>.debug_info</name>
         <load_address>0x45e9</load_address>
         <run_address>0x45e9</run_address>
         <size>0x107</size>
         <input_file_ref idref="fl-6"/>
      </object_component>
      <object_component id="oc-2b">
         <name>.debug_info</name>
         <load_address>0x46f0</load_address>
         <run_address>0x46f0</run_address>
         <size>0x428</size>
         <input_file_ref idref="fl-6"/>
      </object_component>
      <object_component id="oc-139">
         <name>.debug_info</name>
         <load_address>0x4b18</load_address>
         <run_address>0x4b18</run_address>
         <size>0x1090</size>
         <input_file_ref idref="fl-7"/>
      </object_component>
      <object_component id="oc-1d2">
         <name>.debug_info</name>
         <load_address>0x5ba8</load_address>
         <run_address>0x5ba8</run_address>
         <size>0x3a6</size>
         <input_file_ref idref="fl-8"/>
      </object_component>
      <object_component id="oc-1cf">
         <name>.debug_info</name>
         <load_address>0x5f4e</load_address>
         <run_address>0x5f4e</run_address>
         <size>0xd1</size>
         <input_file_ref idref="fl-8"/>
      </object_component>
      <object_component id="oc-e1">
         <name>.debug_info</name>
         <load_address>0x601f</load_address>
         <run_address>0x601f</run_address>
         <size>0x637</size>
         <input_file_ref idref="fl-8"/>
      </object_component>
      <object_component id="oc-1d8">
         <name>.debug_info</name>
         <load_address>0x6656</load_address>
         <run_address>0x6656</run_address>
         <size>0x110</size>
         <input_file_ref idref="fl-8"/>
      </object_component>
      <object_component id="oc-224">
         <name>.debug_info</name>
         <load_address>0x6766</load_address>
         <run_address>0x6766</run_address>
         <size>0x1dd</size>
         <input_file_ref idref="fl-e"/>
      </object_component>
      <object_component id="oc-23d">
         <name>.debug_info</name>
         <load_address>0x6943</load_address>
         <run_address>0x6943</run_address>
         <size>0x1d4</size>
         <input_file_ref idref="fl-e"/>
      </object_component>
      <object_component id="oc-2e4">
         <name>.debug_info</name>
         <load_address>0x6b17</load_address>
         <run_address>0x6b17</run_address>
         <size>0x201</size>
         <input_file_ref idref="fl-f"/>
      </object_component>
      <object_component id="oc-1f8">
         <name>.debug_info</name>
         <load_address>0x6d18</load_address>
         <run_address>0x6d18</run_address>
         <size>0xf4</size>
         <input_file_ref idref="fl-f"/>
      </object_component>
      <object_component id="oc-10e">
         <name>.debug_info</name>
         <load_address>0x6e0c</load_address>
         <run_address>0x6e0c</run_address>
         <size>0x17c</size>
         <input_file_ref idref="fl-f"/>
      </object_component>
      <object_component id="oc-108">
         <name>.debug_info</name>
         <load_address>0x6f88</load_address>
         <run_address>0x6f88</run_address>
         <size>0x1ae</size>
         <input_file_ref idref="fl-f"/>
      </object_component>
      <object_component id="oc-1e8">
         <name>.debug_info</name>
         <load_address>0x7136</load_address>
         <run_address>0x7136</run_address>
         <size>0x1f8</size>
         <input_file_ref idref="fl-f"/>
      </object_component>
      <object_component id="oc-114">
         <name>.debug_info</name>
         <load_address>0x732e</load_address>
         <run_address>0x732e</run_address>
         <size>0x19f</size>
         <input_file_ref idref="fl-f"/>
      </object_component>
      <object_component id="oc-394">
         <name>.debug_info</name>
         <load_address>0x74cd</load_address>
         <run_address>0x74cd</run_address>
         <size>0x14e</size>
         <input_file_ref idref="fl-10"/>
      </object_component>
      <object_component id="oc-2ee">
         <name>.debug_info</name>
         <load_address>0x761b</load_address>
         <run_address>0x761b</run_address>
         <size>0xf6</size>
         <input_file_ref idref="fl-10"/>
      </object_component>
      <object_component id="oc-216">
         <name>.debug_info</name>
         <load_address>0x7711</load_address>
         <run_address>0x7711</run_address>
         <size>0x1bf</size>
         <input_file_ref idref="fl-10"/>
      </object_component>
      <object_component id="oc-2f5">
         <name>.debug_info</name>
         <load_address>0x78d0</load_address>
         <run_address>0x78d0</run_address>
         <size>0x20d</size>
         <input_file_ref idref="fl-10"/>
      </object_component>
      <object_component id="oc-228">
         <name>.debug_info</name>
         <load_address>0x7add</load_address>
         <run_address>0x7add</run_address>
         <size>0x1d4</size>
         <input_file_ref idref="fl-10"/>
      </object_component>
      <object_component id="oc-21e">
         <name>.debug_info</name>
         <load_address>0x7cb1</load_address>
         <run_address>0x7cb1</run_address>
         <size>0x222</size>
         <input_file_ref idref="fl-10"/>
      </object_component>
      <object_component id="oc-232">
         <name>.debug_info</name>
         <load_address>0x7ed3</load_address>
         <run_address>0x7ed3</run_address>
         <size>0x25e</size>
         <input_file_ref idref="fl-11"/>
      </object_component>
      <object_component id="oc-22e">
         <name>.debug_info</name>
         <load_address>0x8131</load_address>
         <run_address>0x8131</run_address>
         <size>0xff</size>
         <input_file_ref idref="fl-11"/>
      </object_component>
      <object_component id="oc-1fd">
         <name>.debug_info</name>
         <load_address>0x8230</load_address>
         <run_address>0x8230</run_address>
         <size>0x1a6</size>
         <input_file_ref idref="fl-11"/>
      </object_component>
      <object_component id="oc-127">
         <name>.debug_info</name>
         <load_address>0x83d6</load_address>
         <run_address>0x83d6</run_address>
         <size>0x1eb</size>
         <input_file_ref idref="fl-11"/>
      </object_component>
      <object_component id="oc-20f">
         <name>.debug_info</name>
         <load_address>0x85c1</load_address>
         <run_address>0x85c1</run_address>
         <size>0x1ed</size>
         <input_file_ref idref="fl-11"/>
      </object_component>
      <object_component id="oc-eb">
         <name>.debug_info</name>
         <load_address>0x87ae</load_address>
         <run_address>0x87ae</run_address>
         <size>0x216</size>
         <input_file_ref idref="fl-11"/>
      </object_component>
      <object_component id="oc-12d">
         <name>.debug_info</name>
         <load_address>0x89c4</load_address>
         <run_address>0x89c4</run_address>
         <size>0x1c0</size>
         <input_file_ref idref="fl-11"/>
      </object_component>
      <object_component id="oc-11a">
         <name>.debug_info</name>
         <load_address>0x8b84</load_address>
         <run_address>0x8b84</run_address>
         <size>0x283</size>
         <input_file_ref idref="fl-11"/>
      </object_component>
      <object_component id="oc-202">
         <name>.debug_info</name>
         <load_address>0x8e07</load_address>
         <run_address>0x8e07</run_address>
         <size>0x1bf</size>
         <input_file_ref idref="fl-11"/>
      </object_component>
      <object_component id="oc-208">
         <name>.debug_info</name>
         <load_address>0x8fc6</load_address>
         <run_address>0x8fc6</run_address>
         <size>0x1d4</size>
         <input_file_ref idref="fl-11"/>
      </object_component>
      <object_component id="oc-191">
         <name>.debug_info</name>
         <load_address>0x919a</load_address>
         <run_address>0x919a</run_address>
         <size>0x232</size>
         <input_file_ref idref="fl-12"/>
      </object_component>
      <object_component id="oc-2e0">
         <name>.debug_info</name>
         <load_address>0x93cc</load_address>
         <run_address>0x93cc</run_address>
         <size>0xf6</size>
         <input_file_ref idref="fl-12"/>
      </object_component>
      <object_component id="oc-27a">
         <name>.debug_info</name>
         <load_address>0x94c2</load_address>
         <run_address>0x94c2</run_address>
         <size>0xfa</size>
         <input_file_ref idref="fl-12"/>
      </object_component>
      <object_component id="oc-1e3">
         <name>.debug_info</name>
         <load_address>0x95bc</load_address>
         <run_address>0x95bc</run_address>
         <size>0x19c</size>
         <input_file_ref idref="fl-12"/>
      </object_component>
      <object_component id="oc-184">
         <name>.debug_info</name>
         <load_address>0x9758</load_address>
         <run_address>0x9758</run_address>
         <size>0x198</size>
         <input_file_ref idref="fl-12"/>
      </object_component>
      <object_component id="oc-f7">
         <name>.debug_info</name>
         <load_address>0x98f0</load_address>
         <run_address>0x98f0</run_address>
         <size>0x179</size>
         <input_file_ref idref="fl-12"/>
      </object_component>
      <object_component id="oc-e5">
         <name>.debug_info</name>
         <load_address>0x9a69</load_address>
         <run_address>0x9a69</run_address>
         <size>0x177</size>
         <input_file_ref idref="fl-12"/>
      </object_component>
      <object_component id="oc-f1">
         <name>.debug_info</name>
         <load_address>0x9be0</load_address>
         <run_address>0x9be0</run_address>
         <size>0x28e</size>
         <input_file_ref idref="fl-12"/>
      </object_component>
      <object_component id="oc-d9">
         <name>.debug_info</name>
         <load_address>0x9e6e</load_address>
         <run_address>0x9e6e</run_address>
         <size>0x1de</size>
         <input_file_ref idref="fl-12"/>
      </object_component>
      <object_component id="oc-241">
         <name>.debug_info</name>
         <load_address>0xa04c</load_address>
         <run_address>0xa04c</run_address>
         <size>0x1aa</size>
         <input_file_ref idref="fl-12"/>
      </object_component>
      <object_component id="oc-d3">
         <name>.debug_info</name>
         <load_address>0xa1f6</load_address>
         <run_address>0xa1f6</run_address>
         <size>0x1a6</size>
         <input_file_ref idref="fl-12"/>
      </object_component>
      <object_component id="oc-fd">
         <name>.debug_info</name>
         <load_address>0xa39c</load_address>
         <run_address>0xa39c</run_address>
         <size>0x20a</size>
         <input_file_ref idref="fl-12"/>
      </object_component>
      <object_component id="oc-104">
         <name>.debug_info</name>
         <load_address>0xa5a6</load_address>
         <run_address>0xa5a6</run_address>
         <size>0x1fc</size>
         <input_file_ref idref="fl-12"/>
      </object_component>
      <object_component id="oc-c8">
         <name>.debug_info</name>
         <load_address>0xa7a2</load_address>
         <run_address>0xa7a2</run_address>
         <size>0x218</size>
         <input_file_ref idref="fl-12"/>
      </object_component>
      <object_component id="oc-ce">
         <name>.debug_info</name>
         <load_address>0xa9ba</load_address>
         <run_address>0xa9ba</run_address>
         <size>0x1fa</size>
         <input_file_ref idref="fl-12"/>
      </object_component>
      <object_component id="oc-237">
         <name>.debug_info</name>
         <load_address>0xabb4</load_address>
         <run_address>0xabb4</run_address>
         <size>0x17d</size>
         <input_file_ref idref="fl-12"/>
      </object_component>
      <object_component id="oc-248">
         <name>.debug_info</name>
         <load_address>0xad31</load_address>
         <run_address>0xad31</run_address>
         <size>0x17f</size>
         <input_file_ref idref="fl-12"/>
      </object_component>
      <object_component id="oc-193">
         <name>.debug_info</name>
         <load_address>0xaeb0</load_address>
         <run_address>0xaeb0</run_address>
         <size>0x25c</size>
         <input_file_ref idref="fl-13"/>
      </object_component>
      <object_component id="oc-286">
         <name>.debug_info</name>
         <load_address>0xb10c</load_address>
         <run_address>0xb10c</run_address>
         <size>0x17e</size>
         <input_file_ref idref="fl-13"/>
      </object_component>
      <object_component id="oc-280">
         <name>.debug_info</name>
         <load_address>0xb28a</load_address>
         <run_address>0xb28a</run_address>
         <size>0x180</size>
         <input_file_ref idref="fl-13"/>
      </object_component>
      <object_component id="oc-1a5">
         <name>.debug_info</name>
         <load_address>0xb40a</load_address>
         <run_address>0xb40a</run_address>
         <size>0x18a</size>
         <input_file_ref idref="fl-13"/>
      </object_component>
      <object_component id="oc-1ab">
         <name>.debug_info</name>
         <load_address>0xb594</load_address>
         <run_address>0xb594</run_address>
         <size>0x19a</size>
         <input_file_ref idref="fl-13"/>
      </object_component>
      <object_component id="oc-199">
         <name>.debug_info</name>
         <load_address>0xb72e</load_address>
         <run_address>0xb72e</run_address>
         <size>0x1ab</size>
         <input_file_ref idref="fl-13"/>
      </object_component>
      <object_component id="oc-1f2">
         <name>.debug_info</name>
         <load_address>0xb8d9</load_address>
         <run_address>0xb8d9</run_address>
         <size>0x14e</size>
         <input_file_ref idref="fl-15"/>
      </object_component>
      <object_component id="oc-2a0">
         <name>.debug_info</name>
         <load_address>0xba27</load_address>
         <run_address>0xba27</run_address>
         <size>0x212</size>
         <input_file_ref idref="fl-cc"/>
      </object_component>
      <object_component id="oc-19f">
         <name>.debug_info</name>
         <load_address>0xbc39</load_address>
         <run_address>0xbc39</run_address>
         <size>0x208</size>
         <input_file_ref idref="fl-cc"/>
      </object_component>
      <object_component id="oc-294">
         <name>.debug_info</name>
         <load_address>0xbe41</load_address>
         <run_address>0xbe41</run_address>
         <size>0x1c6</size>
         <input_file_ref idref="fl-cc"/>
      </object_component>
      <object_component id="oc-29a">
         <name>.debug_info</name>
         <load_address>0xc007</load_address>
         <run_address>0xc007</run_address>
         <size>0x179</size>
         <input_file_ref idref="fl-cc"/>
      </object_component>
      <object_component id="oc-2a1">
         <name>.debug_info</name>
         <load_address>0xc180</load_address>
         <run_address>0xc180</run_address>
         <size>0x2c</size>
         <input_file_ref idref="fl-cc"/>
      </object_component>
      <object_component id="oc-2a6">
         <name>.debug_info</name>
         <load_address>0xc1ac</load_address>
         <run_address>0xc1ac</run_address>
         <size>0x69</size>
         <input_file_ref idref="fl-cc"/>
      </object_component>
      <object_component id="oc-3f">
         <name>.debug_info</name>
         <load_address>0xc215</load_address>
         <run_address>0xc215</run_address>
         <size>0x119</size>
         <input_file_ref idref="fl-cd"/>
      </object_component>
      <object_component id="oc-3b2">
         <name>.debug_info</name>
         <load_address>0xc32e</load_address>
         <run_address>0xc32e</run_address>
         <size>0x134</size>
         <input_file_ref idref="fl-ce"/>
      </object_component>
      <object_component id="oc-8a">
         <name>.debug_info</name>
         <load_address>0xc462</load_address>
         <run_address>0xc462</run_address>
         <size>0x1a6</size>
         <input_file_ref idref="fl-cf"/>
      </object_component>
      <object_component id="oc-4b">
         <name>.debug_info</name>
         <load_address>0xc608</load_address>
         <run_address>0xc608</run_address>
         <size>0x1d2</size>
         <input_file_ref idref="fl-cf"/>
      </object_component>
      <object_component id="oc-85">
         <name>.debug_info</name>
         <load_address>0xc7da</load_address>
         <run_address>0xc7da</run_address>
         <size>0x46</size>
         <input_file_ref idref="fl-cf"/>
      </object_component>
      <object_component id="oc-48">
         <name>.debug_info</name>
         <load_address>0xc820</load_address>
         <run_address>0xc820</run_address>
         <size>0x17a</size>
         <input_file_ref idref="fl-d0"/>
      </object_component>
      <object_component id="oc-1e">
         <name>.debug_info</name>
         <load_address>0xc99a</load_address>
         <run_address>0xc99a</run_address>
         <size>0x1ea</size>
         <input_file_ref idref="fl-d0"/>
      </object_component>
      <object_component id="oc-43">
         <name>.debug_info</name>
         <load_address>0xcb84</load_address>
         <run_address>0xcb84</run_address>
         <size>0x46</size>
         <input_file_ref idref="fl-d0"/>
      </object_component>
      <object_component id="oc-7d">
         <name>.debug_info</name>
         <load_address>0xcbca</load_address>
         <run_address>0xcbca</run_address>
         <size>0x2c</size>
         <input_file_ref idref="fl-d0"/>
      </object_component>
      <object_component id="oc-7b">
         <name>.debug_info</name>
         <load_address>0xcbf6</load_address>
         <run_address>0xcbf6</run_address>
         <size>0x170</size>
         <input_file_ref idref="fl-d1"/>
      </object_component>
      <object_component id="oc-18">
         <name>.debug_info</name>
         <load_address>0xcd66</load_address>
         <run_address>0xcd66</run_address>
         <size>0x250</size>
         <input_file_ref idref="fl-d1"/>
      </object_component>
      <object_component id="oc-33">
         <name>.debug_info</name>
         <load_address>0xcfb6</load_address>
         <run_address>0xcfb6</run_address>
         <size>0x60</size>
         <input_file_ref idref="fl-d1"/>
      </object_component>
      <object_component id="oc-b5">
         <name>.debug_info</name>
         <load_address>0xd016</load_address>
         <run_address>0xd016</run_address>
         <size>0x46</size>
         <input_file_ref idref="fl-d1"/>
      </object_component>
      <object_component id="oc-76">
         <name>.debug_info</name>
         <load_address>0xd05c</load_address>
         <run_address>0xd05c</run_address>
         <size>0x39</size>
         <input_file_ref idref="fl-d1"/>
      </object_component>
      <object_component id="oc-2b0">
         <name>.debug_info</name>
         <load_address>0xd095</load_address>
         <run_address>0xd095</run_address>
         <size>0x172</size>
         <input_file_ref idref="fl-d2"/>
      </object_component>
      <object_component id="oc-1b8">
         <name>.debug_info</name>
         <load_address>0xd207</load_address>
         <run_address>0xd207</run_address>
         <size>0x1a9</size>
         <input_file_ref idref="fl-d2"/>
      </object_component>
      <object_component id="oc-6f">
         <name>.debug_info</name>
         <load_address>0xd3b0</load_address>
         <run_address>0xd3b0</run_address>
         <size>0x284</size>
         <input_file_ref idref="fl-d3"/>
      </object_component>
      <object_component id="oc-24">
         <name>.debug_info</name>
         <load_address>0xd634</load_address>
         <run_address>0xd634</run_address>
         <size>0x10c</size>
         <input_file_ref idref="fl-d3"/>
      </object_component>
      <object_component id="oc-388">
         <name>.debug_info</name>
         <load_address>0xd740</load_address>
         <run_address>0xd740</run_address>
         <size>0x13f</size>
         <input_file_ref idref="fl-d3"/>
      </object_component>
      <object_component id="oc-1be">
         <name>.debug_info</name>
         <load_address>0xd87f</load_address>
         <run_address>0xd87f</run_address>
         <size>0x168</size>
         <input_file_ref idref="fl-d3"/>
      </object_component>
      <object_component id="oc-2ba">
         <name>.debug_info</name>
         <load_address>0xd9e7</load_address>
         <run_address>0xd9e7</run_address>
         <size>0x18e</size>
         <input_file_ref idref="fl-d3"/>
      </object_component>
      <object_component id="oc-2c7">
         <name>.debug_info</name>
         <load_address>0xdb75</load_address>
         <run_address>0xdb75</run_address>
         <size>0x19f</size>
         <input_file_ref idref="fl-d3"/>
      </object_component>
      <object_component id="oc-1ca">
         <name>.debug_info</name>
         <load_address>0xdd14</load_address>
         <run_address>0xdd14</run_address>
         <size>0x203</size>
         <input_file_ref idref="fl-d3"/>
      </object_component>
      <object_component id="oc-2c0">
         <name>.debug_info</name>
         <load_address>0xdf17</load_address>
         <run_address>0xdf17</run_address>
         <size>0x1db</size>
         <input_file_ref idref="fl-d3"/>
      </object_component>
      <object_component id="oc-1c4">
         <name>.debug_info</name>
         <load_address>0xe0f2</load_address>
         <run_address>0xe0f2</run_address>
         <size>0x26e</size>
         <input_file_ref idref="fl-d3"/>
      </object_component>
      <object_component id="oc-2b2">
         <name>.debug_info</name>
         <load_address>0xe360</load_address>
         <run_address>0xe360</run_address>
         <size>0x299</size>
         <input_file_ref idref="fl-d3"/>
      </object_component>
      <object_component id="oc-b0">
         <name>.debug_info</name>
         <load_address>0xe5f9</load_address>
         <run_address>0xe5f9</run_address>
         <size>0xb2</size>
         <input_file_ref idref="fl-d3"/>
      </object_component>
      <object_component id="oc-ab">
         <name>.debug_info</name>
         <load_address>0xe6ab</load_address>
         <run_address>0xe6ab</run_address>
         <size>0x2c</size>
         <input_file_ref idref="fl-d3"/>
      </object_component>
      <object_component id="oc-2ae">
         <name>.debug_info</name>
         <load_address>0xe6d7</load_address>
         <run_address>0xe6d7</run_address>
         <size>0x161</size>
         <input_file_ref idref="fl-d4"/>
      </object_component>
      <object_component id="oc-1b3">
         <name>.debug_info</name>
         <load_address>0xe838</load_address>
         <run_address>0xe838</run_address>
         <size>0x245</size>
         <input_file_ref idref="fl-d4"/>
      </object_component>
      <object_component id="oc-27">
         <name>.debug_info</name>
         <load_address>0xea7d</load_address>
         <run_address>0xea7d</run_address>
         <size>0x10b</size>
         <input_file_ref idref="fl-d5"/>
      </object_component>
      <object_component id="oc-5c">
         <name>.debug_info</name>
         <load_address>0xeb88</load_address>
         <run_address>0xeb88</run_address>
         <size>0x1a9</size>
         <input_file_ref idref="fl-d5"/>
      </object_component>
      <object_component id="oc-374">
         <name>.debug_info</name>
         <load_address>0xed31</load_address>
         <run_address>0xed31</run_address>
         <size>0x462</size>
         <input_file_ref idref="fl-d6"/>
      </object_component>
      <object_component id="oc-33f">
         <name>.debug_info</name>
         <load_address>0xf193</load_address>
         <run_address>0xf193</run_address>
         <size>0x21e</size>
         <input_file_ref idref="fl-d6"/>
      </object_component>
      <object_component id="oc-3dc">
         <name>.debug_info</name>
         <load_address>0xf3b1</load_address>
         <run_address>0xf3b1</run_address>
         <size>0x1b3</size>
         <input_file_ref idref="fl-d6"/>
      </object_component>
      <object_component id="oc-3e2">
         <name>.debug_info</name>
         <load_address>0xf564</load_address>
         <run_address>0xf564</run_address>
         <size>0x21b</size>
         <input_file_ref idref="fl-d6"/>
      </object_component>
      <object_component id="oc-34a">
         <name>.debug_info</name>
         <load_address>0xf77f</load_address>
         <run_address>0xf77f</run_address>
         <size>0x3bf</size>
         <input_file_ref idref="fl-d6"/>
      </object_component>
      <object_component id="oc-3e9">
         <name>.debug_info</name>
         <load_address>0xfb3e</load_address>
         <run_address>0xfb3e</run_address>
         <size>0x30b</size>
         <input_file_ref idref="fl-d6"/>
      </object_component>
      <object_component id="oc-3ef">
         <name>.debug_info</name>
         <load_address>0xfe49</load_address>
         <run_address>0xfe49</run_address>
         <size>0x215</size>
         <input_file_ref idref="fl-d6"/>
      </object_component>
      <object_component id="oc-350">
         <name>.debug_info</name>
         <load_address>0x1005e</load_address>
         <run_address>0x1005e</run_address>
         <size>0x228</size>
         <input_file_ref idref="fl-d6"/>
      </object_component>
      <object_component id="oc-356">
         <name>.debug_info</name>
         <load_address>0x10286</load_address>
         <run_address>0x10286</run_address>
         <size>0x303</size>
         <input_file_ref idref="fl-d6"/>
      </object_component>
      <object_component id="oc-35c">
         <name>.debug_info</name>
         <load_address>0x10589</load_address>
         <run_address>0x10589</run_address>
         <size>0x4b4</size>
         <input_file_ref idref="fl-d6"/>
      </object_component>
      <object_component id="oc-28e">
         <name>.debug_info</name>
         <load_address>0x10a3d</load_address>
         <run_address>0x10a3d</run_address>
         <size>0x5f4</size>
         <input_file_ref idref="fl-d6"/>
      </object_component>
      <object_component id="oc-375">
         <name>.debug_info</name>
         <load_address>0x11031</load_address>
         <run_address>0x11031</run_address>
         <size>0x86</size>
         <input_file_ref idref="fl-d6"/>
      </object_component>
      <object_component id="oc-419">
         <name>.debug_info</name>
         <load_address>0x110b7</load_address>
         <run_address>0x110b7</run_address>
         <size>0x39</size>
         <input_file_ref idref="fl-d6"/>
      </object_component>
      <object_component id="oc-45c">
         <name>.debug_info</name>
         <load_address>0x110f0</load_address>
         <run_address>0x110f0</run_address>
         <size>0xb6</size>
         <input_file_ref idref="fl-d6"/>
      </object_component>
      <object_component id="oc-41e">
         <name>.debug_info</name>
         <load_address>0x111a6</load_address>
         <run_address>0x111a6</run_address>
         <size>0x46</size>
         <input_file_ref idref="fl-d6"/>
      </object_component>
      <object_component id="oc-37a">
         <name>.debug_info</name>
         <load_address>0x111ec</load_address>
         <run_address>0x111ec</run_address>
         <size>0x46</size>
         <input_file_ref idref="fl-d6"/>
      </object_component>
      <object_component id="oc-42d">
         <name>.debug_info</name>
         <load_address>0x11232</load_address>
         <run_address>0x11232</run_address>
         <size>0x115</size>
         <input_file_ref idref="fl-d7"/>
      </object_component>
      <object_component id="oc-3d7">
         <name>.debug_info</name>
         <load_address>0x11347</load_address>
         <run_address>0x11347</run_address>
         <size>0x14c</size>
         <input_file_ref idref="fl-d8"/>
      </object_component>
      <object_component id="oc-347">
         <name>.debug_info</name>
         <load_address>0x11493</load_address>
         <run_address>0x11493</run_address>
         <size>0x128</size>
         <input_file_ref idref="fl-d9"/>
      </object_component>
      <object_component id="oc-3c2">
         <name>.debug_info</name>
         <load_address>0x115bb</load_address>
         <run_address>0x115bb</run_address>
         <size>0x12a</size>
         <input_file_ref idref="fl-d9"/>
      </object_component>
      <object_component id="oc-3bf">
         <name>.debug_info</name>
         <load_address>0x116e5</load_address>
         <run_address>0x116e5</run_address>
[...]
      </symbol>
      <symbol id="sm-1d5">
         <name>testdrawcircles</name>
         <value>0x20005d8f</value>
         <object_component_ref idref="oc-137"/>
      </symbol>
      <symbol id="sm-1d6">
         <name>testlines</name>
         <value>0x20005efd</value>
         <object_component_ref idref="oc-137"/>
      </symbol>
      <symbol id="sm-1d7">
         <name>testfastlines</name>
         <value>0x20005b8d</value>
         <object_component_ref idref="oc-137"/>
      </symbol>
      <symbol id="sm-1d8">
         <name>lcdTestPattern</name>
         <value>0x200060cb</value>
         <object_component_ref idref="oc-137"/>
      </symbol>
      <symbol id="sm-1d9">
         <name>characterSet</name>
         <value>0x20005a0f</value>
         <object_component_ref idref="oc-137"/>
      </symbol>
      <symbol id="sm-1da">
         <name>delay</name>
         <value>0x200058cf</value>
         <object_component_ref idref="oc-137"/>
      </symbol>
      <symbol id="sm-1db">
         <name>lcdTestPattern2</name>
         <value>0x2000619b</value>
         <object_component_ref idref="oc-137"/>
      </symbol>
      <symbol id="sm-1dc">
         <name>testtriangles</name>
         <value>0x20005e09</value>
         <object_component_ref idref="oc-137"/>
      </symbol>
      <symbol id="sm-1dd">
         <name>testfillrects</name>
         <value>0x20005c5f</value>
         <object_component_ref idref="oc-137"/>
      </symbol>
      <symbol id="sm-1de">
         <name>vertical</name>
         <value>0x20005afd</value>
         <object_component_ref idref="oc-137"/>
      </symbol>
      <symbol id="sm-1df">
         <name>testdrawrects</name>
         <value>0x20005bff</value>
         <object_component_ref idref="oc-137"/>
      </symbol>
      <symbol id="sm-1e0">
         <name>testfillcircles</name>
         <value>0x20005d1d</value>
         <object_component_ref idref="oc-137"/>
      </symbol>
      <symbol id="sm-222">
         <name>GetCmd</name>
         <value>0x20006af3</value>
         <object_component_ref idref="oc-dd"/>
      </symbol>
      <symbol id="sm-223">
         <name>Message</name>
         <value>0x20006a8f</value>
         <object_component_ref idref="oc-dd"/>
      </symbol>
      <symbol id="sm-224">
         <name>Report</name>
         <value>0x20006c31</value>
         <object_component_ref idref="oc-dd"/>
      </symbol>
      <symbol id="sm-225">
         <name>Error</name>
         <value>0x20006abb</value>
         <object_component_ref idref="oc-dd"/>
      </symbol>
      <symbol id="sm-226">
         <name>InitTerm</name>
         <value>0x20006a71</value>
         <object_component_ref idref="oc-dd"/>
      </symbol>
      <symbol id="sm-227">
         <name>ClearTerm</name>
         <value>0x20006ab1</value>
         <object_component_ref idref="oc-dd"/>
      </symbol>
      <symbol id="sm-228">
         <name>TrimSpace</name>
         <value>0x20006b99</value>
         <object_component_ref idref="oc-dd"/>
      </symbol>
      <symbol id="sm-23c">
         <name>GPIODirModeSet</name>
         <value>0x20008a2d</value>
         <object_component_ref idref="oc-220"/>
      </symbol>
      <symbol id="sm-23d">
         <name>GPIOPinWrite</name>
         <value>0x20008c5f</value>
         <object_component_ref idref="oc-239"/>
      </symbol>
      <symbol id="sm-276">
         <name>IntVTableBaseSet</name>
         <value>0x20008e75</value>
         <object_component_ref idref="oc-107"/>
      </symbol>
      <symbol id="sm-277">
         <name>IntEnable</name>
         <value>0x20007e2d</value>
         <object_component_ref idref="oc-113"/>
      </symbol>
      <symbol id="sm-278">
         <name>IntRegister</name>
         <value>0x20008c81</value>
         <object_component_ref idref="oc-1e7"/>
      </symbol>
      <symbol id="sm-279">
         <name>IntMasterEnable</name>
         <value>0x20008ed7</value>
         <object_component_ref idref="oc-10d"/>
      </symbol>
      <symbol id="sm-2b0">
         <name>PinTypeUART</name>
         <value>0x20008d8d</value>
         <object_component_ref idref="oc-226"/>
      </symbol>
      <symbol id="sm-2b1">
         <name>PinTypeGPIO</name>
         <value>0x20008a63</value>
         <object_component_ref idref="oc-21a"/>
      </symbol>
      <symbol id="sm-2b2">
         <name>PinConfigSet</name>
         <value>0x2000813d</value>
         <object_component_ref idref="oc-2f1"/>
      </symbol>
      <symbol id="sm-2b3">
         <name>PinModeSet</name>
         <value>0x20008931</value>
         <object_component_ref idref="oc-214"/>
      </symbol>
      <symbol id="sm-339">
         <name>PRCMPeripheralReset</name>
         <value>0x200085e1</value>
         <object_component_ref idref="oc-12b"/>
      </symbol>
      <symbol id="sm-33a">
         <name>PRCMPeripheralClkEnable</name>
         <value>0x200089f1</value>
         <object_component_ref idref="oc-125"/>
      </symbol>
      <symbol id="sm-33b">
         <name>PRCMPeripheralClockGet</name>
         <value>0x200080a9</value>
         <object_component_ref idref="oc-e9"/>
      </symbol>
      <symbol id="sm-33c">
         <name>PRCMCC3200MCUInit</name>
         <value>0x200072d9</value>
         <object_component_ref idref="oc-119"/>
      </symbol>
      <symbol id="sm-33d">
         <name>PRCMHIBRegWrite</name>
         <value>0x20008e35</value>
         <object_component_ref idref="oc-207"/>
      </symbol>
      <symbol id="sm-33e">
         <name>PRCMSysResetCauseGet</name>
         <value>0x20008b25</value>
         <object_component_ref idref="oc-1fb"/>
      </symbol>
      <symbol id="sm-33f">
         <name>PRCMPeripheralClkDisable</name>
         <value>0x20008b7d</value>
         <object_component_ref idref="oc-20d"/>
      </symbol>
      <symbol id="sm-340">
         <name>PRCMHIBRegRead</name>
         <value>0x20008e1f</value>
         <object_component_ref idref="oc-201"/>
      </symbol>
      <symbol id="sm-3f0">
         <name>SPICSEnable</name>
         <value>0x20008dbf</value>
         <object_component_ref idref="oc-233"/>
      </symbol>
      <symbol id="sm-3f1">
         <name>SPIDataGetNonBlocking</name>
         <value>0x20008b51</value>
         <object_component_ref idref="oc-d7"/>
      </symbol>
      <symbol id="sm-3f2">
         <name>SPIDataPut</name>
         <value>0x20008cc1</value>
         <object_component_ref idref="oc-d1"/>
      </symbol>
      <symbol id="sm-3f3">
         <name>SPIEnable</name>
         <value>0x20008dd7</value>
         <object_component_ref idref="oc-f5"/>
      </symbol>
      <symbol id="sm-3f4">
         <name>SPIDataGet</name>
         <value>0x20008ca1</value>
         <object_component_ref idref="oc-23f"/>
      </symbol>
      <symbol id="sm-3f5">
         <name>SPIConfigSetExpClk</name>
         <value>0x20007ed5</value>
         <object_component_ref idref="oc-ef"/>
      </symbol>
      <symbol id="sm-3f6">
         <name>SPIIntRegister</name>
         <value>0x20008cdf</value>
         <object_component_ref idref="oc-fb"/>
      </symbol>
      <symbol id="sm-3f7">
         <name>SPIReset</name>
         <value>0x20008c3d</value>
         <object_component_ref idref="oc-e3"/>
      </symbol>
      <symbol id="sm-3f8">
         <name>SPIIntStatus</name>
         <value>0x200082d1</value>
         <object_component_ref idref="oc-c5"/>
      </symbol>
      <symbol id="sm-3f9">
         <name>SPIIntEnable</name>
         <value>0x20008735</value>
         <object_component_ref idref="oc-101"/>
      </symbol>
      <symbol id="sm-3fa">
         <name>SPIIntClear</name>
         <value>0x20008819</value>
         <object_component_ref idref="oc-cb"/>
      </symbol>
      <symbol id="sm-3fb">
         <name>SPICSDisable</name>
         <value>0x20008da7</value>
         <object_component_ref idref="oc-245"/>
      </symbol>
      <symbol id="sm-437">
         <name>UARTConfigSetExpClk</name>
         <value>0x200083c7</value>
         <object_component_ref idref="oc-192"/>
      </symbol>
      <symbol id="sm-438">
         <name>UARTDisable</name>
         <value>0x20008a95</value>
         <object_component_ref idref="oc-27f"/>
      </symbol>
      <symbol id="sm-439">
         <name>UARTCharsAvail</name>
         <value>0x20008def</value>
         <object_component_ref idref="oc-1a4"/>
      </symbol>
      <symbol id="sm-43a">
         <name>UARTCharGetNonBlocking</name>
         <value>0x20008d1b</value>
         <object_component_ref idref="oc-1aa"/>
      </symbol>
      <symbol id="sm-43b">
         <name>UARTCharPut</name>
         <value>0x20008cfd</value>
         <object_component_ref idref="oc-198"/>
      </symbol>
      <symbol id="sm-43c">
         <name>UARTEnable</name>
         <value>0x20008bf5</value>
         <object_component_ref idref="oc-285"/>
      </symbol>
      <symbol id="sm-440">
         <name>UtilsDelay</name>
         <value>0x20008ef1</value>
         <object_component_ref idref="oc-2e9"/>
      </symbol>
      <symbol id="sm-44a">
         <name>CPUcpsie</name>
         <value>0x20008e61</value>
         <object_component_ref idref="oc-1f0"/>
      </symbol>
      <symbol id="sm-47a">
         <name>vsnprintf</name>
         <value>0x20008971</value>
         <object_component_ref idref="oc-19e"/>
      </symbol>
      <symbol id="sm-495">
         <name>memcpy</name>
         <value>0x20007f75</value>
         <object_component_ref idref="oc-3d"/>
      </symbol>
      <symbol id="sm-496">
         <name>__aeabi_memcpy</name>
         <value>0x20007f75</value>
         <object_component_ref idref="oc-3d"/>
      </symbol>
      <symbol id="sm-497">
         <name>__aeabi_memcpy8</name>
         <value>0x20007f75</value>
         <object_component_ref idref="oc-3d"/>
      </symbol>
      <symbol id="sm-498">
         <name>__aeabi_memcpy4</name>
         <value>0x20007f75</value>
         <object_component_ref idref="oc-3d"/>
      </symbol>
      <symbol id="sm-4a5">
         <name>__aeabi_uldivmod</name>
         <value>0x20008011</value>
         <object_component_ref idref="oc-3b0"/>
      </symbol>
      <symbol id="sm-4b9">
         <name>__TI_zero_init_nomemset</name>
         <value>0x20008d37</value>
         <object_component_ref idref="oc-49"/>
      </symbol>
      <symbol id="sm-4d0">
         <name>__TI_decompress_none</name>
         <value>0x20008eaf</value>
         <object_component_ref idref="oc-1b"/>
      </symbol>
      <symbol id="sm-4f3">
         <name>__TI_decompress_lzss</name>
         <value>0x2000851b</value>
         <object_component_ref idref="oc-15"/>
      </symbol>
      <symbol id="sm-504">
         <name>memmove</name>
         <value>0x20008bcd</value>
         <object_component_ref idref="oc-1b6"/>
      </symbol>
      <symbol id="sm-5a2">
         <name>_sys_memory</name>
         <value>0x20017000</value>
         <object_component_ref idref="oc-23"/>
      </symbol>
      <symbol id="sm-5a3">
         <name>free</name>
         <value>0x20007ae1</value>
         <object_component_ref idref="oc-1c8"/>
      </symbol>
      <symbol id="sm-5a4">
         <name>realloc</name>
         <value>0x20007bc5</value>
         <object_component_ref idref="oc-1c2"/>
      </symbol>
      <symbol id="sm-5a5">
         <name>memalign</name>
         <value>0x200077e5</value>
         <object_component_ref idref="oc-2b1"/>
      </symbol>
      <symbol id="sm-5a6">
         <name>malloc</name>
         <value>0x20008ee9</value>
         <object_component_ref idref="oc-1bc"/>
      </symbol>
      <symbol id="sm-5a7">
         <name>aligned_alloc</name>
         <value>0x200077e5</value>
         <object_component_ref idref="oc-2b1"/>
      </symbol>
      <symbol id="sm-5b5">
         <name>strlen</name>
         <value>0x20008e89</value>
         <object_component_ref idref="oc-1b0"/>
      </symbol>
      <symbol id="sm-5c7">
         <name>__stack</name>
         <value>0x2002f800</value>
         <object_component_ref idref="oc-26"/>
      </symbol>
      <symbol id="sm-5c8">
         <name>_c_int00_noargs</name>
         <value>0x20008c19</value>
         <object_component_ref idref="oc-5b"/>
      </symbol>
      <symbol id="sm-72d">
         <name>__TI_printfi</name>
         <value>0x20004e81</value>
         <object_component_ref idref="oc-28d"/>
      </symbol>
      <symbol id="sm-737">
         <name>__aeabi_idiv0</name>
         <value>0x20006717</value>
         <object_component_ref idref="oc-42c"/>
      </symbol>
      <symbol id="sm-738">
         <name>__aeabi_ldiv0</name>
         <value>0x20006717</value>
         <object_component_ref idref="oc-42c"/>
      </symbol>
      <symbol id="sm-74f">
         <name>__aeabi_dsub</name>
         <value>0x20007121</value>
         <object_component_ref idref="oc-3d6"/>
      </symbol>
      <symbol id="sm-750">
         <name>__aeabi_dadd</name>
         <value>0x2000712b</value>
         <object_component_ref idref="oc-3d6"/>
      </symbol>
      <symbol id="sm-772">
         <name>__aeabi_cdcmpeq</name>
         <value>0x200081c5</value>
         <object_component_ref idref="oc-344"/>
      </symbol>
      <symbol id="sm-773">
         <name>__aeabi_cdcmple</name>
         <value>0x200081c5</value>
         <object_component_ref idref="oc-344"/>
      </symbol>
      <symbol id="sm-774">
         <name>__aeabi_cdrcmple</name>
         <value>0x2000824b</value>
         <object_component_ref idref="oc-3c1"/>
      </symbol>
      <symbol id="sm-788">
         <name>__aeabi_ddiv</name>
         <value>0x2000758d</value>
         <object_component_ref idref="oc-3bc"/>
      </symbol>
      <symbol id="sm-793">
         <name>__aeabi_dmul</name>
         <value>0x200079e5</value>
         <object_component_ref idref="oc-3b7"/>
      </symbol>
      <symbol id="sm-79d">
         <name>__aeabi_d2iz</name>
         <value>0x20008861</value>
         <object_component_ref idref="oc-3c6"/>
      </symbol>
      <symbol id="sm-7a7">
         <name>__aeabi_i2d</name>
         <value>0x20008af5</value>
         <object_component_ref idref="oc-3d1"/>
      </symbol>
      <symbol id="sm-7b6">
         <name>__aeabi_memset</name>
         <value>0x2000834f</value>
         <object_component_ref idref="oc-8b"/>
      </symbol>
      <symbol id="sm-7b7">
         <name>memset</name>
         <value>0x20008355</value>
         <object_component_ref idref="oc-8b"/>
      </symbol>
      <symbol id="sm-7b8">
         <name>__aeabi_memset8</name>
         <value>0x2000834f</value>
         <object_component_ref idref="oc-8b"/>
      </symbol>
      <symbol id="sm-7b9">
         <name>__aeabi_memset4</name>
         <value>0x2000834f</value>
         <object_component_ref idref="oc-8b"/>
      </symbol>
      <symbol id="sm-7ba">
         <name>__aeabi_memclr8</name>
         <value>0x2000834d</value>
         <object_component_ref idref="oc-8b"/>
      </symbol>
      <symbol id="sm-7bb">
         <name>__aeabi_memclr4</name>
         <value>0x2000834d</value>
         <object_component_ref idref="oc-8b"/>
      </symbol>
      <symbol id="sm-7bc">
         <name>__aeabi_memclr</name>
         <value>0x2000834d</value>
         <object_component_ref idref="oc-8b"/>
      </symbol>
      <symbol id="sm-7e4">
         <name>__TI_auto_init_nobinit_nopinit</name>
         <value>0x200088ed</value>
         <object_component_ref idref="oc-150"/>
      </symbol>
      <symbol id="sm-7ee">
         <name>_system_pre_init</name>
         <value>0x20008ef7</value>
         <object_component_ref idref="oc-91"/>
      </symbol>
      <symbol id="sm-7fa">
         <name>C$$EXIT</name>
         <value>0x20008efb</value>
         <object_component_ref idref="oc-144"/>
      </symbol>
      <symbol id="sm-7fb">
         <name>abort</name>
         <value>0x20008efb</value>
         <object_component_ref idref="oc-144"/>
      </symbol>
      <symbol id="sm-810">
         <name>_nop</name>
         <value>0x2000626b</value>
         <object_component_ref idref="oc-315"/>
      </symbol>
      <symbol id="sm-811">
         <name>_lock</name>
         <value>0x20017884</value>
         <object_component_ref idref="oc-25d"/>
      </symbol>
      <symbol id="sm-812">
         <name>_unlock</name>
         <value>0x20017888</value>
         <object_component_ref idref="oc-25d"/>
      </symbol>
      <symbol id="sm-821">
         <name>__TI_ltoa</name>
         <value>0x2000868f</value>
         <object_component_ref idref="oc-3cb"/>
      </symbol>
      <symbol id="sm-838">
         <name>atoi</name>
         <value>0x200087cd</value>
         <object_component_ref idref="oc-338"/>
      </symbol>
      <symbol id="sm-843">
         <name>_ctypes_</name>
         <value>0x200093fb</value>
         <object_component_ref idref="oc-3ab"/>
      </symbol>
      <symbol id="sm-853">
         <name>memccpy</name>
         <value>0x20008d71</value>
         <object_component_ref idref="oc-361"/>
      </symbol>
      <symbol id="sm-863">
         <name>strchr</name>
         <value>0x20008e4b</value>
         <object_component_ref idref="oc-402"/>
      </symbol>
      <symbol id="sm-879">
         <name>__aeabi_errno_addr</name>
         <value>0x20008ee1</value>
         <object_component_ref idref="oc-36d"/>
      </symbol>
      <symbol id="sm-87a">
         <name>errno</name>
         <value>0x20017894</value>
         <object_component_ref idref="oc-412"/>
      </symbol>
      <symbol id="sm-893">
         <name>wcslen</name>
         <value>0x20008e9d</value>
         <object_component_ref idref="oc-367"/>
      </symbol>
      <symbol id="sm-8b3">
         <name>frexpl</name>
         <value>0x20008585</value>
         <object_component_ref idref="oc-3f6"/>
      </symbol>
      <symbol id="sm-8b4">
         <name>frexp</name>
         <value>0x20008585</value>
         <object_component_ref idref="oc-3f6"/>
      </symbol>
      <symbol id="sm-8d2">
         <name>scalbn</name>
         <value>0x20007ca9</value>
         <object_component_ref idref="oc-3fc"/>
      </symbol>
      <symbol id="sm-8d3">
         <name>scalbnl</name>
         <value>0x20007ca9</value>
         <object_component_ref idref="oc-3fc"/>
      </symbol>
      <symbol id="sm-8d4">
         <name>ldexpl</name>
         <value>0x20007ca9</value>
         <object_component_ref idref="oc-3fc"/>
      </symbol>
      <symbol id="sm-8d5">
         <name>ldexp</name>
         <value>0x20007ca9</value>
         <object_component_ref idref="oc-3fc"/>
      </symbol>
      <symbol id="sm-8df">
         <name>copysign</name>
         <value>0x20008ecb</value>
         <object_component_ref idref="oc-445"/>
      </symbol>
      <symbol id="sm-8e0">
         <name>copysignl</name>
         <value>0x20008ecb</value>
         <object_component_ref idref="oc-445"/>
      </symbol>
      <symbol id="sm-8e1">
         <name>__TI_static_base__</name>
         <value>0x200096f8</value>
      </symbol>
      <symbol id="sm-8e4">
         <name>__mpu_init</name>
         <value>0x0</value>
      </symbol>
      <symbol id="sm-8e5">
         <name>_system_post_cinit</name>
         <value>0x0</value>
      </symbol>
   </symbol_table>
   <title>Link successful</title>
</link_info>
