<?xml version="1.0" encoding="ISO-8859-1" ?>
<link_info>
   <banner>TI ARM Linker PC v20.2.7.LTS</banner>
   <copyright>Copyright (c) 1996-2018 Texas Instruments Incorporated</copyright>
   <link_time>0x65b9c06b</link_time>
   <link_errors>0x0</link_errors>
   <output_file>lab2-pt1.out</output_file>
   <entry_point>
      <name>_c_int00_noargs</name>
      <address>0x20008831</address>
   </entry_point>
   <input_file_list>
      <input_file id="fl-2">
         <path>.\</path>
         <kind>object</kind>
         <file>Adafruit_GFX.obj</file>
         <name>Adafruit_GFX.obj</name>
      </input_file>
      <input_file id="fl-3">
         <path>.\</path>
         <kind>object</kind>
         <file>Adafruit_OLED.obj</file>
         <name>Adafruit_OLED.obj</name>
      </input_file>
      <input_file id="fl-4">
         <path>.\</path>
         <kind>object</kind>
         <file>main.obj</file>
         <name>main.obj</name>
      </input_file>
      <input_file id="fl-5">
         <path>.\</path>
         <kind>object</kind>
         <file>pin_mux_config.obj</file>
         <name>pin_mux_config.obj</name>
      </input_file>
      <input_file id="fl-6">
         <path>.\</path>
         <kind>object</kind>
         <file>startup_ccs.obj</file>
         <name>startup_ccs.obj</name>
      </input_file>
      <input_file id="fl-7">
         <path>.\</path>
         <kind>object</kind>
         <file>test.obj</file>
         <name>test.obj</name>
      </input_file>
      <input_file id="fl-8">
         <path>.\</path>
         <kind>object</kind>
         <file>uart_if.obj</file>
         <name>uart_if.obj</name>
      </input_file>
      <input_file id="fl-d">
         <kind>object</kind>
         <file>&lt;internal&gt;</file>
         <name>&lt;internal&gt;</name>
      </input_file>
      <input_file id="fl-e">
         <path>C:\ti\CC3200SDK_1.5.0\cc3200-sdk\driverlib\ccs\Release\</path>
         <kind>archive</kind>
         <file>driverlib.a</file>
         <name>gpio.obj</name>
      </input_file>
      <input_file id="fl-f">
         <path>C:\ti\CC3200SDK_1.5.0\cc3200-sdk\driverlib\ccs\Release\</path>
         <kind>archive</kind>
         <file>driverlib.a</file>
         <name>interrupt.obj</name>
      </input_file>
      <input_file id="fl-10">
         <path>C:\ti\CC3200SDK_1.5.0\cc3200-sdk\driverlib\ccs\Release\</path>
         <kind>archive</kind>
         <file>driverlib.a</file>
         <name>pin.obj</name>
      </input_file>
      <input_file id="fl-11">
         <path>C:\ti\CC3200SDK_1.5.0\cc3200-sdk\driverlib\ccs\Release\</path>
         <kind>archive</kind>
         <file>driverlib.a</file>
         <name>prcm.obj</name>
      </input_file>
      <input_file id="fl-12">
         <path>C:\ti\CC3200SDK_1.5.0\cc3200-sdk\driverlib\ccs\Release\</path>
         <kind>archive</kind>
         <file>driverlib.a</file>
         <name>spi.obj</name>
      </input_file>
      <input_file id="fl-13">
         <path>C:\ti\CC3200SDK_1.5.0\cc3200-sdk\driverlib\ccs\Release\</path>
         <kind>archive</kind>
         <file>driverlib.a</file>
         <name>uart.obj</name>
      </input_file>
      <input_file id="fl-14">
         <path>C:\ti\CC3200SDK_1.5.0\cc3200-sdk\driverlib\ccs\Release\</path>
         <kind>archive</kind>
         <file>driverlib.a</file>
         <name>utils.obj</name>
      </input_file>
      <input_file id="fl-15">
         <path>C:\ti\CC3200SDK_1.5.0\cc3200-sdk\driverlib\ccs\Release\</path>
         <kind>archive</kind>
         <file>driverlib.a</file>
         <name>cpu.obj</name>
      </input_file>
      <input_file id="fl-16">
         <path>C:\ti\CC3200SDK_1.5.0\cc3200-sdk\driverlib\ccs\Release\</path>
         <kind>archive</kind>
         <file>driverlib.a</file>
         <name>flash.obj</name>
      </input_file>
      <input_file id="fl-cc">
         <path>C:\ti\ccs1260\ccs\tools\compiler\ti-cgt-arm_20.2.7.LTS\lib\</path>
         <kind>archive</kind>
         <file>rtsv7M4_T_le_eabi.lib</file>
         <name>vsnprintf.c.obj</name>
      </input_file>
      <input_file id="fl-cd">
         <path>C:\ti\ccs1260\ccs\tools\compiler\ti-cgt-arm_20.2.7.LTS\lib\</path>
         <kind>archive</kind>
         <file>rtsv7M4_T_le_eabi.lib</file>
         <name>memcpy_t2.asm.obj</name>
      </input_file>
      <input_file id="fl-ce">
         <path>C:\ti\ccs1260\ccs\tools\compiler\ti-cgt-arm_20.2.7.LTS\lib\</path>
         <kind>archive</kind>
         <file>rtsv7M4_T_le_eabi.lib</file>
         <name>ull_div_t2.asm.obj</name>
      </input_file>
      <input_file id="fl-cf">
         <path>C:\ti\ccs1260\ccs\tools\compiler\ti-cgt-arm_20.2.7.LTS\lib\</path>
         <kind>archive</kind>
         <file>rtsv7M4_T_le_eabi.lib</file>
         <name>copy_zero_init.c.obj</name>
      </input_file>
      <input_file id="fl-d0">
         <path>C:\ti\ccs1260\ccs\tools\compiler\ti-cgt-arm_20.2.7.LTS\lib\</path>
         <kind>archive</kind>
         <file>rtsv7M4_T_le_eabi.lib</file>
         <name>copy_decompress_none.c.obj</name>
      </input_file>
      <input_file id="fl-d1">
         <path>C:\ti\ccs1260\ccs\tools\compiler\ti-cgt-arm_20.2.7.LTS\lib\</path>
         <kind>archive</kind>
         <file>rtsv7M4_T_le_eabi.lib</file>
         <name>copy_decompress_lzss.c.obj</name>
      </input_file>
      <input_file id="fl-d2">
         <path>C:\ti\ccs1260\ccs\tools\compiler\ti-cgt-arm_20.2.7.LTS\lib\</path>
         <kind>archive</kind>
         <file>rtsv7M4_T_le_eabi.lib</file>
         <name>memmov.c.obj</name>
      </input_file>
      <input_file id="fl-d3">
         <path>C:\ti\ccs1260\ccs\tools\compiler\ti-cgt-arm_20.2.7.LTS\lib\</path>
         <kind>archive</kind>
         <file>rtsv7M4_T_le_eabi.lib</file>
         <name>memory.c.obj</name>
      </input_file>
      <input_file id="fl-d4">
         <path>C:\ti\ccs1260\ccs\tools\compiler\ti-cgt-arm_20.2.7.LTS\lib\</path>
         <kind>archive</kind>
         <file>rtsv7M4_T_le_eabi.lib</file>
         <name>strlen.c.obj</name>
      </input_file>
      <input_file id="fl-d5">
         <path>C:\ti\ccs1260\ccs\tools\compiler\ti-cgt-arm_20.2.7.LTS\lib\</path>
         <kind>archive</kind>
         <file>rtsv7M4_T_le_eabi.lib</file>
         <name>boot_cortex_m.c.obj</name>
      </input_file>
      <input_file id="fl-d6">
         <path>C:\ti\ccs1260\ccs\tools\compiler\ti-cgt-arm_20.2.7.LTS\lib\</path>
         <kind>archive</kind>
         <file>rtsv7M4_T_le_eabi.lib</file>
         <name>_printfi.c.obj</name>
      </input_file>
      <input_file id="fl-d7">
         <path>C:\ti\ccs1260\ccs\tools\compiler\ti-cgt-arm_20.2.7.LTS\lib\</path>
         <kind>archive</kind>
         <file>rtsv7M4_T_le_eabi.lib</file>
         <name>div0.asm.obj</name>
      </input_file>
      <input_file id="fl-d8">
         <path>C:\ti\ccs1260\ccs\tools\compiler\ti-cgt-arm_20.2.7.LTS\lib\</path>
         <kind>archive</kind>
         <file>rtsv7M4_T_le_eabi.lib</file>
         <name>fd_add_t2.asm.obj</name>
      </input_file>
      <input_file id="fl-d9">
         <path>C:\ti\ccs1260\ccs\tools\compiler\ti-cgt-arm_20.2.7.LTS\lib\</path>
         <kind>archive</kind>
         <file>rtsv7M4_T_le_eabi.lib</file>
         <name>fd_cmp_t2.asm.obj</name>
      </input_file>
      <input_file id="fl-da">
         <path>C:\ti\ccs1260\ccs\tools\compiler\ti-cgt-arm_20.2.7.LTS\lib\</path>
         <kind>archive</kind>
         <file>rtsv7M4_T_le_eabi.lib</file>
         <name>fd_div_t2.asm.obj</name>
      </input_file>
      <input_file id="fl-db">
         <path>C:\ti\ccs1260\ccs\tools\compiler\ti-cgt-arm_20.2.7.LTS\lib\</path>
         <kind>archive</kind>
         <file>rtsv7M4_T_le_eabi.lib</file>
         <name>fd_mul_t2.asm.obj</name>
      </input_file>
      <input_file id="fl-dc">
         <path>C:\ti\ccs1260\ccs\tools\compiler\ti-cgt-arm_20.2.7.LTS\lib\</path>
         <kind>archive</kind>
         <file>rtsv7M4_T_le_eabi.lib</file>
         <name>fd_toi_t2.asm.obj</name>
      </input_file>
      <input_file id="fl-dd">
         <path>C:\ti\ccs1260\ccs\tools\compiler\ti-cgt-arm_20.2.7.LTS\lib\</path>
         <kind>archive</kind>
         <file>rtsv7M4_T_le_eabi.lib</file>
         <name>i_tofd_t2.asm.obj</name>
      </input_file>
      <input_file id="fl-de">
         <path>C:\ti\ccs1260\ccs\tools\compiler\ti-cgt-arm_20.2.7.LTS\lib\</path>
         <kind>archive</kind>
         <file>rtsv7M4_T_le_eabi.lib</file>
         <name>memset_t2.asm.obj</name>
      </input_file>
      <input_file id="fl-df">
         <path>C:\ti\ccs1260\ccs\tools\compiler\ti-cgt-arm_20.2.7.LTS\lib\</path>
         <kind>archive</kind>
         <file>rtsv7M4_T_le_eabi.lib</file>
         <name>autoinit.c.obj</name>
      </input_file>
      <input_file id="fl-e0">
         <path>C:\ti\ccs1260\ccs\tools\compiler\ti-cgt-arm_20.2.7.LTS\lib\</path>
         <kind>archive</kind>
         <file>rtsv7M4_T_le_eabi.lib</file>
         <name>pre_init.c.obj</name>
      </input_file>
      <input_file id="fl-e1">
         <path>C:\ti\ccs1260\ccs\tools\compiler\ti-cgt-arm_20.2.7.LTS\lib\</path>
         <kind>archive</kind>
         <file>rtsv7M4_T_le_eabi.lib</file>
         <name>cpy_tbl.c.obj</name>
      </input_file>
      <input_file id="fl-e2">
         <path>C:\ti\ccs1260\ccs\tools\compiler\ti-cgt-arm_20.2.7.LTS\lib\</path>
         <kind>archive</kind>
         <file>rtsv7M4_T_le_eabi.lib</file>
         <name>exit.c.obj</name>
      </input_file>
      <input_file id="fl-e3">
         <path>C:\ti\ccs1260\ccs\tools\compiler\ti-cgt-arm_20.2.7.LTS\lib\</path>
         <kind>archive</kind>
         <file>rtsv7M4_T_le_eabi.lib</file>
         <name>_lock.c.obj</name>
      </input_file>
      <input_file id="fl-e4">
         <path>C:\ti\ccs1260\ccs\tools\compiler\ti-cgt-arm_20.2.7.LTS\lib\</path>
         <kind>archive</kind>
         <file>rtsv7M4_T_le_eabi.lib</file>
         <name>_ltoa.c.obj</name>
      </input_file>
      <input_file id="fl-e5">
         <path>C:\ti\ccs1260\ccs\tools\compiler\ti-cgt-arm_20.2.7.LTS\lib\</path>
         <kind>archive</kind>
         <file>rtsv7M4_T_le_eabi.lib</file>
         <name>args_main.c.obj</name>
      </input_file>
      <input_file id="fl-e6">
         <path>C:\ti\ccs1260\ccs\tools\compiler\ti-cgt-arm_20.2.7.LTS\lib\</path>
         <kind>archive</kind>
         <file>rtsv7M4_T_le_eabi.lib</file>
         <name>atoi.c.obj</name>
      </input_file>
      <input_file id="fl-e7">
         <path>C:\ti\ccs1260\ccs\tools\compiler\ti-cgt-arm_20.2.7.LTS\lib\</path>
         <kind>archive</kind>
         <file>rtsv7M4_T_le_eabi.lib</file>
         <name>ctype.c.obj</name>
      </input_file>
      <input_file id="fl-e8">
         <path>C:\ti\ccs1260\ccs\tools\compiler\ti-cgt-arm_20.2.7.LTS\lib\</path>
         <kind>archive</kind>
         <file>rtsv7M4_T_le_eabi.lib</file>
         <name>memccpy.c.obj</name>
      </input_file>
      <input_file id="fl-e9">
         <path>C:\ti\ccs1260\ccs\tools\compiler\ti-cgt-arm_20.2.7.LTS\lib\</path>
         <kind>archive</kind>
         <file>rtsv7M4_T_le_eabi.lib</file>
         <name>strchr.c.obj</name>
      </input_file>
      <input_file id="fl-ea">
         <path>C:\ti\ccs1260\ccs\tools\compiler\ti-cgt-arm_20.2.7.LTS\lib\</path>
         <kind>archive</kind>
         <file>rtsv7M4_T_le_eabi.lib</file>
         <name>errno.c.obj</name>
      </input_file>
      <input_file id="fl-eb">
         <path>C:\ti\ccs1260\ccs\tools\compiler\ti-cgt-arm_20.2.7.LTS\lib\</path>
         <kind>archive</kind>
         <file>rtsv7M4_T_le_eabi.lib</file>
         <name>wcslen.c.obj</name>
      </input_file>
      <input_file id="fl-ec">
         <path>C:\ti\ccs1260\ccs\tools\compiler\ti-cgt-arm_20.2.7.LTS\lib\</path>
         <kind>archive</kind>
         <file>rtsv7M4_T_le_eabi.lib</file>
         <name>s_frexp.c.obj</name>
      </input_file>
      <input_file id="fl-ed">
         <path>C:\ti\ccs1260\ccs\tools\compiler\ti-cgt-arm_20.2.7.LTS\lib\</path>
         <kind>archive</kind>
         <file>rtsv7M4_T_le_eabi.lib</file>
         <name>s_scalbn.c.obj</name>
      </input_file>
      <input_file id="fl-ee">
         <path>C:\ti\ccs1260\ccs\tools\compiler\ti-cgt-arm_20.2.7.LTS\lib\</path>
         <kind>archive</kind>
         <file>rtsv7M4_T_le_eabi.lib</file>
         <name>s_copysign.c.obj</name>
      </input_file>
   </input_file_list>
   <object_component_list>
      <object_component id="oc-12">
         <name>.intvecs</name>
         <load_address>0x20004000</load_address>
         <run_address>0x20004000</run_address>
         <size>0x400</size>
         <input_file_ref idref="fl-6"/>
      </object_component>
      <object_component id="oc-24d">
         <name>.text</name>
         <load_address>0x20004400</load_address>
         <run_address>0x20004400</run_address>
         <size>0xa80</size>
         <input_file_ref idref="fl-2"/>
      </object_component>
      <object_component id="oc-28d">
         <name>.text:__TI_printfi</name>
         <load_address>0x20004e80</load_address>
         <run_address>0x20004e80</run_address>
         <size>0xa4e</size>
         <input_file_ref idref="fl-d6"/>
      </object_component>
      <object_component id="oc-137">
         <name>.text</name>
         <load_address>0x200058ce</load_address>
         <run_address>0x200058ce</run_address>
         <size>0x73c</size>
         <input_file_ref idref="fl-7"/>
      </object_component>
      <object_component id="oc-315">
         <name>.text:_nop</name>
         <load_address>0x2000600a</load_address>
         <run_address>0x2000600a</run_address>
         <size>0x2</size>
         <input_file_ref idref="fl-e3"/>
      </object_component>
      <object_component id="oc-fb">
         <name>.text</name>
         <load_address>0x2000600c</load_address>
         <run_address>0x2000600c</run_address>
         <size>0x4a6</size>
         <input_file_ref idref="fl-3"/>
      </object_component>
      <object_component id="oc-42c">
         <name>.text</name>
         <load_address>0x200064b2</load_address>
         <run_address>0x200064b2</run_address>
         <size>0x2</size>
         <input_file_ref idref="fl-d7"/>
      </object_component>
      <object_component id="oc-dd">
         <name>.text</name>
         <load_address>0x200064b4</load_address>
         <run_address>0x200064b4</run_address>
         <size>0x27c</size>
         <input_file_ref idref="fl-8"/>
      </object_component>
      <object_component id="oc-35b">
         <name>.text:_pconv_a</name>
         <load_address>0x20006730</load_address>
         <run_address>0x20006730</run_address>
         <size>0x268</size>
         <input_file_ref idref="fl-d6"/>
      </object_component>
      <object_component id="oc-349">
         <name>.text:_pconv_g</name>
         <load_address>0x20006998</load_address>
         <run_address>0x20006998</run_address>
         <size>0x1cc</size>
         <input_file_ref idref="fl-d6"/>
      </object_component>
      <object_component id="oc-97">
         <name>.text</name>
         <load_address>0x20006b64</load_address>
         <run_address>0x20006b64</run_address>
         <size>0x1c0</size>
         <input_file_ref idref="fl-4"/>
      </object_component>
      <object_component id="oc-3d6">
         <name>.text</name>
         <load_address>0x20006d24</load_address>
         <run_address>0x20006d24</run_address>
         <size>0x1b6</size>
         <input_file_ref idref="fl-d8"/>
      </object_component>
      <object_component id="oc-11f">
         <name>.text:PRCMCC3200MCUInit</name>
         <load_address>0x20006edc</load_address>
         <run_address>0x20006edc</run_address>
         <size>0x178</size>
         <input_file_ref idref="fl-11"/>
      </object_component>
      <object_component id="oc-355">
         <name>.text:_pconv_e</name>
         <load_address>0x20007054</load_address>
         <run_address>0x20007054</run_address>
         <size>0x13c</size>
         <input_file_ref idref="fl-d6"/>
      </object_component>
      <object_component id="oc-3bc">
         <name>.text</name>
         <load_address>0x20007190</load_address>
         <run_address>0x20007190</run_address>
         <size>0x136</size>
         <input_file_ref idref="fl-da"/>
      </object_component>
      <object_component id="oc-3e8">
         <name>.text:fcvt</name>
         <load_address>0x200072c8</load_address>
         <run_address>0x200072c8</run_address>
         <size>0x120</size>
         <input_file_ref idref="fl-d6"/>
      </object_component>
      <object_component id="oc-125">
         <name>.text</name>
         <load_address>0x200073e8</load_address>
         <run_address>0x200073e8</run_address>
         <size>0x114</size>
         <input_file_ref idref="fl-5"/>
      </object_component>
      <object_component id="oc-2b1">
         <name>.text:aligned_alloc</name>
         <load_address>0x200074fc</load_address>
         <run_address>0x200074fc</run_address>
         <size>0x100</size>
         <input_file_ref idref="fl-d3"/>
      </object_component>
      <object_component id="oc-3b7">
         <name>.text</name>
         <load_address>0x200075fc</load_address>
         <run_address>0x200075fc</run_address>
         <size>0xfc</size>
         <input_file_ref idref="fl-db"/>
      </object_component>
      <object_component id="oc-1c8">
         <name>.text:free</name>
         <load_address>0x200076f8</load_address>
         <run_address>0x200076f8</run_address>
         <size>0xe4</size>
         <input_file_ref idref="fl-d3"/>
      </object_component>
      <object_component id="oc-1c2">
         <name>.text:realloc</name>
         <load_address>0x200077dc</load_address>
         <run_address>0x200077dc</run_address>
         <size>0xe4</size>
         <input_file_ref idref="fl-d3"/>
      </object_component>
      <object_component id="oc-3fc">
         <name>.text:scalbn</name>
         <load_address>0x200078c0</load_address>
         <run_address>0x200078c0</run_address>
         <size>0xd0</size>
         <input_file_ref idref="fl-ed"/>
      </object_component>
      <object_component id="oc-33e">
         <name>.text:_ltostr</name>
         <load_address>0x20007990</load_address>
         <run_address>0x20007990</run_address>
         <size>0xb1</size>
         <input_file_ref idref="fl-d6"/>
      </object_component>
      <object_component id="oc-119">
         <name>.text:IntEnable</name>
         <load_address>0x20007a44</load_address>
         <run_address>0x20007a44</run_address>
         <size>0xa8</size>
         <input_file_ref idref="fl-f"/>
      </object_component>
      <object_component id="oc-ef">
         <name>.text:SPIConfigSetExpClk</name>
         <load_address>0x20007aec</load_address>
         <run_address>0x20007aec</run_address>
         <size>0xa0</size>
         <input_file_ref idref="fl-12"/>
      </object_component>
      <object_component id="oc-3d">
         <name>.text</name>
         <load_address>0x20007b8c</load_address>
         <run_address>0x20007b8c</run_address>
         <size>0x9c</size>
         <input_file_ref idref="fl-cd"/>
      </object_component>
      <object_component id="oc-3b0">
         <name>.text</name>
         <load_address>0x20007c28</load_address>
         <run_address>0x20007c28</run_address>
         <size>0x96</size>
         <input_file_ref idref="fl-ce"/>
      </object_component>
      <object_component id="oc-e9">
         <name>.text:PRCMPeripheralClockGet</name>
         <load_address>0x20007cc0</load_address>
         <run_address>0x20007cc0</run_address>
         <size>0x94</size>
         <input_file_ref idref="fl-11"/>
      </object_component>
      <object_component id="oc-2f7">
         <name>.text:PinConfigSet</name>
         <load_address>0x20007d54</load_address>
         <run_address>0x20007d54</run_address>
         <size>0x88</size>
         <input_file_ref idref="fl-10"/>
      </object_component>
      <object_component id="oc-344">
         <name>.text:__aeabi_cdcmple</name>
         <load_address>0x20007ddc</load_address>
         <run_address>0x20007ddc</run_address>
         <size>0x86</size>
         <input_file_ref idref="fl-d9"/>
      </object_component>
      <object_component id="oc-3c1">
         <name>.text:__aeabi_cdrcmple</name>
         <load_address>0x20007e62</load_address>
         <run_address>0x20007e62</run_address>
         <size>0x86</size>
         <input_file_ref idref="fl-d9"/>
      </object_component>
      <object_component id="oc-c5">
         <name>.text:SPIIntStatus</name>
         <load_address>0x20007ee8</load_address>
         <run_address>0x20007ee8</run_address>
         <size>0x7c</size>
         <input_file_ref idref="fl-12"/>
      </object_component>
      <object_component id="oc-8b">
         <name>.text</name>
         <load_address>0x20007f64</load_address>
         <run_address>0x20007f64</run_address>
         <size>0x7a</size>
         <input_file_ref idref="fl-de"/>
      </object_component>
      <object_component id="oc-192">
         <name>.text:UARTConfigSetExpClk</name>
         <load_address>0x20007fde</load_address>
         <run_address>0x20007fde</run_address>
         <size>0x76</size>
         <input_file_ref idref="fl-13"/>
      </object_component>
      <object_component id="oc-2be">
         <name>.text:split</name>
         <load_address>0x20008054</load_address>
         <run_address>0x20008054</run_address>
         <size>0x70</size>
         <input_file_ref idref="fl-d3"/>
      </object_component>
      <object_component id="oc-3e1">
         <name>.text:_mcpy</name>
         <load_address>0x200080c4</load_address>
         <run_address>0x200080c4</run_address>
         <size>0x6e</size>
         <input_file_ref idref="fl-d6"/>
      </object_component>
      <object_component id="oc-15">
         <name>.text:decompress:lzss:__TI_decompress_lzss</name>
         <load_address>0x20008132</load_address>
         <run_address>0x20008132</run_address>
         <size>0x68</size>
         <input_file_ref idref="fl-d1"/>
      </object_component>
      <object_component id="oc-3f6">
         <name>.text:frexp</name>
         <load_address>0x2000819c</load_address>
         <run_address>0x2000819c</run_address>
         <size>0x5c</size>
         <input_file_ref idref="fl-ec"/>
      </object_component>
      <object_component id="oc-131">
         <name>.text:PRCMPeripheralReset</name>
         <load_address>0x200081f8</load_address>
         <run_address>0x200081f8</run_address>
         <size>0x58</size>
         <input_file_ref idref="fl-11"/>
      </object_component>
      <object_component id="oc-34f">
         <name>.text:_pconv_f</name>
         <load_address>0x20008250</load_address>
         <run_address>0x20008250</run_address>
         <size>0x56</size>
         <input_file_ref idref="fl-d6"/>
      </object_component>
      <object_component id="oc-3cb">
         <name>.text:__TI_ltoa</name>
         <load_address>0x200082a6</load_address>
         <run_address>0x200082a6</run_address>
         <size>0x54</size>
         <input_file_ref idref="fl-e4"/>
      </object_component>
      <object_component id="oc-3db">
         <name>.text:_ecpy</name>
         <load_address>0x200082fa</load_address>
         <run_address>0x200082fa</run_address>
         <size>0x52</size>
         <input_file_ref idref="fl-d6"/>
      </object_component>
      <object_component id="oc-107">
         <name>.text:SPIIntEnable</name>
         <load_address>0x2000834c</load_address>
         <run_address>0x2000834c</run_address>
         <size>0x4c</size>
         <input_file_ref idref="fl-12"/>
      </object_component>
      <object_component id="oc-1fb">
         <name>.text:SPIIntNumberGet</name>
         <load_address>0x20008398</load_address>
         <run_address>0x20008398</run_address>
         <size>0x4c</size>
         <input_file_ref idref="fl-12"/>
      </object_component>
      <object_component id="oc-338">
         <name>.text:atoi</name>
         <load_address>0x200083e4</load_address>
         <run_address>0x200083e4</run_address>
         <size>0x4c</size>
         <input_file_ref idref="fl-e6"/>
      </object_component>
      <object_component id="oc-cb">
         <name>.text:SPIIntClear</name>
         <load_address>0x20008430</load_address>
         <run_address>0x20008430</run_address>
         <size>0x48</size>
         <input_file_ref idref="fl-12"/>
      </object_component>
      <object_component id="oc-3c6">
         <name>.text</name>
         <load_address>0x20008478</load_address>
         <run_address>0x20008478</run_address>
         <size>0x48</size>
         <input_file_ref idref="fl-dc"/>
      </object_component>
      <object_component id="oc-182">
         <name>.text:SPIDmaMaskGet</name>
         <load_address>0x200084c0</load_address>
         <run_address>0x200084c0</run_address>
         <size>0x44</size>
         <input_file_ref idref="fl-12"/>
      </object_component>
      <object_component id="oc-150">
         <name>.text:__TI_auto_init_nobinit_nopinit:__TI_auto_init_nobinit_nopinit</name>
         <load_address>0x20008504</load_address>
         <run_address>0x20008504</run_address>
         <size>0x44</size>
         <input_file_ref idref="fl-df"/>
      </object_component>
      <object_component id="oc-22e">
         <name>.text:PinModeSet</name>
         <load_address>0x20008548</load_address>
         <run_address>0x20008548</run_address>
         <size>0x40</size>
         <input_file_ref idref="fl-10"/>
      </object_component>
      <object_component id="oc-19e">
         <name>.text:vsnprintf</name>
         <load_address>0x20008588</load_address>
         <run_address>0x20008588</run_address>
         <size>0x40</size>
         <input_file_ref idref="fl-cc"/>
      </object_component>
      <object_component id="oc-3ee">
         <name>.text:_fcpy</name>
         <load_address>0x200085c8</load_address>
         <run_address>0x200085c8</run_address>
         <size>0x3e</size>
         <input_file_ref idref="fl-d6"/>
      </object_component>
      <object_component id="oc-12b">
         <name>.text:PRCMPeripheralClkEnable</name>
         <load_address>0x20008608</load_address>
         <run_address>0x20008608</run_address>
         <size>0x3c</size>
         <input_file_ref idref="fl-11"/>
      </object_component>
      <object_component id="oc-23a">
         <name>.text:GPIODirModeSet</name>
         <load_address>0x20008644</load_address>
         <run_address>0x20008644</run_address>
         <size>0x36</size>
         <input_file_ref idref="fl-e"/>
      </object_component>
      <object_component id="oc-234">
         <name>.text:PinTypeGPIO</name>
         <load_address>0x2000867a</load_address>
         <run_address>0x2000867a</run_address>
         <size>0x30</size>
         <input_file_ref idref="fl-10"/>
      </object_component>
      <object_component id="oc-27f">
         <name>.text:UARTDisable</name>
         <load_address>0x200086ac</load_address>
         <run_address>0x200086ac</run_address>
         <size>0x30</size>
         <input_file_ref idref="fl-13"/>
      </object_component>
      <object_component id="oc-293">
         <name>.text:_outs</name>
         <load_address>0x200086dc</load_address>
         <run_address>0x200086dc</run_address>
         <size>0x30</size>
         <input_file_ref idref="fl-cc"/>
      </object_component>
      <object_component id="oc-3d1">
         <name>.text</name>
         <load_address>0x2000870c</load_address>
         <run_address>0x2000870c</run_address>
         <size>0x2e</size>
         <input_file_ref idref="fl-dd"/>
      </object_component>
      <object_component id="oc-215">
         <name>.text:PRCMSysResetCauseGet</name>
         <load_address>0x2000873c</load_address>
         <run_address>0x2000873c</run_address>
         <size>0x2c</size>
         <input_file_ref idref="fl-11"/>
      </object_component>
      <object_component id="oc-d7">
         <name>.text:SPIDataGetNonBlocking</name>
         <load_address>0x20008768</load_address>
         <run_address>0x20008768</run_address>
         <size>0x2a</size>
         <input_file_ref idref="fl-12"/>
      </object_component>
      <object_component id="oc-227">
         <name>.text:PRCMPeripheralClkDisable</name>
         <load_address>0x20008794</load_address>
         <run_address>0x20008794</run_address>
         <size>0x28</size>
         <input_file_ref idref="fl-11"/>
      </object_component>
      <object_component id="oc-2c5">
         <name>.text:free_list_insert</name>
         <load_address>0x200087bc</load_address>
         <run_address>0x200087bc</run_address>
         <size>0x28</size>
         <input_file_ref idref="fl-d3"/>
      </object_component>
      <object_component id="oc-1b6">
         <name>.text:memmove</name>
         <load_address>0x200087e4</load_address>
         <run_address>0x200087e4</run_address>
         <size>0x28</size>
         <input_file_ref idref="fl-d2"/>
      </object_component>
      <object_component id="oc-285">
         <name>.text:UARTEnable</name>
         <load_address>0x2000880c</load_address>
         <run_address>0x2000880c</run_address>
         <size>0x24</size>
         <input_file_ref idref="fl-13"/>
      </object_component>
      <object_component id="oc-5b">
         <name>.text:_c_int00_noargs:_c_int00_noargs</name>
         <load_address>0x20008830</load_address>
         <run_address>0x20008830</run_address>
         <size>0x24</size>
         <input_file_ref idref="fl-d5"/>
      </object_component>
      <object_component id="oc-e3">
         <name>.text:SPIReset</name>
         <load_address>0x20008854</load_address>
         <run_address>0x20008854</run_address>
         <size>0x22</size>
         <input_file_ref idref="fl-12"/>
      </object_component>
      <object_component id="oc-1e7">
         <name>.text:GPIOPinWrite</name>
         <load_address>0x20008876</load_address>
         <run_address>0x20008876</run_address>
         <size>0x20</size>
         <input_file_ref idref="fl-e"/>
      </object_component>
      <object_component id="oc-201">
         <name>.text:IntRegister</name>
         <load_address>0x20008898</load_address>
         <run_address>0x20008898</run_address>
         <size>0x20</size>
         <input_file_ref idref="fl-f"/>
      </object_component>
      <object_component id="oc-1ed">
         <name>.text:SPIDataGet</name>
         <load_address>0x200088b8</load_address>
         <run_address>0x200088b8</run_address>
         <size>0x20</size>
         <input_file_ref idref="fl-12"/>
      </object_component>
      <object_component id="oc-d1">
         <name>.text:SPIDataPut</name>
         <load_address>0x200088d8</load_address>
         <run_address>0x200088d8</run_address>
         <size>0x1e</size>
         <input_file_ref idref="fl-12"/>
      </object_component>
      <object_component id="oc-101">
         <name>.text:SPIIntRegister</name>
         <load_address>0x200088f6</load_address>
         <run_address>0x200088f6</run_address>
         <size>0x1e</size>
         <input_file_ref idref="fl-12"/>
      </object_component>
      <object_component id="oc-198">
         <name>.text:UARTCharPut</name>
         <load_address>0x20008914</load_address>
         <run_address>0x20008914</run_address>
         <size>0x1e</size>
         <input_file_ref idref="fl-13"/>
      </object_component>
      <object_component id="oc-1aa">
         <name>.text:UARTCharGetNonBlocking</name>
         <load_address>0x20008932</load_address>
         <run_address>0x20008932</run_address>
         <size>0x1c</size>
         <input_file_ref idref="fl-13"/>
      </object_component>
      <object_component id="oc-49">
         <name>.text:decompress:ZI:__TI_zero_init_nomemset:__TI_zero_init_nomemset</name>
         <load_address>0x2000894e</load_address>
         <run_address>0x2000894e</run_address>
         <size>0x1c</size>
         <input_file_ref idref="fl-cf"/>
      </object_component>
      <object_component id="oc-2b8">
         <name>.text:free_list_remove</name>
         <load_address>0x2000896c</load_address>
         <run_address>0x2000896c</run_address>
         <size>0x1c</size>
         <input_file_ref idref="fl-d3"/>
      </object_component>
      <object_component id="oc-361">
         <name>.text:memccpy</name>
         <load_address>0x20008988</load_address>
         <run_address>0x20008988</run_address>
         <size>0x1c</size>
         <input_file_ref idref="fl-e8"/>
      </object_component>
      <object_component id="oc-240">
         <name>.text:PinTypeUART</name>
         <load_address>0x200089a4</load_address>
         <run_address>0x200089a4</run_address>
         <size>0x1a</size>
         <input_file_ref idref="fl-10"/>
      </object_component>
      <object_component id="oc-1f3">
         <name>.text:SPICSDisable</name>
         <load_address>0x200089be</load_address>
         <run_address>0x200089be</run_address>
         <size>0x18</size>
         <input_file_ref idref="fl-12"/>
      </object_component>
      <object_component id="oc-1e1">
         <name>.text:SPICSEnable</name>
         <load_address>0x200089d6</load_address>
         <run_address>0x200089d6</run_address>
         <size>0x18</size>
         <input_file_ref idref="fl-12"/>
      </object_component>
      <object_component id="oc-f5">
         <name>.text:SPIEnable</name>
         <load_address>0x200089ee</load_address>
         <run_address>0x200089ee</run_address>
         <size>0x18</size>
         <input_file_ref idref="fl-12"/>
      </object_component>
      <object_component id="oc-1a4">
         <name>.text:UARTCharsAvail</name>
         <load_address>0x20008a06</load_address>
         <run_address>0x20008a06</run_address>
         <size>0x18</size>
         <input_file_ref idref="fl-13"/>
      </object_component>
      <object_component id="oc-299">
         <name>.text:_outc</name>
         <load_address>0x20008a1e</load_address>
         <run_address>0x20008a1e</run_address>
         <size>0x18</size>
         <input_file_ref idref="fl-cc"/>
      </object_component>
      <object_component id="oc-21b">
         <name>.text:PRCMHIBRegRead</name>
         <load_address>0x20008a36</load_address>
         <run_address>0x20008a36</run_address>
         <size>0x16</size>
         <input_file_ref idref="fl-11"/>
      </object_component>
      <object_component id="oc-221">
         <name>.text:PRCMHIBRegWrite</name>
         <load_address>0x20008a4c</load_address>
         <run_address>0x20008a4c</run_address>
         <size>0x16</size>
         <input_file_ref idref="fl-11"/>
      </object_component>
      <object_component id="oc-402">
         <name>.text:strchr</name>
         <load_address>0x20008a62</load_address>
         <run_address>0x20008a62</run_address>
         <size>0x16</size>
         <input_file_ref idref="fl-e9"/>
      </object_component>
      <object_component id="oc-20a">
         <name>.text:CPUcpsie</name>
         <load_address>0x20008a78</load_address>
         <run_address>0x20008a78</run_address>
         <size>0x14</size>
         <input_file_ref idref="fl-15"/>
      </object_component>
      <object_component id="oc-10d">
         <name>.text:IntVTableBaseSet</name>
         <load_address>0x20008a8c</load_address>
         <run_address>0x20008a8c</run_address>
         <size>0x14</size>
         <input_file_ref idref="fl-f"/>
      </object_component>
      <object_component id="oc-1b0">
         <name>.text:strlen</name>
         <load_address>0x20008aa0</load_address>
         <run_address>0x20008aa0</run_address>
         <size>0x14</size>
         <input_file_ref idref="fl-d4"/>
      </object_component>
      <object_component id="oc-367">
         <name>.text:wcslen</name>
         <load_address>0x20008ab4</load_address>
         <run_address>0x20008ab4</run_address>
         <size>0x12</size>
         <input_file_ref idref="fl-eb"/>
      </object_component>
      <object_component id="oc-1b">
         <name>.text:decompress:none:__TI_decompress_none</name>
         <load_address>0x20008ac6</load_address>
         <run_address>0x20008ac6</run_address>
         <size>0xe</size>
         <input_file_ref idref="fl-d0"/>
      </object_component>
      <object_component id="oc-29">
         <name>.text</name>
         <load_address>0x20008ad4</load_address>
         <run_address>0x20008ad4</run_address>
         <size>0xe</size>
         <input_file_ref idref="fl-6"/>
      </object_component>
      <object_component id="oc-445">
         <name>.text:copysign</name>
         <load_address>0x20008ae2</load_address>
         <run_address>0x20008ae2</run_address>
         <size>0xc</size>
         <input_file_ref idref="fl-ee"/>
      </object_component>
      <object_component id="oc-113">
         <name>.text:IntMasterEnable</name>
         <load_address>0x20008aee</load_address>
         <run_address>0x20008aee</run_address>
         <size>0xa</size>
         <input_file_ref idref="fl-f"/>
      </object_component>
      <object_component id="oc-36d">
         <name>.text:__aeabi_errno_addr</name>
         <load_address>0x20008af8</load_address>
         <run_address>0x20008af8</run_address>
         <size>0x8</size>
         <input_file_ref idref="fl-ea"/>
      </object_component>
      <object_component id="oc-1bc">
         <name>.text:malloc</name>
         <load_address>0x20008b00</load_address>
         <run_address>0x20008b00</run_address>
         <size>0x8</size>
         <input_file_ref idref="fl-d3"/>
      </object_component>
      <object_component id="oc-2ef">
         <name>.text:UtilsDelay</name>
         <load_address>0x20008b08</load_address>
         <run_address>0x20008b08</run_address>
         <size>0x6</size>
         <input_file_ref idref="fl-14"/>
      </object_component>
      <object_component id="oc-91">
         <name>.text:_system_pre_init</name>
         <load_address>0x20008b0e</load_address>
         <run_address>0x20008b0e</run_address>
         <size>0x4</size>
         <input_file_ref idref="fl-e0"/>
      </object_component>
      <object_component id="oc-144">
         <name>.text:abort:abort</name>
         <load_address>0x20008b12</load_address>
         <run_address>0x20008b12</run_address>
         <size>0x4</size>
         <input_file_ref idref="fl-e2"/>
      </object_component>
      <object_component id="oc-309">
         <name>.const:.string:font</name>
         <load_address>0x20008b18</load_address>
         <run_address>0x20008b18</run_address>
         <size>0x4fb</size>
         <input_file_ref idref="fl-2"/>
      </object_component>
      <object_component id="oc-3ab">
         <name>.const:.string:_ctypes_</name>
         <load_address>0x20009013</load_address>
         <run_address>0x20009013</run_address>
         <size>0x101</size>
         <input_file_ref idref="fl-e7"/>
      </object_component>
      <object_component id="oc-2f3">
         <name>.const:g_ulPinToPadMap</name>
         <load_address>0x20009114</load_address>
         <run_address>0x20009114</run_address>
         <size>0x100</size>
         <input_file_ref idref="fl-10"/>
      </object_component>
      <object_component id="oc-247">
         <name>.const:PRCM_PeriphRegsList</name>
         <load_address>0x20009214</load_address>
         <run_address>0x20009214</run_address>
         <size>0xa8</size>
         <input_file_ref idref="fl-11"/>
      </object_component>
      <object_component id="oc-2e5">
         <name>.const:g_ppulSPIIntMap</name>
         <load_address>0x200092bc</load_address>
         <run_address>0x200092bc</run_address>
         <size>0x24</size>
         <input_file_ref idref="fl-12"/>
      </object_component>
      <object_component id="oc-211">
         <name>.const:g_pulEnRegs</name>
         <load_address>0x200092e0</load_address>
         <run_address>0x200092e0</run_address>
         <size>0x18</size>
         <input_file_ref idref="fl-f"/>
      </object_component>
      <object_component id="oc-279">
         <name>.const:g_ulSPIDmaMaskMap</name>
         <load_address>0x200092f8</load_address>
         <run_address>0x200092f8</run_address>
         <size>0x18</size>
         <input_file_ref idref="fl-12"/>
      </object_component>
      <object_component id="oc-49d">
         <name>.cinit..data.load</name>
         <load_address>0x20009310</load_address>
         <run_address>0x20009310</run_address>
         <size>0x20</size>
      </object_component>
      <object_component id="oc-49b">
         <name>__TI_handler_table</name>
         <load_address>0x20009330</load_address>
         <run_address>0x20009330</run_address>
         <size>0xc</size>
      </object_component>
      <object_component id="oc-49e">
         <name>.cinit..bss.load</name>
         <load_address>0x20009340</load_address>
         <run_address>0x20009340</run_address>
         <size>0x8</size>
      </object_component>
      <object_component id="oc-49c">
         <name>__TI_cinit_table</name>
         <load_address>0x20009348</load_address>
         <run_address>0x20009348</run_address>
         <size>0x10</size>
      </object_component>
      <object_component id="oc-30c">
         <name>.data</name>
         <load_address>0x2001786c</load_address>
         <run_address>0x2001786c</run_address>
         <size>0x15</size>
         <input_file_ref idref="fl-2"/>
      </object_component>
      <object_component id="oc-387">
         <name>.data:$O1$$</name>
         <load_address>0x2001788c</load_address>
         <run_address>0x2001788c</run_address>
         <size>0x8</size>
         <input_file_ref idref="fl-d3"/>
      </object_component>
      <object_component id="oc-25d">
         <name>.data:$O1$$</name>
         <load_address>0x20017884</load_address>
         <run_address>0x20017884</run_address>
         <size>0x8</size>
         <input_file_ref idref="fl-e3"/>
      </object_component>
      <object_component id="oc-412">
         <name>.data</name>
         <load_address>0x20017894</load_address>
         <run_address>0x20017894</run_address>
         <size>0x4</size>
         <input_file_ref idref="fl-ea"/>
      </object_component>
      <object_component id="oc-13d">
         <name>.bss:g_ucTxBuff</name>
         <uninitialized>true</uninitialized>
         <run_address>0x20017800</run_address>
         <size>0x64</size>
         <input_file_ref idref="fl-4"/>
      </object_component>
      <object_component id="oc-140">
         <name>.bss</name>
         <uninitialized>true</uninitialized>
         <run_address>0x20017868</run_address>
         <size>0x2</size>
         <input_file_ref idref="fl-4"/>
      </object_component>
      <object_component id="oc-1ce">
         <name>.bss</name>
         <uninitialized>true</uninitialized>
         <run_address>0x20017864</run_address>
         <size>0x4</size>
         <input_file_ref idref="fl-8"/>
      </object_component>
      <object_component id="oc-23">
         <name>.sysmem</name>
         <uninitialized>true</uninitialized>
         <run_address>0x20017000</run_address>
         <size>0x10</size>
         <input_file_ref idref="fl-d3"/>
      </object_component>
      <object_component id="oc-4a1">
         <name>.sysmem</name>
         <uninitialized>true</uninitialized>
         <run_address>0x20017000</run_address>
         <size>0x0</size>
      </object_component>
      <object_component id="oc-26">
         <name>.stack</name>
         <uninitialized>true</uninitialized>
         <run_address>0x2002f800</run_address>
         <size>0x4</size>
         <input_file_ref idref="fl-d5"/>
      </object_component>
      <object_component id="oc-4a0">
         <name>.stack</name>
         <uninitialized>true</uninitialized>
         <run_address>0x2002f800</run_address>
         <size>0x0</size>
      </object_component>
      <object_component id="oc-310">
         <name>.debug_info</name>
         <load_address>0x0</load_address>
         <run_address>0x0</run_address>
         <size>0x218</size>
         <input_file_ref idref="fl-2"/>
      </object_component>
      <object_component id="oc-30a">
         <name>.debug_info</name>
         <load_address>0x218</load_address>
         <run_address>0x218</run_address>
         <size>0xca</size>
         <input_file_ref idref="fl-2"/>
      </object_component>
      <object_component id="oc-30d">
         <name>.debug_info</name>
         <load_address>0x2e2</load_address>
         <run_address>0x2e2</run_address>
         <size>0x178</size>
         <input_file_ref idref="fl-2"/>
      </object_component>
      <object_component id="oc-251">
         <name>.debug_info</name>
         <load_address>0x45a</load_address>
         <run_address>0x45a</run_address>
         <size>0x1536</size>
         <input_file_ref idref="fl-2"/>
      </object_component>
      <object_component id="oc-38">
         <name>.debug_info</name>
         <load_address>0x1990</load_address>
         <run_address>0x1990</run_address>
         <size>0x84</size>
         <input_file_ref idref="fl-2"/>
      </object_component>
      <object_component id="oc-1fa">
         <name>.debug_info</name>
         <load_address>0x1a14</load_address>
         <run_address>0x1a14</run_address>
         <size>0x231</size>
         <input_file_ref idref="fl-3"/>
      </object_component>
      <object_component id="oc-fd">
         <name>.debug_info</name>
         <load_address>0x1c45</load_address>
         <run_address>0x1c45</run_address>
         <size>0xe59</size>
         <input_file_ref idref="fl-3"/>
      </object_component>
      <object_component id="oc-2d0">
         <name>.debug_info</name>
         <load_address>0x2a9e</load_address>
         <run_address>0x2a9e</run_address>
         <size>0x26b</size>
         <input_file_ref idref="fl-3"/>
      </object_component>
      <object_component id="oc-304">
         <name>.debug_info</name>
         <load_address>0x2d09</load_address>
         <run_address>0x2d09</run_address>
         <size>0x62</size>
         <input_file_ref idref="fl-3"/>
      </object_component>
      <object_component id="oc-2da">
         <name>.debug_info</name>
         <load_address>0x2d6b</load_address>
         <run_address>0x2d6b</run_address>
         <size>0x2a4</size>
         <input_file_ref idref="fl-3"/>
      </object_component>
      <object_component id="oc-189">
         <name>.debug_info</name>
         <load_address>0x300f</load_address>
         <run_address>0x300f</run_address>
         <size>0x2c</size>
         <input_file_ref idref="fl-3"/>
      </object_component>
      <object_component id="oc-bc">
         <name>.debug_info</name>
         <load_address>0x303b</load_address>
         <run_address>0x303b</run_address>
         <size>0x2c</size>
         <input_file_ref idref="fl-3"/>
      </object_component>
      <object_component id="oc-1d3">
         <name>.debug_info</name>
         <load_address>0x3067</load_address>
         <run_address>0x3067</run_address>
         <size>0x2c</size>
         <input_file_ref idref="fl-3"/>
      </object_component>
      <object_component id="oc-2d5">
         <name>.debug_info</name>
         <load_address>0x3093</load_address>
         <run_address>0x3093</run_address>
         <size>0x35</size>
         <input_file_ref idref="fl-3"/>
      </object_component>
      <object_component id="oc-256">
         <name>.debug_info</name>
         <load_address>0x30c8</load_address>
         <run_address>0x30c8</run_address>
         <size>0x566</size>
         <input_file_ref idref="fl-4"/>
      </object_component>
      <object_component id="oc-13e">
         <name>.debug_info</name>
         <load_address>0x362e</load_address>
         <run_address>0x362e</run_address>
         <size>0xce</size>
         <input_file_ref idref="fl-4"/>
      </object_component>
      <object_component id="oc-141">
         <name>.debug_info</name>
         <load_address>0x36fc</load_address>
         <run_address>0x36fc</run_address>
         <size>0xf6</size>
         <input_file_ref idref="fl-4"/>
      </object_component>
      <object_component id="oc-9b">
         <name>.debug_info</name>
         <load_address>0x37f2</load_address>
         <run_address>0x37f2</run_address>
         <size>0x4a5</size>
         <input_file_ref idref="fl-4"/>
      </object_component>
      <object_component id="oc-126">
         <name>.debug_info</name>
         <load_address>0x3c97</load_address>
         <run_address>0x3c97</run_address>
         <size>0x36f</size>
         <input_file_ref idref="fl-5"/>
      </object_component>
      <object_component id="oc-31">
         <name>.debug_info</name>
         <load_address>0x4006</load_address>
         <run_address>0x4006</run_address>
         <size>0x188</size>
         <input_file_ref idref="fl-6"/>
      </object_component>
      <object_component id="oc-13">
         <name>.debug_info</name>
         <load_address>0x418e</load_address>
         <run_address>0x418e</run_address>
         <size>0x107</size>
         <input_file_ref idref="fl-6"/>
      </object_component>
      <object_component id="oc-2a">
         <name>.debug_info</name>
         <load_address>0x4295</load_address>
         <run_address>0x4295</run_address>
         <size>0x428</size>
         <input_file_ref idref="fl-6"/>
      </object_component>
      <object_component id="oc-138">
         <name>.debug_info</name>
         <load_address>0x46bd</load_address>
         <run_address>0x46bd</run_address>
         <size>0xe88</size>
         <input_file_ref idref="fl-7"/>
      </object_component>
      <object_component id="oc-1d2">
         <name>.debug_info</name>
         <load_address>0x5545</load_address>
         <run_address>0x5545</run_address>
         <size>0x3a6</size>
         <input_file_ref idref="fl-8"/>
      </object_component>
      <object_component id="oc-1cf">
         <name>.debug_info</name>
         <load_address>0x58eb</load_address>
         <run_address>0x58eb</run_address>
         <size>0xd1</size>
         <input_file_ref idref="fl-8"/>
      </object_component>
      <object_component id="oc-de">
         <name>.debug_info</name>
         <load_address>0x59bc</load_address>
         <run_address>0x59bc</run_address>
         <size>0x637</size>
         <input_file_ref idref="fl-8"/>
      </object_component>
      <object_component id="oc-1d8">
         <name>.debug_info</name>
         <load_address>0x5ff3</load_address>
         <run_address>0x5ff3</run_address>
         <size>0x110</size>
         <input_file_ref idref="fl-8"/>
      </object_component>
      <object_component id="oc-23e">
         <name>.debug_info</name>
         <load_address>0x6103</load_address>
         <run_address>0x6103</run_address>
         <size>0x1dd</size>
         <input_file_ref idref="fl-e"/>
      </object_component>
      <object_component id="oc-1ea">
         <name>.debug_info</name>
         <load_address>0x62e0</load_address>
         <run_address>0x62e0</run_address>
         <size>0x1d4</size>
         <input_file_ref idref="fl-e"/>
      </object_component>
      <object_component id="oc-2ea">
         <name>.debug_info</name>
         <load_address>0x64b4</load_address>
         <run_address>0x64b4</run_address>
         <size>0x201</size>
         <input_file_ref idref="fl-f"/>
      </object_component>
      <object_component id="oc-212">
         <name>.debug_info</name>
         <load_address>0x66b5</load_address>
         <run_address>0x66b5</run_address>
         <size>0xf4</size>
         <input_file_ref idref="fl-f"/>
      </object_component>
      <object_component id="oc-115">
         <name>.debug_info</name>
         <load_address>0x67a9</load_address>
         <run_address>0x67a9</run_address>
         <size>0x17c</size>
         <input_file_ref idref="fl-f"/>
      </object_component>
      <object_component id="oc-10f">
         <name>.debug_info</name>
         <load_address>0x6925</load_address>
         <run_address>0x6925</run_address>
         <size>0x1ae</size>
         <input_file_ref idref="fl-f"/>
      </object_component>
      <object_component id="oc-203">
         <name>.debug_info</name>
         <load_address>0x6ad3</load_address>
         <run_address>0x6ad3</run_address>
         <size>0x1f8</size>
         <input_file_ref idref="fl-f"/>
      </object_component>
      <object_component id="oc-11b">
         <name>.debug_info</name>
         <load_address>0x6ccb</load_address>
         <run_address>0x6ccb</run_address>
         <size>0x19f</size>
         <input_file_ref idref="fl-f"/>
      </object_component>
      <object_component id="oc-394">
         <name>.debug_info</name>
         <load_address>0x6e6a</load_address>
         <run_address>0x6e6a</run_address>
         <size>0x14e</size>
         <input_file_ref idref="fl-10"/>
      </object_component>
      <object_component id="oc-2f4">
         <name>.debug_info</name>
         <load_address>0x6fb8</load_address>
         <run_address>0x6fb8</run_address>
         <size>0xf6</size>
         <input_file_ref idref="fl-10"/>
      </object_component>
      <object_component id="oc-231">
         <name>.debug_info</name>
         <load_address>0x70ae</load_address>
         <run_address>0x70ae</run_address>
         <size>0x1bf</size>
         <input_file_ref idref="fl-10"/>
      </object_component>
      <object_component id="oc-2fa">
         <name>.debug_info</name>
         <load_address>0x726d</load_address>
         <run_address>0x726d</run_address>
         <size>0x20d</size>
         <input_file_ref idref="fl-10"/>
      </object_component>
      <object_component id="oc-243">
         <name>.debug_info</name>
         <load_address>0x747a</load_address>
         <run_address>0x747a</run_address>
         <size>0x1d4</size>
         <input_file_ref idref="fl-10"/>
      </object_component>
      <object_component id="oc-237">
         <name>.debug_info</name>
         <load_address>0x764e</load_address>
         <run_address>0x764e</run_address>
         <size>0x222</size>
         <input_file_ref idref="fl-10"/>
      </object_component>
      <object_component id="oc-24c">
         <name>.debug_info</name>
         <load_address>0x7870</load_address>
         <run_address>0x7870</run_address>
         <size>0x25e</size>
         <input_file_ref idref="fl-11"/>
      </object_component>
      <object_component id="oc-248">
         <name>.debug_info</name>
         <load_address>0x7ace</load_address>
         <run_address>0x7ace</run_address>
         <size>0xff</size>
         <input_file_ref idref="fl-11"/>
      </object_component>
      <object_component id="oc-217">
         <name>.debug_info</name>
         <load_address>0x7bcd</load_address>
         <run_address>0x7bcd</run_address>
         <size>0x1a6</size>
         <input_file_ref idref="fl-11"/>
      </object_component>
      <object_component id="oc-12d">
         <name>.debug_info</name>
         <load_address>0x7d73</load_address>
         <run_address>0x7d73</run_address>
         <size>0x1eb</size>
         <input_file_ref idref="fl-11"/>
      </object_component>
      <object_component id="oc-229">
         <name>.debug_info</name>
         <load_address>0x7f5e</load_address>
         <run_address>0x7f5e</run_address>
         <size>0x1ed</size>
         <input_file_ref idref="fl-11"/>
      </object_component>
      <object_component id="oc-eb">
         <name>.debug_info</name>
         <load_address>0x814b</load_address>
         <run_address>0x814b</run_address>
         <size>0x216</size>
         <input_file_ref idref="fl-11"/>
      </object_component>
      <object_component id="oc-133">
         <name>.debug_info</name>
         <load_address>0x8361</load_address>
         <run_address>0x8361</run_address>
         <size>0x1c0</size>
         <input_file_ref idref="fl-11"/>
      </object_component>
      <object_component id="oc-120">
         <name>.debug_info</name>
         <load_address>0x8521</load_address>
         <run_address>0x8521</run_address>
         <size>0x283</size>
         <input_file_ref idref="fl-11"/>
      </object_component>
      <object_component id="oc-21c">
         <name>.debug_info</name>
         <load_address>0x87a4</load_address>
         <run_address>0x87a4</run_address>
         <size>0x1bf</size>
         <input_file_ref idref="fl-11"/>
      </object_component>
      <object_component id="oc-222">
         <name>.debug_info</name>
         <load_address>0x8963</load_address>
         <run_address>0x8963</run_address>
         <size>0x1d4</size>
         <input_file_ref idref="fl-11"/>
      </object_component>
      <object_component id="oc-191">
         <name>.debug_info</name>
         <load_address>0x8b37</load_address>
         <run_address>0x8b37</run_address>
         <size>0x232</size>
         <input_file_ref idref="fl-12"/>
      </object_component>
      <object_component id="oc-2e6">
         <name>.debug_info</name>
         <load_address>0x8d69</load_address>
         <run_address>0x8d69</run_address>
         <size>0xf6</size>
         <input_file_ref idref="fl-12"/>
      </object_component>
      <object_component id="oc-27a">
         <name>.debug_info</name>
         <load_address>0x8e5f</load_address>
         <run_address>0x8e5f</run_address>
         <size>0xfa</size>
         <input_file_ref idref="fl-12"/>
      </object_component>
      <object_component id="oc-1fe">
         <name>.debug_info</name>
         <load_address>0x8f59</load_address>
         <run_address>0x8f59</run_address>
         <size>0x19c</size>
         <input_file_ref idref="fl-12"/>
      </object_component>
      <object_component id="oc-185">
         <name>.debug_info</name>
         <load_address>0x90f5</load_address>
         <run_address>0x90f5</run_address>
         <size>0x198</size>
         <input_file_ref idref="fl-12"/>
      </object_component>
      <object_component id="oc-f7">
         <name>.debug_info</name>
         <load_address>0x928d</load_address>
         <run_address>0x928d</run_address>
         <size>0x179</size>
         <input_file_ref idref="fl-12"/>
      </object_component>
      <object_component id="oc-e5">
         <name>.debug_info</name>
         <load_address>0x9406</load_address>
         <run_address>0x9406</run_address>
         <size>0x177</size>
         <input_file_ref idref="fl-12"/>
      </object_component>
      <object_component id="oc-f1">
         <name>.debug_info</name>
         <load_address>0x957d</load_address>
         <run_address>0x957d</run_address>
         <size>0x28e</size>
         <input_file_ref idref="fl-12"/>
      </object_component>
      <object_component id="oc-da">
         <name>.debug_info</name>
         <load_address>0x980b</load_address>
         <run_address>0x980b</run_address>
         <size>0x1de</size>
         <input_file_ref idref="fl-12"/>
      </object_component>
      <object_component id="oc-1ef">
         <name>.debug_info</name>
         <load_address>0x99e9</load_address>
         <run_address>0x99e9</run_address>
         <size>0x1aa</size>
         <input_file_ref idref="fl-12"/>
      </object_component>
      <object_component id="oc-d3">
         <name>.debug_info</name>
         <load_address>0x9b93</load_address>
         <run_address>0x9b93</run_address>
         <size>0x1a6</size>
         <input_file_ref idref="fl-12"/>
      </object_component>
      <object_component id="oc-102">
         <name>.debug_info</name>
         <load_address>0x9d39</load_address>
         <run_address>0x9d39</run_address>
         <size>0x20a</size>
         <input_file_ref idref="fl-12"/>
      </object_component>
      <object_component id="oc-109">
         <name>.debug_info</name>
         <load_address>0x9f43</load_address>
         <run_address>0x9f43</run_address>
         <size>0x1fc</size>
         <input_file_ref idref="fl-12"/>
      </object_component>
      <object_component id="oc-c7">
         <name>.debug_info</name>
         <load_address>0xa13f</load_address>
         <run_address>0xa13f</run_address>
         <size>0x218</size>
         <input_file_ref idref="fl-12"/>
      </object_component>
      <object_component id="oc-cd">
         <name>.debug_info</name>
         <load_address>0xa357</load_address>
         <run_address>0xa357</run_address>
         <size>0x1fa</size>
         <input_file_ref idref="fl-12"/>
      </object_component>
      <object_component id="oc-1e3">
         <name>.debug_info</name>
         <load_address>0xa551</load_address>
         <run_address>0xa551</run_address>
         <size>0x17d</size>
         <input_file_ref idref="fl-12"/>
      </object_component>
      <object_component id="oc-1f5">
         <name>.debug_info</name>
         <load_address>0xa6ce</load_address>
         <run_address>0xa6ce</run_address>
         <size>0x17f</size>
         <input_file_ref idref="fl-12"/>
      </object_component>
      <object_component id="oc-194">
         <name>.debug_info</name>
         <load_address>0xa84d</load_address>
         <run_address>0xa84d</run_address>
         <size>0x25c</size>
         <input_file_ref idref="fl-13"/>
      </object_component>
      <object_component id="oc-286">
         <name>.debug_info</name>
         <load_address>0xaaa9</load_address>
         <run_address>0xaaa9</run_address>
         <size>0x17e</size>
         <input_file_ref idref="fl-13"/>
      </object_component>
      <object_component id="oc-280">
         <name>.debug_info</name>
         <load_address>0xac27</load_address>
         <run_address>0xac27</run_address>
         <size>0x180</size>
         <input_file_ref idref="fl-13"/>
      </object_component>
      <object_component id="oc-1a5">
         <name>.debug_info</name>
         <load_address>0xada7</load_address>
         <run_address>0xada7</run_address>
         <size>0x18a</size>
         <input_file_ref idref="fl-13"/>
      </object_component>
      <object_component id="oc-1ab">
         <name>.debug_info</name>
         <load_address>0xaf31</load_address>
         <run_address>0xaf31</run_address>
         <size>0x19a</size>
         <input_file_ref idref="fl-13"/>
      </object_component>
      <object_component id="oc-199">
         <name>.debug_info</name>
         <load_address>0xb0cb</load_address>
         <run_address>0xb0cb</run_address>
         <size>0x1ab</size>
         <input_file_ref idref="fl-13"/>
      </object_component>
      <object_component id="oc-20c">
         <name>.debug_info</name>
         <load_address>0xb276</load_address>
         <run_address>0xb276</run_address>
         <size>0x14e</size>
         <input_file_ref idref="fl-15"/>
      </object_component>
      <object_component id="oc-2a0">
         <name>.debug_info</name>
         <load_address>0xb3c4</load_address>
         <run_address>0xb3c4</run_address>
         <size>0x212</size>
         <input_file_ref idref="fl-cc"/>
      </object_component>
      <object_component id="oc-1a1">
         <name>.debug_info</name>
         <load_address>0xb5d6</load_address>
         <run_address>0xb5d6</run_address>
         <size>0x208</size>
         <input_file_ref idref="fl-cc"/>
      </object_component>
      <object_component id="oc-296">
         <name>.debug_info</name>
         <load_address>0xb7de</load_address>
         <run_address>0xb7de</run_address>
         <size>0x1c6</size>
         <input_file_ref idref="fl-cc"/>
      </object_component>
      <object_component id="oc-29d">
         <name>.debug_info</name>
         <load_address>0xb9a4</load_address>
         <run_address>0xb9a4</run_address>
         <size>0x179</size>
         <input_file_ref idref="fl-cc"/>
      </object_component>
      <object_component id="oc-2a1">
         <name>.debug_info</name>
         <load_address>0xbb1d</load_address>
         <run_address>0xbb1d</run_address>
         <size>0x2c</size>
         <input_file_ref idref="fl-cc"/>
      </object_component>
      <object_component id="oc-2a6">
         <name>.debug_info</name>
         <load_address>0xbb49</load_address>
         <run_address>0xbb49</run_address>
         <size>0x69</size>
         <input_file_ref idref="fl-cc"/>
      </object_component>
      <object_component id="oc-3f">
         <name>.debug_info</name>
         <load_address>0xbbb2</load_address>
         <run_address>0xbbb2</run_address>
         <size>0x119</size>
         <input_file_ref idref="fl-cd"/>
      </object_component>
      <object_component id="oc-3b1">
         <name>.debug_info</name>
         <load_address>0xbccb</load_address>
         <run_address>0xbccb</run_address>
         <size>0x134</size>
         <input_file_ref idref="fl-ce"/>
      </object_component>
      <object_component id="oc-8a">
         <name>.debug_info</name>
         <load_address>0xbdff</load_address>
         <run_address>0xbdff</run_address>
         <size>0x1a6</size>
         <input_file_ref idref="fl-cf"/>
      </object_component>
      <object_component id="oc-4a">
         <name>.debug_info</name>
         <load_address>0xbfa5</load_address>
         <run_address>0xbfa5</run_address>
         <size>0x1d2</size>
         <input_file_ref idref="fl-cf"/>
      </object_component>
      <object_component id="oc-85">
         <name>.debug_info</name>
         <load_address>0xc177</load_address>
         <run_address>0xc177</run_address>
         <size>0x46</size>
         <input_file_ref idref="fl-cf"/>
      </object_component>
      <object_component id="oc-48">
         <name>.debug_info</name>
         <load_address>0xc1bd</load_address>
         <run_address>0xc1bd</run_address>
         <size>0x17a</size>
         <input_file_ref idref="fl-d0"/>
      </object_component>
      <object_component id="oc-1c">
         <name>.debug_info</name>
         <load_address>0xc337</load_address>
         <run_address>0xc337</run_address>
         <size>0x1ea</size>
         <input_file_ref idref="fl-d0"/>
      </object_component>
      <object_component id="oc-43">
         <name>.debug_info</name>
         <load_address>0xc521</load_address>
         <run_address>0xc521</run_address>
         <size>0x46</size>
         <input_file_ref idref="fl-d0"/>
      </object_component>
      <object_component id="oc-7d">
         <name>.debug_info</name>
         <load_address>0xc567</load_address>
         <run_address>0xc567</run_address>
         <size>0x2c</size>
         <input_file_ref idref="fl-d0"/>
      </object_component>
      <object_component id="oc-7b">
         <name>.debug_info</name>
         <load_address>0xc593</load_address>
         <run_address>0xc593</run_address>
         <size>0x170</size>
         <input_file_ref idref="fl-d1"/>
      </object_component>
      <object_component id="oc-18">
         <name>.debug_info</name>
         <load_address>0xc703</load_address>
         <run_address>0xc703</run_address>
         <size>0x250</size>
         <input_file_ref idref="fl-d1"/>
      </object_component>
      <object_component id="oc-33">
         <name>.debug_info</name>
         <load_address>0xc953</load_address>
         <run_address>0xc953</run_address>
         <size>0x60</size>
         <input_file_ref idref="fl-d1"/>
      </object_component>
      <object_component id="oc-b5">
         <name>.debug_info</name>
         <load_address>0xc9b3</load_address>
         <run_address>0xc9b3</run_address>
         <size>0x46</size>
         <input_file_ref idref="fl-d1"/>
      </object_component>
      <object_component id="oc-76">
         <name>.debug_info</name>
         <load_address>0xc9f9</load_address>
         <run_address>0xc9f9</run_address>
         <size>0x39</size>
         <input_file_ref idref="fl-d1"/>
      </object_component>
      <object_component id="oc-2b0">
         <name>.debug_info</name>
         <load_address>0xca32</load_address>
         <run_address>0xca32</run_address>
         <size>0x172</size>
         <input_file_ref idref="fl-d2"/>
      </object_component>
      <object_component id="oc-1b8">
         <name>.debug_info</name>
         <load_address>0xcba4</load_address>
         <run_address>0xcba4</run_address>
         <size>0x1a9</size>
         <input_file_ref idref="fl-d2"/>
      </object_component>
      <object_component id="oc-6f">
         <name>.debug_info</name>
         <load_address>0xcd4d</load_address>
         <run_address>0xcd4d</run_address>
         <size>0x284</size>
         <input_file_ref idref="fl-d3"/>
      </object_component>
      <object_component id="oc-24">
         <name>.debug_info</name>
         <load_address>0xcfd1</load_address>
         <run_address>0xcfd1</run_address>
         <size>0x10c</size>
         <input_file_ref idref="fl-d3"/>
      </object_component>
      <object_component id="oc-388">
         <name>.debug_info</name>
         <load_address>0xd0dd</load_address>
         <run_address>0xd0dd</run_address>
         <size>0x13f</size>
         <input_file_ref idref="fl-d3"/>
      </object_component>
      <object_component id="oc-1bf">
         <name>.debug_info</name>
         <load_address>0xd21c</load_address>
         <run_address>0xd21c</run_address>
         <size>0x168</size>
         <input_file_ref idref="fl-d3"/>
      </object_component>
      <object_component id="oc-2b9">
         <name>.debug_info</name>
         <load_address>0xd384</load_address>
         <run_address>0xd384</run_address>
         <size>0x18e</size>
         <input_file_ref idref="fl-d3"/>
      </object_component>
      <object_component id="oc-2c6">
         <name>.debug_info</name>
         <load_address>0xd512</load_address>
         <run_address>0xd512</run_address>
         <size>0x19f</size>
         <input_file_ref idref="fl-d3"/>
      </object_component>
      <object_component id="oc-1ca">
         <name>.debug_info</name>
         <load_address>0xd6b1</load_address>
         <run_address>0xd6b1</run_address>
         <size>0x203</size>
         <input_file_ref idref="fl-d3"/>
      </object_component>
      <object_component id="oc-2c0">
         <name>.debug_info</name>
         <load_address>0xd8b4</load_address>
         <run_address>0xd8b4</run_address>
         <size>0x1db</size>
         <input_file_ref idref="fl-d3"/>
      </object_component>
      <object_component id="oc-1c4">
         <name>.debug_info</name>
         <load_address>0xda8f</load_address>
         <run_address>0xda8f</run_address>
         <size>0x26e</size>
         <input_file_ref idref="fl-d3"/>
      </object_component>
      <object_component id="oc-2b3">
         <name>.debug_info</name>
         <load_address>0xdcfd</load_address>
         <run_address>0xdcfd</run_address>
         <size>0x299</size>
         <input_file_ref idref="fl-d3"/>
      </object_component>
      <object_component id="oc-b0">
         <name>.debug_info</name>
         <load_address>0xdf96</load_address>
         <run_address>0xdf96</run_address>
         <size>0xb2</size>
         <input_file_ref idref="fl-d3"/>
      </object_component>
      <object_component id="oc-ab">
         <name>.debug_info</name>
         <load_address>0xe048</load_address>
         <run_address>0xe048</run_address>
         <size>0x2c</size>
         <input_file_ref idref="fl-d3"/>
      </object_component>
      <object_component id="oc-2ae">
         <name>.debug_info</name>
         <load_address>0xe074</load_address>
         <run_address>0xe074</run_address>
         <size>0x161</size>
         <input_file_ref idref="fl-d4"/>
      </object_component>
      <object_component id="oc-1b2">
         <name>.debug_info</name>
         <load_address>0xe1d5</load_address>
         <run_address>0xe1d5</run_address>
         <size>0x245</size>
         <input_file_ref idref="fl-d4"/>
      </object_component>
      <object_component id="oc-27">
         <name>.debug_info</name>
         <load_address>0xe41a</load_address>
         <run_address>0xe41a</run_address>
         <size>0x10b</size>
         <input_file_ref idref="fl-d5"/>
      </object_component>
      <object_component id="oc-5d">
         <name>.debug_info</name>
         <load_address>0xe525</load_address>
         <run_address>0xe525</run_address>
         <size>0x1a9</size>
         <input_file_ref idref="fl-d5"/>
      </object_component>
      <object_component id="oc-374">
         <name>.debug_info</name>
         <load_address>0xe6ce</load_address>
         <run_address>0xe6ce</run_address>
         <size>0x462</size>
         <input_file_ref idref="fl-d6"/>
      </object_component>
      <object_component id="oc-33f">
         <name>.debug_info</name>
         <load_address>0xeb30</load_address>
         <run_address>0xeb30</run_address>
         <size>0x21e</size>
         <input_file_ref idref="fl-d6"/>
      </object_component>
      <object_component id="oc-3dc">
         <name>.debug_info</name>
         <load_address>0xed4e</load_address>
         <run_address>0xed4e</run_address>
         <size>0x1b3</size>
         <input_file_ref idref="fl-d6"/>
      </object_component>
      <object_component id="oc-3e2">
         <name>.debug_info</name>
         <load_address>0xef01</load_address>
         <run_address>0xef01</run_address>
         <size>0x21b</size>
         <input_file_ref idref="fl-d6"/>
      </object_component>
      <object_component id="oc-34a">
         <name>.debug_info</name>
         <load_address>0xf11c</load_address>
         <run_address>0xf11c</run_address>
         <size>0x3bf</size>
         <input_file_ref idref="fl-d6"/>
      </object_component>
      <object_component id="oc-3ea">
         <name>.debug_info</name>
         <load_address>0xf4db</load_address>
         <run_address>0xf4db</run_address>
         <size>0x30b</size>
         <input_file_ref idref="fl-d6"/>
      </object_component>
      <object_component id="oc-3f0">
         <name>.debug_info</name>
         <load_address>0xf7e6</load_address>
         <run_address>0xf7e6</run_address>
         <size>0x215</size>
         <input_file_ref idref="fl-d6"/>
      </object_component>
      <object_component id="oc-350">
         <name>.debug_info</name>
         <load_address>0xf9fb</load_address>
         <run_address>0xf9fb</run_address>
         <size>0x228</size>
         <input_file_ref idref="fl-d6"/>
      </object_component>
      <object_component id="oc-357">
         <name>.debug_info</name>
         <load_address>0xfc23</load_address>
         <run_address>0xfc23</run_address>
         <size>0x303</size>
         <input_file_ref idref="fl-d6"/>
      </object_component>
      <object_component id="oc-35d">
         <name>.debug_info</name>
         <load_address>0xff26</load_address>
         <run_address>0xff26</run_address>
         <size>0x4b4</size>
         <input_file_ref idref="fl-d6"/>
      </object_component>
      <object_component id="oc-28f">
         <name>.debug_info</name>
         <load_address>0x103da</load_address>
         <run_address>0x103da</run_address>
         <size>0x5f4</size>
         <input_file_ref idref="fl-d6"/>
      </object_component>
      <object_component id="oc-375">
         <name>.debug_info</name>
         <load_address>0x109ce</load_address>
         <run_address>0x109ce</run_address>
         <size>0x86</size>
         <input_file_ref idref="fl-d6"/>
      </object_component>
      <object_component id="oc-419">
         <name>.debug_info</name>
         <load_address>0x10a54</load_address>
         <run_address>0x10a54</run_address>
         <size>0x39</size>
         <input_file_ref idref="fl-d6"/>
      </object_component>
      <object_component id="oc-45c">
         <name>.debug_info</name>
         <load_address>0x10a8d</load_address>
         <run_address>0x10a8d</run_address>
         <size>0xb6</size>
         <input_file_ref idref="fl-d6"/>
      </object_component>
      <object_component id="oc-41e">
         <name>.debug_info</name>
         <load_address>0x10b43</load_address>
         <run_address>0x10b43</run_address>
         <size>0x46</size>
         <input_file_ref idref="fl-d6"/>
      </object_component>
      <object_component id="oc-37a">
         <name>.debug_info</name>
         <load_address>0x10b89</load_address>
         <run_address>0x10b89</run_address>
         <size>0x46</size>
         <input_file_ref idref="fl-d6"/>
      </object_component>
      <object_component id="oc-42d">
         <name>.debug_info</name>
         <load_address>0x10bcf</load_address>
         <run_address>0x10bcf</run_address>
         <size>0x115</size>
         <input_file_ref idref="fl-d7"/>
      </object_component>
      <object_component id="oc-3d7">
         <name>.debug_info</name>
         <load_address>0x10ce4</load_address>
         <run_address>0x10ce4</run_address>
         <size>0x14c</size>
         <input_file_ref idref="fl-d8"/>
      </object_component>
      <object_component id="oc-345">
         <name>.debug_info</name>
         <load_address>0x10e30</load_address>
         <run_address>0x10e30</run_address>
         <size>0x128</size>
         <input_file_ref idref="fl-d9"/>
      </object_component>
      <object_component id="oc-3c3">
         <name>.debug_info</name>
         <load_address>0x10f58</load_address>
         <run_address>0x10f58</run_address>
         <size>0x12a</size>
         <input_file_ref idref="fl-d9"/>
      </object_component>
      <object_component id="oc-3be">
         <name>.debug_info</name>
         <load_address>0x11082</load_address>
         <run_address>0x11082</run_address>
[...]
      </symbol>
      <symbol id="sm-1cc">
         <name>testdrawcircles</name>
         <value>0x20005b2f</value>
         <object_component_ref idref="oc-137"/>
      </symbol>
      <symbol id="sm-1cd">
         <name>testlines</name>
         <value>0x20005c9d</value>
         <object_component_ref idref="oc-137"/>
      </symbol>
      <symbol id="sm-1ce">
         <name>testfastlines</name>
         <value>0x2000592d</value>
         <object_component_ref idref="oc-137"/>
      </symbol>
      <symbol id="sm-1cf">
         <name>lcdTestPattern</name>
         <value>0x20005e6b</value>
         <object_component_ref idref="oc-137"/>
      </symbol>
      <symbol id="sm-1d0">
         <name>characterSet</name>
         <value>0x2000592b</value>
         <object_component_ref idref="oc-137"/>
      </symbol>
      <symbol id="sm-1d1">
         <name>delay</name>
         <value>0x200058cf</value>
         <object_component_ref idref="oc-137"/>
      </symbol>
      <symbol id="sm-1d2">
         <name>lcdTestPattern2</name>
         <value>0x20005f3b</value>
         <object_component_ref idref="oc-137"/>
      </symbol>
      <symbol id="sm-1d3">
         <name>testtriangles</name>
         <value>0x20005ba9</value>
         <object_component_ref idref="oc-137"/>
      </symbol>
      <symbol id="sm-1d4">
         <name>testfillrects</name>
         <value>0x200059ff</value>
         <object_component_ref idref="oc-137"/>
      </symbol>
      <symbol id="sm-1d5">
         <name>vertical</name>
         <value>0x20005917</value>
         <object_component_ref idref="oc-137"/>
      </symbol>
      <symbol id="sm-1d6">
         <name>testdrawrects</name>
         <value>0x2000599f</value>
         <object_component_ref idref="oc-137"/>
      </symbol>
      <symbol id="sm-1d7">
         <name>testfillcircles</name>
         <value>0x20005abd</value>
         <object_component_ref idref="oc-137"/>
      </symbol>
      <symbol id="sm-219">
         <name>GetCmd</name>
         <value>0x20006537</value>
         <object_component_ref idref="oc-dd"/>
      </symbol>
      <symbol id="sm-21a">
         <name>Message</name>
         <value>0x200064d3</value>
         <object_component_ref idref="oc-dd"/>
      </symbol>
      <symbol id="sm-21b">
         <name>Report</name>
         <value>0x20006675</value>
         <object_component_ref idref="oc-dd"/>
      </symbol>
      <symbol id="sm-21c">
         <name>Error</name>
         <value>0x200064ff</value>
         <object_component_ref idref="oc-dd"/>
      </symbol>
      <symbol id="sm-21d">
         <name>InitTerm</name>
         <value>0x200064b5</value>
         <object_component_ref idref="oc-dd"/>
      </symbol>
      <symbol id="sm-21e">
         <name>ClearTerm</name>
         <value>0x200064f5</value>
         <object_component_ref idref="oc-dd"/>
      </symbol>
      <symbol id="sm-21f">
         <name>TrimSpace</name>
         <value>0x200065dd</value>
         <object_component_ref idref="oc-dd"/>
      </symbol>
      <symbol id="sm-233">
         <name>GPIODirModeSet</name>
         <value>0x20008645</value>
         <object_component_ref idref="oc-23a"/>
      </symbol>
      <symbol id="sm-234">
         <name>GPIOPinWrite</name>
         <value>0x20008877</value>
         <object_component_ref idref="oc-1e7"/>
      </symbol>
      <symbol id="sm-26d">
         <name>IntVTableBaseSet</name>
         <value>0x20008a8d</value>
         <object_component_ref idref="oc-10d"/>
      </symbol>
      <symbol id="sm-26e">
         <name>IntEnable</name>
         <value>0x20007a45</value>
         <object_component_ref idref="oc-119"/>
      </symbol>
      <symbol id="sm-26f">
         <name>IntRegister</name>
         <value>0x20008899</value>
         <object_component_ref idref="oc-201"/>
      </symbol>
      <symbol id="sm-270">
         <name>IntMasterEnable</name>
         <value>0x20008aef</value>
         <object_component_ref idref="oc-113"/>
      </symbol>
      <symbol id="sm-2a7">
         <name>PinTypeUART</name>
         <value>0x200089a5</value>
         <object_component_ref idref="oc-240"/>
      </symbol>
      <symbol id="sm-2a8">
         <name>PinTypeGPIO</name>
         <value>0x2000867b</value>
         <object_component_ref idref="oc-234"/>
      </symbol>
      <symbol id="sm-2a9">
         <name>PinConfigSet</name>
         <value>0x20007d55</value>
         <object_component_ref idref="oc-2f7"/>
      </symbol>
      <symbol id="sm-2aa">
         <name>PinModeSet</name>
         <value>0x20008549</value>
         <object_component_ref idref="oc-22e"/>
      </symbol>
      <symbol id="sm-330">
         <name>PRCMPeripheralReset</name>
         <value>0x200081f9</value>
         <object_component_ref idref="oc-131"/>
      </symbol>
      <symbol id="sm-331">
         <name>PRCMPeripheralClkEnable</name>
         <value>0x20008609</value>
         <object_component_ref idref="oc-12b"/>
      </symbol>
      <symbol id="sm-332">
         <name>PRCMPeripheralClockGet</name>
         <value>0x20007cc1</value>
         <object_component_ref idref="oc-e9"/>
      </symbol>
      <symbol id="sm-333">
         <name>PRCMCC3200MCUInit</name>
         <value>0x20006edd</value>
         <object_component_ref idref="oc-11f"/>
      </symbol>
      <symbol id="sm-334">
         <name>PRCMHIBRegWrite</name>
         <value>0x20008a4d</value>
         <object_component_ref idref="oc-221"/>
      </symbol>
      <symbol id="sm-335">
         <name>PRCMSysResetCauseGet</name>
         <value>0x2000873d</value>
         <object_component_ref idref="oc-215"/>
      </symbol>
      <symbol id="sm-336">
         <name>PRCMPeripheralClkDisable</name>
         <value>0x20008795</value>
         <object_component_ref idref="oc-227"/>
      </symbol>
      <symbol id="sm-337">
         <name>PRCMHIBRegRead</name>
         <value>0x20008a37</value>
         <object_component_ref idref="oc-21b"/>
      </symbol>
      <symbol id="sm-3e7">
         <name>SPICSEnable</name>
         <value>0x200089d7</value>
         <object_component_ref idref="oc-1e1"/>
      </symbol>
      <symbol id="sm-3e8">
         <name>SPIDataGetNonBlocking</name>
         <value>0x20008769</value>
         <object_component_ref idref="oc-d7"/>
      </symbol>
      <symbol id="sm-3e9">
         <name>SPIDataPut</name>
         <value>0x200088d9</value>
         <object_component_ref idref="oc-d1"/>
      </symbol>
      <symbol id="sm-3ea">
         <name>SPIEnable</name>
         <value>0x200089ef</value>
         <object_component_ref idref="oc-f5"/>
      </symbol>
      <symbol id="sm-3eb">
         <name>SPIDataGet</name>
         <value>0x200088b9</value>
         <object_component_ref idref="oc-1ed"/>
      </symbol>
      <symbol id="sm-3ec">
         <name>SPIConfigSetExpClk</name>
         <value>0x20007aed</value>
         <object_component_ref idref="oc-ef"/>
      </symbol>
      <symbol id="sm-3ed">
         <name>SPIIntRegister</name>
         <value>0x200088f7</value>
         <object_component_ref idref="oc-101"/>
      </symbol>
      <symbol id="sm-3ee">
         <name>SPIReset</name>
         <value>0x20008855</value>
         <object_component_ref idref="oc-e3"/>
      </symbol>
      <symbol id="sm-3ef">
         <name>SPIIntStatus</name>
         <value>0x20007ee9</value>
         <object_component_ref idref="oc-c5"/>
      </symbol>
      <symbol id="sm-3f0">
         <name>SPIIntEnable</name>
         <value>0x2000834d</value>
         <object_component_ref idref="oc-107"/>
      </symbol>
      <symbol id="sm-3f1">
         <name>SPIIntClear</name>
         <value>0x20008431</value>
         <object_component_ref idref="oc-cb"/>
      </symbol>
      <symbol id="sm-3f2">
         <name>SPICSDisable</name>
         <value>0x200089bf</value>
         <object_component_ref idref="oc-1f3"/>
      </symbol>
      <symbol id="sm-42e">
         <name>UARTConfigSetExpClk</name>
         <value>0x20007fdf</value>
         <object_component_ref idref="oc-192"/>
      </symbol>
      <symbol id="sm-42f">
         <name>UARTDisable</name>
         <value>0x200086ad</value>
         <object_component_ref idref="oc-27f"/>
      </symbol>
      <symbol id="sm-430">
         <name>UARTCharsAvail</name>
         <value>0x20008a07</value>
         <object_component_ref idref="oc-1a4"/>
      </symbol>
      <symbol id="sm-431">
         <name>UARTCharGetNonBlocking</name>
         <value>0x20008933</value>
         <object_component_ref idref="oc-1aa"/>
      </symbol>
      <symbol id="sm-432">
         <name>UARTCharPut</name>
         <value>0x20008915</value>
         <object_component_ref idref="oc-198"/>
      </symbol>
      <symbol id="sm-433">
         <name>UARTEnable</name>
         <value>0x2000880d</value>
         <object_component_ref idref="oc-285"/>
      </symbol>
      <symbol id="sm-437">
         <name>UtilsDelay</name>
         <value>0x20008b09</value>
         <object_component_ref idref="oc-2ef"/>
      </symbol>
      <symbol id="sm-441">
         <name>CPUcpsie</name>
         <value>0x20008a79</value>
         <object_component_ref idref="oc-20a"/>
      </symbol>
      <symbol id="sm-471">
         <name>vsnprintf</name>
         <value>0x20008589</value>
         <object_component_ref idref="oc-19e"/>
      </symbol>
      <symbol id="sm-48c">
         <name>memcpy</name>
         <value>0x20007b8d</value>
         <object_component_ref idref="oc-3d"/>
      </symbol>
      <symbol id="sm-48d">
         <name>__aeabi_memcpy</name>
         <value>0x20007b8d</value>
         <object_component_ref idref="oc-3d"/>
      </symbol>
      <symbol id="sm-48e">
         <name>__aeabi_memcpy8</name>
         <value>0x20007b8d</value>
         <object_component_ref idref="oc-3d"/>
      </symbol>
      <symbol id="sm-48f">
         <name>__aeabi_memcpy4</name>
         <value>0x20007b8d</value>
         <object_component_ref idref="oc-3d"/>
      </symbol>
      <symbol id="sm-49c">
         <name>__aeabi_uldivmod</name>
         <value>0x20007c29</value>
         <object_component_ref idref="oc-3b0"/>
      </symbol>
      <symbol id="sm-4b0">
         <name>__TI_zero_init_nomemset</name>
         <value>0x2000894f</value>
         <object_component_ref idref="oc-49"/>
      </symbol>
      <symbol id="sm-4c7">
         <name>__TI_decompress_none</name>
         <value>0x20008ac7</value>
         <object_component_ref idref="oc-1b"/>
      </symbol>
      <symbol id="sm-4ea">
         <name>__TI_decompress_lzss</name>
         <value>0x20008133</value>
         <object_component_ref idref="oc-15"/>
      </symbol>
      <symbol id="sm-4fb">
         <name>memmove</name>
         <value>0x200087e5</value>
         <object_component_ref idref="oc-1b6"/>
      </symbol>
      <symbol id="sm-599">
         <name>_sys_memory</name>
         <value>0x20017000</value>
         <object_component_ref idref="oc-23"/>
      </symbol>
      <symbol id="sm-59a">
         <name>free</name>
         <value>0x200076f9</value>
         <object_component_ref idref="oc-1c8"/>
      </symbol>
      <symbol id="sm-59b">
         <name>realloc</name>
         <value>0x200077dd</value>
         <object_component_ref idref="oc-1c2"/>
      </symbol>
      <symbol id="sm-59c">
         <name>memalign</name>
         <value>0x200074fd</value>
         <object_component_ref idref="oc-2b1"/>
      </symbol>
      <symbol id="sm-59d">
         <name>malloc</name>
         <value>0x20008b01</value>
         <object_component_ref idref="oc-1bc"/>
      </symbol>
      <symbol id="sm-59e">
         <name>aligned_alloc</name>
         <value>0x200074fd</value>
         <object_component_ref idref="oc-2b1"/>
      </symbol>
      <symbol id="sm-5ac">
         <name>strlen</name>
         <value>0x20008aa1</value>
         <object_component_ref idref="oc-1b0"/>
      </symbol>
      <symbol id="sm-5be">
         <name>__stack</name>
         <value>0x2002f800</value>
         <object_component_ref idref="oc-26"/>
      </symbol>
      <symbol id="sm-5bf">
         <name>_c_int00_noargs</name>
         <value>0x20008831</value>
         <object_component_ref idref="oc-5b"/>
      </symbol>
      <symbol id="sm-724">
         <name>__TI_printfi</name>
         <value>0x20004e81</value>
         <object_component_ref idref="oc-28d"/>
      </symbol>
      <symbol id="sm-72e">
         <name>__aeabi_idiv0</name>
         <value>0x200064b3</value>
         <object_component_ref idref="oc-42c"/>
      </symbol>
      <symbol id="sm-72f">
         <name>__aeabi_ldiv0</name>
         <value>0x200064b3</value>
         <object_component_ref idref="oc-42c"/>
      </symbol>
      <symbol id="sm-746">
         <name>__aeabi_dsub</name>
         <value>0x20006d25</value>
         <object_component_ref idref="oc-3d6"/>
      </symbol>
      <symbol id="sm-747">
         <name>__aeabi_dadd</name>
         <value>0x20006d2f</value>
         <object_component_ref idref="oc-3d6"/>
      </symbol>
      <symbol id="sm-769">
         <name>__aeabi_cdcmpeq</name>
         <value>0x20007ddd</value>
         <object_component_ref idref="oc-344"/>
      </symbol>
      <symbol id="sm-76a">
         <name>__aeabi_cdcmple</name>
         <value>0x20007ddd</value>
         <object_component_ref idref="oc-344"/>
      </symbol>
      <symbol id="sm-76b">
         <name>__aeabi_cdrcmple</name>
         <value>0x20007e63</value>
         <object_component_ref idref="oc-3c1"/>
      </symbol>
      <symbol id="sm-77f">
         <name>__aeabi_ddiv</name>
         <value>0x20007191</value>
         <object_component_ref idref="oc-3bc"/>
      </symbol>
      <symbol id="sm-78a">
         <name>__aeabi_dmul</name>
         <value>0x200075fd</value>
         <object_component_ref idref="oc-3b7"/>
      </symbol>
      <symbol id="sm-794">
         <name>__aeabi_d2iz</name>
         <value>0x20008479</value>
         <object_component_ref idref="oc-3c6"/>
      </symbol>
      <symbol id="sm-79e">
         <name>__aeabi_i2d</name>
         <value>0x2000870d</value>
         <object_component_ref idref="oc-3d1"/>
      </symbol>
      <symbol id="sm-7ad">
         <name>__aeabi_memset</name>
         <value>0x20007f67</value>
         <object_component_ref idref="oc-8b"/>
      </symbol>
      <symbol id="sm-7ae">
         <name>memset</name>
         <value>0x20007f6d</value>
         <object_component_ref idref="oc-8b"/>
      </symbol>
      <symbol id="sm-7af">
         <name>__aeabi_memset8</name>
         <value>0x20007f67</value>
         <object_component_ref idref="oc-8b"/>
      </symbol>
      <symbol id="sm-7b0">
         <name>__aeabi_memset4</name>
         <value>0x20007f67</value>
         <object_component_ref idref="oc-8b"/>
      </symbol>
      <symbol id="sm-7b1">
         <name>__aeabi_memclr8</name>
         <value>0x20007f65</value>
         <object_component_ref idref="oc-8b"/>
      </symbol>
      <symbol id="sm-7b2">
         <name>__aeabi_memclr4</name>
         <value>0x20007f65</value>
         <object_component_ref idref="oc-8b"/>
      </symbol>
      <symbol id="sm-7b3">
         <name>__aeabi_memclr</name>
         <value>0x20007f65</value>
         <object_component_ref idref="oc-8b"/>
      </symbol>
      <symbol id="sm-7db">
         <name>__TI_auto_init_nobinit_nopinit</name>
         <value>0x20008505</value>
         <object_component_ref idref="oc-150"/>
      </symbol>
      <symbol id="sm-7e5">
         <name>_system_pre_init</name>
         <value>0x20008b0f</value>
         <object_component_ref idref="oc-91"/>
      </symbol>
      <symbol id="sm-7f1">
         <name>C$$EXIT</name>
         <value>0x20008b13</value>
         <object_component_ref idref="oc-144"/>
      </symbol>
      <symbol id="sm-7f2">
         <name>abort</name>
         <value>0x20008b13</value>
         <object_component_ref idref="oc-144"/>
      </symbol>
      <symbol id="sm-807">
         <name>_nop</name>
         <value>0x2000600b</value>
         <object_component_ref idref="oc-315"/>
      </symbol>
      <symbol id="sm-808">
         <name>_lock</name>
         <value>0x20017884</value>
         <object_component_ref idref="oc-25d"/>
      </symbol>
      <symbol id="sm-809">
         <name>_unlock</name>
         <value>0x20017888</value>
         <object_component_ref idref="oc-25d"/>
      </symbol>
      <symbol id="sm-818">
         <name>__TI_ltoa</name>
         <value>0x200082a7</value>
         <object_component_ref idref="oc-3cb"/>
      </symbol>
      <symbol id="sm-82f">
         <name>atoi</name>
         <value>0x200083e5</value>
         <object_component_ref idref="oc-338"/>
      </symbol>
      <symbol id="sm-83a">
         <name>_ctypes_</name>
         <value>0x20009013</value>
         <object_component_ref idref="oc-3ab"/>
      </symbol>
      <symbol id="sm-84a">
         <name>memccpy</name>
         <value>0x20008989</value>
         <object_component_ref idref="oc-361"/>
      </symbol>
      <symbol id="sm-85a">
         <name>strchr</name>
         <value>0x20008a63</value>
         <object_component_ref idref="oc-402"/>
      </symbol>
      <symbol id="sm-870">
         <name>__aeabi_errno_addr</name>
         <value>0x20008af9</value>
         <object_component_ref idref="oc-36d"/>
      </symbol>
      <symbol id="sm-871">
         <name>errno</name>
         <value>0x20017894</value>
         <object_component_ref idref="oc-412"/>
      </symbol>
      <symbol id="sm-88a">
         <name>wcslen</name>
         <value>0x20008ab5</value>
         <object_component_ref idref="oc-367"/>
      </symbol>
      <symbol id="sm-8aa">
         <name>frexpl</name>
         <value>0x2000819d</value>
         <object_component_ref idref="oc-3f6"/>
      </symbol>
      <symbol id="sm-8ab">
         <name>frexp</name>
         <value>0x2000819d</value>
         <object_component_ref idref="oc-3f6"/>
      </symbol>
      <symbol id="sm-8c9">
         <name>scalbn</name>
         <value>0x200078c1</value>
         <object_component_ref idref="oc-3fc"/>
      </symbol>
      <symbol id="sm-8ca">
         <name>scalbnl</name>
         <value>0x200078c1</value>
         <object_component_ref idref="oc-3fc"/>
      </symbol>
      <symbol id="sm-8cb">
         <name>ldexpl</name>
         <value>0x200078c1</value>
         <object_component_ref idref="oc-3fc"/>
      </symbol>
      <symbol id="sm-8cc">
         <name>ldexp</name>
         <value>0x200078c1</value>
         <object_component_ref idref="oc-3fc"/>
      </symbol>
      <symbol id="sm-8d6">
         <name>copysign</name>
         <value>0x20008ae3</value>
         <object_component_ref idref="oc-445"/>
      </symbol>
      <symbol id="sm-8d7">
         <name>copysignl</name>
         <value>0x20008ae3</value>
         <object_component_ref idref="oc-445"/>
      </symbol>
      <symbol id="sm-8d8">
         <name>__TI_static_base__</name>
         <value>0x20009310</value>
      </symbol>
      <symbol id="sm-8db">
         <name>__mpu_init</name>
         <value>0x0</value>
      </symbol>
      <symbol id="sm-8dc">
         <name>_system_post_cinit</name>
         <value>0x0</value>
      </symbol>
   </symbol_table>
   <title>Link successful</title>
</link_info>
