******************************************************************************
                  TI ARM Linker PC v20.2.7                     
******************************************************************************
>> Linked Wed Jan 31 19:12:51 2024

OUTPUT FILE NAME:   <lab2-pt1.out>
ENTRY POINT SYMBOL: "_c_int00_noargs"  address: 20008c21


MEMORY CONFIGURATION

         name            origin    length      used     unused   attr    fill
----------------------  --------  ---------  --------  --------  ----  --------
  SRAM_CODE             20004000   00013000  00005746  0000d8ba  RW X
  SRAM_DATA             20017000   00019000  00001096  00017f6a  RW X


SEGMENT ALLOCATION MAP

run origin  load origin   length   init length attrs members
----------  ----------- ---------- ----------- ----- -------
20004000    20004000    00005748   00005748    r-x
  20004000    20004000    00000400   00000400    r-- .intvecs
  20004400    20004400    00004b06   00004b06    r-x .text
  20008f08    20008f08    000007f8   000007f8    r-- .const
  20009700    20009700    00000048   00000048    r-- .cinit
20017000    20017000    00000898   00000000    rw-
  20017000    20017000    00000800   00000000    rw- .sysmem
  20017800    20017800    0000006a   00000000    rw- .bss
  2001786c    2001786c    0000002c   00000000    rw- .data
2002f800    2002f800    00000800   00000000    rw-
  2002f800    2002f800    00000800   00000000    rw- .stack


SECTION ALLOCATION MAP

 output                                  attributes/
section   page    origin      length       input sections
--------  ----  ----------  ----------   ----------------
.intvecs   0    20004000    00000400     
                  20004000    00000400     startup_ccs.obj (.intvecs)

.init_array 
*          0    20004000    00000000     UNINITIALIZED

.text      0    20004400    00004b06     
                  20004400    00000a80     Adafruit_GFX.obj (.text)
                  20004e80    00000a4e     rtsv7M4_T_le_eabi.lib : _printfi.c.obj (.text:__TI_printfi)
                  200058ce    0000099c     test.obj (.text)
                  2000626a    00000002     rtsv7M4_T_le_eabi.lib : _lock.c.obj (.text:_nop)
                  2000626c    000004aa     Adafruit_OLED.obj (.text)
                  20006716    00000002     rtsv7M4_T_le_eabi.lib : div0.asm.obj (.text)
                  20006718    00000358     main.obj (.text)
                  20006a70    0000027c     uart_if.obj (.text)
                  20006cec    00000268     rtsv7M4_T_le_eabi.lib : _printfi.c.obj (.text:_pconv_a)
                  20006f54    000001cc                           : _printfi.c.obj (.text:_pconv_g)
                  20007120    000001b6                           : fd_add_t2.asm.obj (.text)
                  200072d6    00000002     --HOLE-- [fill = 0]
                  200072d8    00000178     driverlib.a : prcm.obj (.text:PRCMCC3200MCUInit)
                  20007450    0000013c     rtsv7M4_T_le_eabi.lib : _printfi.c.obj (.text:_pconv_e)
                  2000758c    00000136                           : fd_div_t2.asm.obj (.text)
                  200076c2    00000002     --HOLE-- [fill = 0]
                  200076c4    00000120                           : _printfi.c.obj (.text:fcvt)
                  200077e4    00000108     pin_mux_config.obj (.text)
                  200078ec    00000100     rtsv7M4_T_le_eabi.lib : memory.c.obj (.text:aligned_alloc)
                  200079ec    000000fc                           : fd_mul_t2.asm.obj (.text)
                  20007ae8    000000e4                           : memory.c.obj (.text:free)
                  20007bcc    000000e4                           : memory.c.obj (.text:realloc)
                  20007cb0    000000d0                           : s_scalbn.c.obj (.text:scalbn)
                  20007d80    000000b1                           : _printfi.c.obj (.text:_ltostr)
                  20007e31    00000003     --HOLE-- [fill = 0]
                  20007e34    000000a8     driverlib.a : interrupt.obj (.text:IntEnable)
                  20007edc    000000a0                 : spi.obj (.text:SPIConfigSetExpClk)
                  20007f7c    0000009c     rtsv7M4_T_le_eabi.lib : memcpy_t2.asm.obj (.text)
                  20008018    00000096                           : ull_div_t2.asm.obj (.text)
                  200080ae    00000002     --HOLE-- [fill = 0]
                  200080b0    00000094     driverlib.a : prcm.obj (.text:PRCMPeripheralClockGet)
                  20008144    00000088                 : pin.obj (.text:PinConfigSet)
                  200081cc    00000086     rtsv7M4_T_le_eabi.lib : fd_cmp_t2.asm.obj (.text:__aeabi_cdcmple)
                  20008252    00000086                           : fd_cmp_t2.asm.obj (.text:__aeabi_cdrcmple)
                  200082d8    0000007c     driverlib.a : spi.obj (.text:SPIIntStatus)
                  20008354    0000007a     rtsv7M4_T_le_eabi.lib : memset_t2.asm.obj (.text)
                  200083ce    00000076     driverlib.a : uart.obj (.text:UARTConfigSetExpClk)
                  20008444    00000070     rtsv7M4_T_le_eabi.lib : memory.c.obj (.text:split)
                  200084b4    0000006e                           : _printfi.c.obj (.text:_mcpy)
                  20008522    00000068                           : copy_decompress_lzss.c.obj (.text:decompress:lzss:__TI_decompress_lzss)
                  2000858a    00000002     --HOLE-- [fill = 0]
                  2000858c    0000005c                           : s_frexp.c.obj (.text:frexp)
                  200085e8    00000058     driverlib.a : prcm.obj (.text:PRCMPeripheralReset)
                  20008640    00000056     rtsv7M4_T_le_eabi.lib : _printfi.c.obj (.text:_pconv_f)
                  20008696    00000054                           : _ltoa.c.obj (.text:__TI_ltoa)
                  200086ea    00000052                           : _printfi.c.obj (.text:_ecpy)
                  2000873c    0000004c     driverlib.a : spi.obj (.text:SPIIntEnable)
                  20008788    0000004c                 : spi.obj (.text:SPIIntNumberGet)
                  200087d4    0000004c     rtsv7M4_T_le_eabi.lib : atoi.c.obj (.text:atoi)
                  20008820    00000048     driverlib.a : spi.obj (.text:SPIIntClear)
                  20008868    00000048     rtsv7M4_T_le_eabi.lib : fd_toi_t2.asm.obj (.text)
                  200088b0    00000044     driverlib.a : spi.obj (.text:SPIDmaMaskGet)
                  200088f4    00000044     rtsv7M4_T_le_eabi.lib : autoinit.c.obj (.text:__TI_auto_init_nobinit_nopinit:__TI_auto_init_nobinit_nopinit)
                  20008938    00000040     driverlib.a : pin.obj (.text:PinModeSet)
                  20008978    00000040     rtsv7M4_T_le_eabi.lib : vsnprintf.c.obj (.text:vsnprintf)
                  200089b8    0000003e                           : _printfi.c.obj (.text:_fcpy)
                  200089f6    00000002     --HOLE-- [fill = 0]
                  200089f8    0000003c     driverlib.a : prcm.obj (.text:PRCMPeripheralClkEnable)
                  20008a34    00000036                 : gpio.obj (.text:GPIODirModeSet)
                  20008a6a    00000030                 : pin.obj (.text:PinTypeGPIO)
                  20008a9a    00000002     --HOLE-- [fill = 0]
                  20008a9c    00000030                 : uart.obj (.text:UARTDisable)
                  20008acc    00000030     rtsv7M4_T_le_eabi.lib : vsnprintf.c.obj (.text:_outs)
                  20008afc    0000002e                           : i_tofd_t2.asm.obj (.text)
                  20008b2a    00000002     --HOLE-- [fill = 0]
                  20008b2c    0000002c     driverlib.a : prcm.obj (.text:PRCMSysResetCauseGet)
                  20008b58    0000002a                 : spi.obj (.text:SPIDataGetNonBlocking)
                  20008b82    00000002     --HOLE-- [fill = 0]
                  20008b84    00000028                 : prcm.obj (.text:PRCMPeripheralClkDisable)
                  20008bac    00000028     rtsv7M4_T_le_eabi.lib : memory.c.obj (.text:free_list_insert)
                  20008bd4    00000028                           : memmov.c.obj (.text:memmove)
                  20008bfc    00000024     driverlib.a : uart.obj (.text:UARTEnable)
                  20008c20    00000024     rtsv7M4_T_le_eabi.lib : boot_cortex_m.c.obj (.text:_c_int00_noargs:_c_int00_noargs)
                  20008c44    00000022     driverlib.a : spi.obj (.text:SPIReset)
                  20008c66    00000020                 : gpio.obj (.text:GPIOPinWrite)
                  20008c86    00000002     --HOLE-- [fill = 0]
                  20008c88    00000020                 : interrupt.obj (.text:IntRegister)
                  20008ca8    00000020                 : spi.obj (.text:SPIDataGet)
                  20008cc8    0000001e                 : spi.obj (.text:SPIDataPut)
                  20008ce6    0000001e                 : spi.obj (.text:SPIIntRegister)
                  20008d04    0000001e                 : uart.obj (.text:UARTCharPut)
                  20008d22    0000001c                 : uart.obj (.text:UARTCharGetNonBlocking)
                  20008d3e    0000001c     rtsv7M4_T_le_eabi.lib : copy_zero_init.c.obj (.text:decompress:ZI:__TI_zero_init_nomemset:__TI_zero_init_nomemset)
                  20008d5a    00000002     --HOLE-- [fill = 0]
                  20008d5c    0000001c                           : memory.c.obj (.text:free_list_remove)
                  20008d78    0000001c                           : memccpy.c.obj (.text:memccpy)
                  20008d94    0000001a     driverlib.a : pin.obj (.text:PinTypeSPI)
                  20008dae    00000018                 : spi.obj (.text:SPICSDisable)
                  20008dc6    00000018                 : spi.obj (.text:SPICSEnable)
                  20008dde    00000018                 : spi.obj (.text:SPIEnable)
                  20008df6    00000018                 : uart.obj (.text:UARTCharsAvail)
                  20008e0e    00000018     rtsv7M4_T_le_eabi.lib : vsnprintf.c.obj (.text:_outc)
                  20008e26    00000016     driverlib.a : prcm.obj (.text:PRCMHIBRegRead)
                  20008e3c    00000016                 : prcm.obj (.text:PRCMHIBRegWrite)
                  20008e52    00000016     rtsv7M4_T_le_eabi.lib : strchr.c.obj (.text:strchr)
                  20008e68    00000014     driverlib.a : cpu.obj (.text:CPUcpsie)
                  20008e7c    00000014                 : interrupt.obj (.text:IntVTableBaseSet)
                  20008e90    00000014     rtsv7M4_T_le_eabi.lib : strlen.c.obj (.text:strlen)
                  20008ea4    00000012                           : wcslen.c.obj (.text:wcslen)
                  20008eb6    0000000e                           : copy_decompress_none.c.obj (.text:decompress:none:__TI_decompress_none)
                  20008ec4    0000000e     startup_ccs.obj (.text)
                  20008ed2    0000000c     rtsv7M4_T_le_eabi.lib : s_copysign.c.obj (.text:copysign)
                  20008ede    0000000a     driverlib.a : interrupt.obj (.text:IntMasterEnable)
                  20008ee8    00000008     rtsv7M4_T_le_eabi.lib : errno.c.obj (.text:__aeabi_errno_addr)
                  20008ef0    00000008                           : memory.c.obj (.text:malloc)
                  20008ef8    00000006     driverlib.a : utils.obj (.text:UtilsDelay)
                  20008efe    00000004     rtsv7M4_T_le_eabi.lib : pre_init.c.obj (.text:_system_pre_init)
                  20008f02    00000004                           : exit.c.obj (.text:abort:abort)

.const     0    20008f08    000007f8     
                  20008f08    000004fb     Adafruit_GFX.obj (.const:.string:font)
                  20009403    00000101     rtsv7M4_T_le_eabi.lib : ctype.c.obj (.const:.string:_ctypes_)
                  20009504    00000100     driverlib.a : pin.obj (.const:g_ulPinToPadMap)
                  20009604    000000a8                 : prcm.obj (.const:PRCM_PeriphRegsList)
                  200096ac    00000024                 : spi.obj (.const:g_ppulSPIIntMap)
                  200096d0    00000018                 : interrupt.obj (.const:g_pulEnRegs)
                  200096e8    00000018                 : spi.obj (.const:g_ulSPIDmaMaskMap)

.cinit     0    20009700    00000048     
                  20009700    00000020     (.cinit..data.load) [load image, compression = lzss]
                  20009720    0000000c     (__TI_handler_table)
                  2000972c    00000004     --HOLE-- [fill = 0]
                  20009730    00000008     (.cinit..bss.load) [load image, compression = zero_init]
                  20009738    00000010     (__TI_cinit_table)

.sysmem    0    20017000    00000800     UNINITIALIZED
                  20017000    00000010     rtsv7M4_T_le_eabi.lib : memory.c.obj (.sysmem)
                  20017010    000007f0     --HOLE--

.bss       0    20017800    0000006a     UNINITIALIZED
                  20017800    00000064     main.obj (.bss:g_ucTxBuff)
                  20017864    00000004     uart_if.obj (.bss)
                  20017868    00000002     main.obj (.bss)

.data      0    2001786c    0000002c     UNINITIALIZED
                  2001786c    00000015     Adafruit_GFX.obj (.data)
                  20017881    00000003     --HOLE--
                  20017884    00000008     rtsv7M4_T_le_eabi.lib : _lock.c.obj (.data:$O1$$)
                  2001788c    00000008                           : memory.c.obj (.data:$O1$$)
                  20017894    00000004                           : errno.c.obj (.data)

.stack     0    2002f800    00000800     UNINITIALIZED
                  2002f800    00000004     rtsv7M4_T_le_eabi.lib : boot_cortex_m.c.obj (.stack)
                  2002f804    000007fc     --HOLE--

__llvm_prf_cnts 
*          0    20017000    00000000     UNINITIALIZED

MODULE SUMMARY

       Module                       code    ro data   rw data
       ------                       ----    -------   -------
    .\
       Adafruit_GFX.obj             2688    1275      21     
       test.obj                     2460    0         0      
       Adafruit_OLED.obj            1194    0         0      
       startup_ccs.obj              14      1024      0      
       main.obj                     856     0         102    
       uart_if.obj                  636     0         4      
       pin_mux_config.obj           264     0         0      
    +--+----------------------------+-------+---------+---------+
       Total:                       8112    2299      127    
                                                             
    C:/ti/CC3200SDK_1.5.0/cc3200-sdk/driverlib/ccs/Release/driverlib.a
       prcm.obj                     800     168       0      
       spi.obj                      816     60        0      
       pin.obj                      274     256       0      
       uart.obj                     284     0         0      
       interrupt.obj                230     24        0      
       gpio.obj                     86      0         0      
       cpu.obj                      20      0         0      
       utils.obj                    6       0         0      
    +--+----------------------------+-------+---------+---------+
       Total:                       2516    508       0      
                                                             
    C:\ti\ccs1260\ccs\tools\compiler\ti-cgt-arm_20.2.7.LTS\lib\rtsv7M4_T_le_eabi.lib
       _printfi.c.obj               4835    0         0      
       memory.c.obj                 900     0         8      
       fd_add_t2.asm.obj            438     0         0      
       fd_div_t2.asm.obj            310     0         0      
       fd_cmp_t2.asm.obj            268     0         0      
       ctype.c.obj                  0       257       0      
       fd_mul_t2.asm.obj            252     0         0      
       s_scalbn.c.obj               208     0         0      
       memcpy_t2.asm.obj            156     0         0      
       ull_div_t2.asm.obj           150     0         0      
       vsnprintf.c.obj              136     0         0      
       memset_t2.asm.obj            122     0         0      
       copy_decompress_lzss.c.obj   104     0         0      
       s_frexp.c.obj                92      0         0      
       _ltoa.c.obj                  84      0         0      
       atoi.c.obj                   76      0         0      
       fd_toi_t2.asm.obj            72      0         0      
       autoinit.c.obj               68      0         0      
       i_tofd_t2.asm.obj            46      0         0      
       memmov.c.obj                 40      0         0      
       boot_cortex_m.c.obj          36      0         0      
       copy_zero_init.c.obj         28      0         0      
       memccpy.c.obj                28      0         0      
       strchr.c.obj                 22      0         0      
       strlen.c.obj                 20      0         0      
       wcslen.c.obj                 18      0         0      
       copy_decompress_none.c.obj   14      0         0      
       errno.c.obj                  8       0         4      
       s_copysign.c.obj             12      0         0      
       _lock.c.obj                  2       0         8      
       exit.c.obj                   4       0         0      
       pre_init.c.obj               4       0         0      
       div0.asm.obj                 2       0         0      
    +--+----------------------------+-------+---------+---------+
       Total:                       8555    257       20     
                                                             
       Heap:                        0       0         2048   
       Stack:                       0       0         2048   
       Linker Generated:            0       68        0      
    +--+----------------------------+-------+---------+---------+
       Grand Total:                 19183   3132      4243   


LINKER GENERATED COPY TABLES

__TI_cinit_table @ 20009738 records: 2, size/record: 8, table size: 16
	.data: load addr=20009700, load size=00000020 bytes, run addr=2001786c, run size=0000002c bytes, compression=lzss
	.bss: load addr=20009730, load size=00000008 bytes, run addr=20017800, run size=0000006a bytes, compression=zero_init


LINKER GENERATED HANDLER TABLE

__TI_handler_table @ 20009720 records: 3, size/record: 4, table size: 12
	index: 0, handler: __TI_decompress_lzss
	index: 1, handler: __TI_decompress_none
	index: 2, handler: __TI_zero_init


GLOBAL SYMBOLS: SORTED ALPHABETICALLY BY Name 

address   name                          
-------   ----                          
20006301  Adafruit_Init                 
20008f03  C$$EXIT                       
20008e69  CPUcpsie                      
20006ab1  ClearTerm                     
20006477  Color565                      
20006abb  Error                         
20008a35  GPIODirModeSet                
20008c67  GPIOPinWrite                  
20006af3  GetCmd                        
20006a71  InitTerm                      
20007e35  IntEnable                     
20008edf  IntMasterEnable               
20008c89  IntRegister                   
20008e7d  IntVTableBaseSet              
20006789  MasterMain                    
20006a8f  Message                       
20004dab  Outstr                        
200072d9  PRCMCC3200MCUInit             
20008e27  PRCMHIBRegRead                
20008e3d  PRCMHIBRegWrite               
20008b85  PRCMPeripheralClkDisable      
200089f9  PRCMPeripheralClkEnable       
200080b1  PRCMPeripheralClockGet        
200085e9  PRCMPeripheralReset           
20008b2d  PRCMSysResetCauseGet          
20008145  PinConfigSet                  
20008939  PinModeSet                    
200077e5  PinMuxConfig                  
20008a6b  PinTypeGPIO                   
20008d95  PinTypeSPI                    
20006c31  Report                        
20008ec5  ResetISR                      
20008daf  SPICSDisable                  
20008dc7  SPICSEnable                   
20007edd  SPIConfigSetExpClk            
20008ca9  SPIDataGet                    
20008b59  SPIDataGetNonBlocking         
20008cc9  SPIDataPut                    
20008ddf  SPIEnable                     
20008821  SPIIntClear                   
2000873d  SPIIntEnable                  
20008ce7  SPIIntRegister                
200082d9  SPIIntStatus                  
20008c45  SPIReset                      
200067c9  SlaveMain                     
20006b99  TrimSpace                     
20008d23  UARTCharGetNonBlocking        
20008d05  UARTCharPut                   
20008df7  UARTCharsAvail                
200083cf  UARTConfigSetExpClk           
20008a9d  UARTDisable                   
20008bfd  UARTEnable                    
20008ef9  UtilsDelay                    
20030000  __STACK_END                   
00000800  __STACK_SIZE                  
00000800  __SYSMEM_SIZE                 
20009738  __TI_CINIT_Base               
20009748  __TI_CINIT_Limit              
20009720  __TI_Handler_Table_Base       
2000972c  __TI_Handler_Table_Limit      
200088f5  __TI_auto_init_nobinit_nopinit
20008523  __TI_decompress_lzss          
20008eb7  __TI_decompress_none          
20008697  __TI_ltoa                     
ffffffff  __TI_pprof_out_hndl           
20004e81  __TI_printfi                  
ffffffff  __TI_prof_data_size           
ffffffff  __TI_prof_data_start          
20009700  __TI_static_base__            
20008d3f  __TI_zero_init_nomemset       
200081cd  __aeabi_cdcmpeq               
200081cd  __aeabi_cdcmple               
20008253  __aeabi_cdrcmple              
20008869  __aeabi_d2iz                  
2000712b  __aeabi_dadd                  
2000758d  __aeabi_ddiv                  
200079ed  __aeabi_dmul                  
20007121  __aeabi_dsub                  
20008ee9  __aeabi_errno_addr            
20008afd  __aeabi_i2d                   
20006717  __aeabi_idiv0                 
20006717  __aeabi_ldiv0                 
20008355  __aeabi_memclr                
20008355  __aeabi_memclr4               
20008355  __aeabi_memclr8               
20007f7d  __aeabi_memcpy                
20007f7d  __aeabi_memcpy4               
20007f7d  __aeabi_memcpy8               
20008357  __aeabi_memset                
20008357  __aeabi_memset4               
20008357  __aeabi_memset8               
20008019  __aeabi_uldivmod              
ffffffff  __binit__                     
ffffffff  __c_args__                    
UNDEFED   __mpu_init                    
2002f800  __stack                       
20017000  __start___llvm_prf_cnts       
20017000  __stop___llvm_prf_cnts        
20008c21  _c_int00_noargs               
20009403  _ctypes_                      
20017884  _lock                         
2000626b  _nop                          
20017000  _sys_memory                   
UNDEFED   _system_post_cinit            
20008eff  _system_pre_init              
20017888  _unlock                       
20008f03  abort                         
200078ed  aligned_alloc                 
200087d5  atoi                          
ffffffff  binit                         
20005a0f  characterSet                  
20008ed3  copysign                      
20008ed3  copysignl                     
2001786c  cursor_x                      
20017870  cursor_y                      
200058cf  delay                         
20004c5f  drawChar                      
20004401  drawCircle                    
20004535  drawCircleHelper              
20006621  drawFastHLine                 
20006581  drawFastVLine                 
2000477b  drawLine                      
200066bd  drawPixel                     
20004867  drawRect                      
200048b5  drawRoundRect                 
20004a1d  drawTriangle                  
20017894  errno                         
20004653  fillCircle                    
2000468d  fillCircleHelper              
200064cf  fillRect                      
200049a3  fillRoundRect                 
200064b9  fillScreen                    
20004a5f  fillTriangle                  
20007ae9  free                          
2000858d  frexp                         
2000858d  frexpl                        
20004000  g_pfnVectors                  
20006433  goTo                          
20004e5f  height                        
20005903  helloworld                    
20005a6d  horizontal                    
200066fb  invert                        
200060cb  lcdTestPattern                
2000619b  lcdTestPattern2               
20007cb1  ldexp                         
20007cb1  ldexpl                        
20006839  main                          
20008ef1  malloc                        
200078ed  memalign                      
20008d79  memccpy                       
20007f7d  memcpy                        
20008bd5  memmove                       
2000835d  memset                        
20007bcd  realloc                       
20007cb1  scalbn                        
20007cb1  scalbnl                       
20004df7  setCursor                     
20004e2f  setTextColor                  
20004e0f  setTextSize                   
20004e47  setTextWrap                   
20008e53  strchr                        
20008e91  strlen                        
20005d8f  testdrawcircles               
20005bff  testdrawrects                 
20005b8d  testfastlines                 
20005d1d  testfillcircles               
20005c5f  testfillrects                 
20005efd  testlines                     
20005e8b  testroundrects                
20005e09  testtriangles                 
2001787c  textbgcolor                   
20017878  textcolor                     
20017874  textsize                      
20005afd  vertical                      
20008979  vsnprintf                     
20008ea5  wcslen                        
20004e5b  width                         
20017880  wrap                          
2000626d  writeCommand                  
200062b7  writeData                     


GLOBAL SYMBOLS: SORTED BY Symbol Address 

address   name                          
-------   ----                          
00000800  __STACK_SIZE                  
00000800  __SYSMEM_SIZE                 
20004000  g_pfnVectors                  
20004401  drawCircle                    
20004535  drawCircleHelper              
20004653  fillCircle                    
2000468d  fillCircleHelper              
2000477b  drawLine                      
20004867  drawRect                      
200048b5  drawRoundRect                 
200049a3  fillRoundRect                 
20004a1d  drawTriangle                  
20004a5f  fillTriangle                  
20004c5f  drawChar                      
20004dab  Outstr                        
20004df7  setCursor                     
20004e0f  setTextSize                   
20004e2f  setTextColor                  
20004e47  setTextWrap                   
20004e5b  width                         
20004e5f  height                        
20004e81  __TI_printfi                  
200058cf  delay                         
20005903  helloworld                    
20005a0f  characterSet                  
20005a6d  horizontal                    
20005afd  vertical                      
20005b8d  testfastlines                 
20005bff  testdrawrects                 
20005c5f  testfillrects                 
20005d1d  testfillcircles               
20005d8f  testdrawcircles               
20005e09  testtriangles                 
20005e8b  testroundrects                
20005efd  testlines                     
200060cb  lcdTestPattern                
2000619b  lcdTestPattern2               
2000626b  _nop                          
2000626d  writeCommand                  
200062b7  writeData                     
20006301  Adafruit_Init                 
20006433  goTo                          
20006477  Color565                      
200064b9  fillScreen                    
200064cf  fillRect                      
20006581  drawFastVLine                 
20006621  drawFastHLine                 
200066bd  drawPixel                     
200066fb  invert                        
20006717  __aeabi_idiv0                 
20006717  __aeabi_ldiv0                 
20006789  MasterMain                    
200067c9  SlaveMain                     
20006839  main                          
20006a71  InitTerm                      
20006a8f  Message                       
20006ab1  ClearTerm                     
20006abb  Error                         
20006af3  GetCmd                        
20006b99  TrimSpace                     
20006c31  Report                        
20007121  __aeabi_dsub                  
2000712b  __aeabi_dadd                  
200072d9  PRCMCC3200MCUInit             
2000758d  __aeabi_ddiv                  
200077e5  PinMuxConfig                  
200078ed  aligned_alloc                 
200078ed  memalign                      
200079ed  __aeabi_dmul                  
20007ae9  free                          
20007bcd  realloc                       
20007cb1  ldexp                         
20007cb1  ldexpl                        
20007cb1  scalbn                        
20007cb1  scalbnl                       
20007e35  IntEnable                     
20007edd  SPIConfigSetExpClk            
20007f7d  __aeabi_memcpy                
20007f7d  __aeabi_memcpy4               
20007f7d  __aeabi_memcpy8               
20007f7d  memcpy                        
20008019  __aeabi_uldivmod              
200080b1  PRCMPeripheralClockGet        
20008145  PinConfigSet                  
200081cd  __aeabi_cdcmpeq               
200081cd  __aeabi_cdcmple               
20008253  __aeabi_cdrcmple              
200082d9  SPIIntStatus                  
20008355  __aeabi_memclr                
20008355  __aeabi_memclr4               
20008355  __aeabi_memclr8               
20008357  __aeabi_memset                
20008357  __aeabi_memset4               
20008357  __aeabi_memset8               
2000835d  memset                        
200083cf  UARTConfigSetExpClk           
20008523  __TI_decompress_lzss          
2000858d  frexp                         
2000858d  frexpl                        
200085e9  PRCMPeripheralReset           
20008697  __TI_ltoa                     
2000873d  SPIIntEnable                  
200087d5  atoi                          
20008821  SPIIntClear                   
20008869  __aeabi_d2iz                  
200088f5  __TI_auto_init_nobinit_nopinit
20008939  PinModeSet                    
20008979  vsnprintf                     
200089f9  PRCMPeripheralClkEnable       
20008a35  GPIODirModeSet                
20008a6b  PinTypeGPIO                   
20008a9d  UARTDisable                   
20008afd  __aeabi_i2d                   
20008b2d  PRCMSysResetCauseGet          
20008b59  SPIDataGetNonBlocking         
20008b85  PRCMPeripheralClkDisable      
20008bd5  memmove                       
20008bfd  UARTEnable                    
20008c21  _c_int00_noargs               
20008c45  SPIReset                      
20008c67  GPIOPinWrite                  
20008c89  IntRegister                   
20008ca9  SPIDataGet                    
20008cc9  SPIDataPut                    
20008ce7  SPIIntRegister                
20008d05  UARTCharPut                   
20008d23  UARTCharGetNonBlocking        
20008d3f  __TI_zero_init_nomemset       
20008d79  memccpy                       
20008d95  PinTypeSPI                    
20008daf  SPICSDisable                  
20008dc7  SPICSEnable                   
20008ddf  SPIEnable                     
20008df7  UARTCharsAvail                
20008e27  PRCMHIBRegRead                
20008e3d  PRCMHIBRegWrite               
20008e53  strchr                        
20008e69  CPUcpsie                      
20008e7d  IntVTableBaseSet              
20008e91  strlen                        
20008ea5  wcslen                        
20008eb7  __TI_decompress_none          
20008ec5  ResetISR                      
20008ed3  copysign                      
20008ed3  copysignl                     
20008edf  IntMasterEnable               
20008ee9  __aeabi_errno_addr            
20008ef1  malloc                        
20008ef9  UtilsDelay                    
20008eff  _system_pre_init              
20008f03  C$$EXIT                       
20008f03  abort                         
20009403  _ctypes_                      
20009700  __TI_static_base__            
20009720  __TI_Handler_Table_Base       
2000972c  __TI_Handler_Table_Limit      
20009738  __TI_CINIT_Base               
20009748  __TI_CINIT_Limit              
20017000  __start___llvm_prf_cnts       
20017000  __stop___llvm_prf_cnts        
20017000  _sys_memory                   
2001786c  cursor_x                      
20017870  cursor_y                      
20017874  textsize                      
20017878  textcolor                     
2001787c  textbgcolor                   
20017880  wrap                          
20017884  _lock                         
20017888  _unlock                       
20017894  errno                         
2002f800  __stack                       
20030000  __STACK_END                   
ffffffff  __TI_pprof_out_hndl           
ffffffff  __TI_prof_data_size           
ffffffff  __TI_prof_data_start          
ffffffff  __binit__                     
ffffffff  __c_args__                    
ffffffff  binit                         
UNDEFED   __mpu_init                    
UNDEFED   _system_post_cinit            

[180 symbols]
