******************************************************************************
                  TI ARM Linker PC v20.2.7                     
******************************************************************************
>> Linked Mon Jan 29 00:11:17 2024

OUTPUT FILE NAME:   <spi_demo.out>
ENTRY POINT SYMBOL: "_c_int00_noargs"  address: 20007541


MEMORY CONFIGURATION

         name            origin    length      used     unused   attr    fill
----------------------  --------  ---------  --------  --------  ----  --------
  SRAM_CODE             20004000   00013000  00003b6e  0000f492  RW X
  SRAM_DATA             20017000   00019000  000010e2  00017f1e  RW X


SEGMENT ALLOCATION MAP

run origin  load origin   length   init length attrs members
----------  ----------- ---------- ----------- ----- -------
20004000    20004000    00003b70   00003b70    r-x
  20004000    20004000    00000400   00000400    r-- .intvecs
  20004400    20004400    00003436   00003436    r-x .text
  20007838    20007838    00000300   00000300    r-- .const
  20007b38    20007b38    00000038   00000038    r-- .cinit
20017000    20017000    000008e4   00000000    rw-
  20017000    20017000    00000800   00000000    rw- .sysmem
  20017800    20017800    000000ce   00000000    rw- .bss
  200178d0    200178d0    00000014   00000000    rw- .data
2002f800    2002f800    00000800   00000000    rw-
  2002f800    2002f800    00000800   00000000    rw- .stack


SECTION ALLOCATION MAP

 output                                  attributes/
section   page    origin      length       input sections
--------  ----  ----------  ----------   ----------------
.intvecs   0    20004000    00000400     
                  20004000    00000400     startup_ccs.obj (.intvecs)

.init_array 
*          0    20004000    00000000     UNINITIALIZED

.text      0    20004400    00003436     
                  20004400    00000a4e     rtsv7M4_T_le_eabi.lib : _printfi.c.obj (.text:__TI_printfi)
                  20004e4e    00000002                           : _lock.c.obj (.text:_nop)
                  20004e50    0000038c     main.obj (.text)
                  200051dc    0000027c     uart_if.obj (.text)
                  20005458    00000268     rtsv7M4_T_le_eabi.lib : _printfi.c.obj (.text:_pconv_a)
                  200056c0    000001cc                           : _printfi.c.obj (.text:_pconv_g)
                  2000588c    000001b6                           : fd_add_t2.asm.obj (.text)
                  20005a42    00000002                           : div0.asm.obj (.text)
                  20005a44    00000178     driverlib.a : prcm.obj (.text:PRCMCC3200MCUInit)
                  20005bbc    0000013c     rtsv7M4_T_le_eabi.lib : _printfi.c.obj (.text:_pconv_e)
                  20005cf8    00000136                           : fd_div_t2.asm.obj (.text)
                  20005e2e    00000002     --HOLE-- [fill = 0]
                  20005e30    00000120                           : _printfi.c.obj (.text:fcvt)
                  20005f50    00000100                           : memory.c.obj (.text:aligned_alloc)
                  20006050    000000fc                           : fd_mul_t2.asm.obj (.text)
                  2000614c    000000e4                           : memory.c.obj (.text:free)
                  20006230    000000e4                           : memory.c.obj (.text:realloc)
                  20006314    000000d0     driverlib.a : spi.obj (.text:SPITransfer32)
                  200063e4    000000d0     rtsv7M4_T_le_eabi.lib : s_scalbn.c.obj (.text:scalbn)
                  200064b4    000000ce     driverlib.a : spi.obj (.text:SPITransfer16)
                  20006582    000000b8                 : spi.obj (.text:SPITransfer8)
                  2000663a    00000002     --HOLE-- [fill = 0]
                  2000663c    000000b1     rtsv7M4_T_le_eabi.lib : _printfi.c.obj (.text:_ltostr)
                  200066ed    00000003     --HOLE-- [fill = 0]
                  200066f0    000000a8     driverlib.a : interrupt.obj (.text:IntEnable)
                  20006798    000000a0                 : spi.obj (.text:SPIConfigSetExpClk)
                  20006838    0000009c     rtsv7M4_T_le_eabi.lib : memcpy_t2.asm.obj (.text)
                  200068d4    00000096                           : ull_div_t2.asm.obj (.text)
                  2000696a    00000002     --HOLE-- [fill = 0]
                  2000696c    00000094     driverlib.a : prcm.obj (.text:PRCMPeripheralClockGet)
                  20006a00    00000088                 : pin.obj (.text:PinConfigSet)
                  20006a88    00000088                 : spi.obj (.text:SPITransfer)
                  20006b10    00000086     rtsv7M4_T_le_eabi.lib : fd_cmp_t2.asm.obj (.text:__aeabi_cdcmple)
                  20006b96    00000086                           : fd_cmp_t2.asm.obj (.text:__aeabi_cdrcmple)
                  20006c1c    0000007c     driverlib.a : spi.obj (.text:SPIIntStatus)
                  20006c98    0000007a     rtsv7M4_T_le_eabi.lib : memset_t2.asm.obj (.text)
                  20006d12    00000076     driverlib.a : uart.obj (.text:UARTConfigSetExpClk)
                  20006d88    00000070     rtsv7M4_T_le_eabi.lib : memory.c.obj (.text:split)
                  20006df8    0000006e                           : _printfi.c.obj (.text:_mcpy)
                  20006e66    00000068                           : copy_decompress_lzss.c.obj (.text:decompress:lzss:__TI_decompress_lzss)
                  20006ece    00000002     --HOLE-- [fill = 0]
                  20006ed0    0000005c                           : s_frexp.c.obj (.text:frexp)
                  20006f2c    00000058     driverlib.a : prcm.obj (.text:PRCMPeripheralReset)
                  20006f84    00000056     rtsv7M4_T_le_eabi.lib : _printfi.c.obj (.text:_pconv_f)
                  20006fda    00000054                           : _ltoa.c.obj (.text:__TI_ltoa)
                  2000702e    00000052                           : _printfi.c.obj (.text:_ecpy)
                  20007080    0000004c     driverlib.a : spi.obj (.text:SPIIntEnable)
                  200070cc    0000004c                 : spi.obj (.text:SPIIntNumberGet)
                  20007118    0000004c     rtsv7M4_T_le_eabi.lib : atoi.c.obj (.text:atoi)
                  20007164    00000048     driverlib.a : spi.obj (.text:SPIIntClear)
                  200071ac    00000048     rtsv7M4_T_le_eabi.lib : fd_toi_t2.asm.obj (.text)
                  200071f4    00000044     driverlib.a : spi.obj (.text:SPIDmaMaskGet)
                  20007238    00000044     rtsv7M4_T_le_eabi.lib : autoinit.c.obj (.text:__TI_auto_init_nobinit_nopinit:__TI_auto_init_nobinit_nopinit)
                  2000727c    00000044     pinmux.obj (.text)
                  200072c0    00000040     driverlib.a : pin.obj (.text:PinModeSet)
                  20007300    00000040     rtsv7M4_T_le_eabi.lib : vsnprintf.c.obj (.text:vsnprintf)
                  20007340    0000003e                           : _printfi.c.obj (.text:_fcpy)
                  2000737e    00000002     --HOLE-- [fill = 0]
                  20007380    0000003c     driverlib.a : prcm.obj (.text:PRCMPeripheralClkEnable)
                  200073bc    00000030                 : uart.obj (.text:UARTDisable)
                  200073ec    00000030     rtsv7M4_T_le_eabi.lib : vsnprintf.c.obj (.text:_outs)
                  2000741c    0000002e                           : i_tofd_t2.asm.obj (.text)
                  2000744a    00000002     --HOLE-- [fill = 0]
                  2000744c    0000002c     driverlib.a : prcm.obj (.text:PRCMSysResetCauseGet)
                  20007478    0000002a                 : spi.obj (.text:SPIDataGetNonBlocking)
                  200074a2    00000002     --HOLE-- [fill = 0]
                  200074a4    00000028                 : prcm.obj (.text:PRCMPeripheralClkDisable)
                  200074cc    00000028     rtsv7M4_T_le_eabi.lib : memory.c.obj (.text:free_list_insert)
                  200074f4    00000028                           : memmov.c.obj (.text:memmove)
                  2000751c    00000024     driverlib.a : uart.obj (.text:UARTEnable)
                  20007540    00000024     rtsv7M4_T_le_eabi.lib : boot_cortex_m.c.obj (.text:_c_int00_noargs:_c_int00_noargs)
                  20007564    00000022     driverlib.a : spi.obj (.text:SPIReset)
                  20007586    00000002     --HOLE-- [fill = 0]
                  20007588    00000020                 : interrupt.obj (.text:IntRegister)
                  200075a8    00000020                 : spi.obj (.text:SPIDataGet)
                  200075c8    0000001e                 : spi.obj (.text:SPIDataPut)
                  200075e6    0000001e                 : spi.obj (.text:SPIIntRegister)
                  20007604    0000001e                 : uart.obj (.text:UARTCharPut)
                  20007622    0000001c                 : uart.obj (.text:UARTCharGetNonBlocking)
                  2000763e    0000001c     rtsv7M4_T_le_eabi.lib : copy_zero_init.c.obj (.text:decompress:ZI:__TI_zero_init_nomemset:__TI_zero_init_nomemset)
                  2000765a    00000002     --HOLE-- [fill = 0]
                  2000765c    0000001c                           : memory.c.obj (.text:free_list_remove)
                  20007678    0000001c                           : memccpy.c.obj (.text:memccpy)
                  20007694    0000001a     driverlib.a : pin.obj (.text:PinTypeSPI)
                  200076ae    0000001a                 : pin.obj (.text:PinTypeUART)
                  200076c8    00000018                 : spi.obj (.text:SPICSDisable)
                  200076e0    00000018                 : spi.obj (.text:SPICSEnable)
                  200076f8    00000018                 : spi.obj (.text:SPIEnable)
                  20007710    00000018                 : uart.obj (.text:UARTCharsAvail)
                  20007728    00000018     rtsv7M4_T_le_eabi.lib : vsnprintf.c.obj (.text:_outc)
                  20007740    00000016     driverlib.a : prcm.obj (.text:PRCMHIBRegRead)
                  20007756    00000016                 : prcm.obj (.text:PRCMHIBRegWrite)
                  2000776c    00000016                 : uart.obj (.text:UARTCharGet)
                  20007782    00000016     rtsv7M4_T_le_eabi.lib : strchr.c.obj (.text:strchr)
                  20007798    00000014     driverlib.a : cpu.obj (.text:CPUcpsie)
                  200077ac    00000014                 : interrupt.obj (.text:IntVTableBaseSet)
                  200077c0    00000014     rtsv7M4_T_le_eabi.lib : strlen.c.obj (.text:strlen)
                  200077d4    00000012                           : wcslen.c.obj (.text:wcslen)
                  200077e6    0000000e                           : copy_decompress_none.c.obj (.text:decompress:none:__TI_decompress_none)
                  200077f4    0000000e     startup_ccs.obj (.text)
                  20007802    0000000c     rtsv7M4_T_le_eabi.lib : s_copysign.c.obj (.text:copysign)
                  2000780e    0000000a     driverlib.a : interrupt.obj (.text:IntMasterEnable)
                  20007818    00000008     rtsv7M4_T_le_eabi.lib : errno.c.obj (.text:__aeabi_errno_addr)
                  20007820    00000008                           : memory.c.obj (.text:malloc)
                  20007828    00000006     driverlib.a : utils.obj (.text:UtilsDelay)
                  2000782e    00000004     rtsv7M4_T_le_eabi.lib : pre_init.c.obj (.text:_system_pre_init)
                  20007832    00000004                           : exit.c.obj (.text:abort:abort)

.const     0    20007838    00000300     
                  20007838    00000101     rtsv7M4_T_le_eabi.lib : ctype.c.obj (.const:.string:_ctypes_)
                  20007939    00000003     --HOLE-- [fill = 0]
                  2000793c    00000100     driverlib.a : pin.obj (.const:g_ulPinToPadMap)
                  20007a3c    000000a8                 : prcm.obj (.const:PRCM_PeriphRegsList)
                  20007ae4    00000024                 : spi.obj (.const:g_ppulSPIIntMap)
                  20007b08    00000018                 : interrupt.obj (.const:g_pulEnRegs)
                  20007b20    00000018                 : spi.obj (.const:g_ulSPIDmaMaskMap)

.cinit     0    20007b38    00000038     
                  20007b38    0000000d     (.cinit..data.load) [load image, compression = lzss]
                  20007b45    00000003     --HOLE-- [fill = 0]
                  20007b48    0000000c     (__TI_handler_table)
                  20007b54    00000004     --HOLE-- [fill = 0]
                  20007b58    00000008     (.cinit..bss.load) [load image, compression = zero_init]
                  20007b60    00000010     (__TI_cinit_table)

.sysmem    0    20017000    00000800     UNINITIALIZED
                  20017000    00000010     rtsv7M4_T_le_eabi.lib : memory.c.obj (.sysmem)
                  20017010    000007f0     --HOLE--

.bss       0    20017800    000000ce     UNINITIALIZED
                  20017800    00000064     main.obj (.bss:g_ucRxBuff)
                  20017864    00000064     main.obj (.bss:g_ucTxBuff)
                  200178c8    00000004     uart_if.obj (.bss)
                  200178cc    00000002     main.obj (.bss)

.data      0    200178d0    00000014     UNINITIALIZED
                  200178d0    00000008     rtsv7M4_T_le_eabi.lib : _lock.c.obj (.data:$O1$$)
                  200178d8    00000008                           : memory.c.obj (.data:$O1$$)
                  200178e0    00000004                           : errno.c.obj (.data)

.stack     0    2002f800    00000800     UNINITIALIZED
                  2002f800    00000004     rtsv7M4_T_le_eabi.lib : boot_cortex_m.c.obj (.stack)
                  2002f804    000007fc     --HOLE--

__llvm_prf_cnts 
*          0    20017000    00000000     UNINITIALIZED

MODULE SUMMARY

       Module                       code    ro data   rw data
       ------                       ----    -------   -------
    .\
       main.obj                     908     0         202    
       startup_ccs.obj              14      1024      0      
       uart_if.obj                  636     0         4      
       pinmux.obj                   68      0         0      
    +--+----------------------------+-------+---------+---------+
       Total:                       1626    1024      206    
                                                             
    C:/ti/CC3200SDK_1.5.0/cc3200-sdk/driverlib/ccs/Release/driverlib.a
       spi.obj                      1550    60        0      
       prcm.obj                     800     168       0      
       pin.obj                      252     256       0      
       uart.obj                     306     0         0      
       interrupt.obj                230     24        0      
       cpu.obj                      20      0         0      
       utils.obj                    6       0         0      
    +--+----------------------------+-------+---------+---------+
       Total:                       3164    508       0      
                                                             
    C:\ti\ccs1260\ccs\tools\compiler\ti-cgt-arm_20.2.7.LTS\lib\rtsv7M4_T_le_eabi.lib
       _printfi.c.obj               4835    0         0      
       memory.c.obj                 900     0         8      
       fd_add_t2.asm.obj            438     0         0      
       fd_div_t2.asm.obj            310     0         0      
       fd_cmp_t2.asm.obj            268     0         0      
       ctype.c.obj                  0       257       0      
       fd_mul_t2.asm.obj            252     0         0      
       s_scalbn.c.obj               208     0         0      
       memcpy_t2.asm.obj            156     0         0      
       ull_div_t2.asm.obj           150     0         0      
       vsnprintf.c.obj              136     0         0      
       memset_t2.asm.obj            122     0         0      
       copy_decompress_lzss.c.obj   104     0         0      
       s_frexp.c.obj                92      0         0      
       _ltoa.c.obj                  84      0         0      
       atoi.c.obj                   76      0         0      
       fd_toi_t2.asm.obj            72      0         0      
       autoinit.c.obj               68      0         0      
       i_tofd_t2.asm.obj            46      0         0      
       memmov.c.obj                 40      0         0      
       boot_cortex_m.c.obj          36      0         0      
       copy_zero_init.c.obj         28      0         0      
       memccpy.c.obj                28      0         0      
       strchr.c.obj                 22      0         0      
       strlen.c.obj                 20      0         0      
       wcslen.c.obj                 18      0         0      
       copy_decompress_none.c.obj   14      0         0      
       errno.c.obj                  8       0         4      
       s_copysign.c.obj             12      0         0      
       _lock.c.obj                  2       0         8      
       exit.c.obj                   4       0         0      
       pre_init.c.obj               4       0         0      
       div0.asm.obj                 2       0         0      
    +--+----------------------------+-------+---------+---------+
       Total:                       8555    257       20     
                                                             
       Heap:                        0       0         2048   
       Stack:                       0       0         2048   
       Linker Generated:            0       49        0      
    +--+----------------------------+-------+---------+---------+
       Grand Total:                 13345   1838      4322   


LINKER GENERATED COPY TABLES

__TI_cinit_table @ 20007b60 records: 2, size/record: 8, table size: 16
	.data: load addr=20007b38, load size=0000000d bytes, run addr=200178d0, run size=00000014 bytes, compression=lzss
	.bss: load addr=20007b58, load size=00000008 bytes, run addr=20017800, run size=000000ce bytes, compression=zero_init


LINKER GENERATED HANDLER TABLE

__TI_handler_table @ 20007b48 records: 3, size/record: 4, table size: 12
	index: 0, handler: __TI_decompress_lzss
	index: 1, handler: __TI_decompress_none
	index: 2, handler: __TI_zero_init


GLOBAL SYMBOLS: SORTED ALPHABETICALLY BY Name 

address   name                          
-------   ----                          
20007833  C$$EXIT                       
20007799  CPUcpsie                      
2000521d  ClearTerm                     
20005227  Error                         
2000525f  GetCmd                        
200051dd  InitTerm                      
200066f1  IntEnable                     
2000780f  IntMasterEnable               
20007589  IntRegister                   
200077ad  IntVTableBaseSet              
20004ec1  MasterMain                    
200051fb  Message                       
20005a45  PRCMCC3200MCUInit             
20007741  PRCMHIBRegRead                
20007757  PRCMHIBRegWrite               
200074a5  PRCMPeripheralClkDisable      
20007381  PRCMPeripheralClkEnable       
2000696d  PRCMPeripheralClockGet        
20006f2d  PRCMPeripheralReset           
2000744d  PRCMSysResetCauseGet          
20006a01  PinConfigSet                  
200072c1  PinModeSet                    
2000727d  PinMuxConfig                  
20007695  PinTypeSPI                    
200076af  PinTypeUART                   
2000539d  Report                        
200077f5  ResetISR                      
200076c9  SPICSDisable                  
200076e1  SPICSEnable                   
20006799  SPIConfigSetExpClk            
200075a9  SPIDataGet                    
20007479  SPIDataGetNonBlocking         
200075c9  SPIDataPut                    
200076f9  SPIEnable                     
20007165  SPIIntClear                   
20007081  SPIIntEnable                  
200075e7  SPIIntRegister                
20006c1d  SPIIntStatus                  
20007565  SPIReset                      
20006a89  SPITransfer                   
20004f7f  SlaveMain                     
20005305  TrimSpace                     
2000776d  UARTCharGet                   
20007623  UARTCharGetNonBlocking        
20007605  UARTCharPut                   
20007711  UARTCharsAvail                
20006d13  UARTConfigSetExpClk           
200073bd  UARTDisable                   
2000751d  UARTEnable                    
20007829  UtilsDelay                    
20030000  __STACK_END                   
00000800  __STACK_SIZE                  
00000800  __SYSMEM_SIZE                 
20007b60  __TI_CINIT_Base               
20007b70  __TI_CINIT_Limit              
20007b48  __TI_Handler_Table_Base       
20007b54  __TI_Handler_Table_Limit      
20007239  __TI_auto_init_nobinit_nopinit
20006e67  __TI_decompress_lzss          
200077e7  __TI_decompress_none          
20006fdb  __TI_ltoa                     
ffffffff  __TI_pprof_out_hndl           
20004401  __TI_printfi                  
ffffffff  __TI_prof_data_size           
ffffffff  __TI_prof_data_start          
20007b38  __TI_static_base__            
2000763f  __TI_zero_init_nomemset       
20006b11  __aeabi_cdcmpeq               
20006b11  __aeabi_cdcmple               
20006b97  __aeabi_cdrcmple              
200071ad  __aeabi_d2iz                  
20005897  __aeabi_dadd                  
20005cf9  __aeabi_ddiv                  
20006051  __aeabi_dmul                  
2000588d  __aeabi_dsub                  
20007819  __aeabi_errno_addr            
2000741d  __aeabi_i2d                   
20005a43  __aeabi_idiv0                 
20005a43  __aeabi_ldiv0                 
20006c99  __aeabi_memclr                
20006c99  __aeabi_memclr4               
20006c99  __aeabi_memclr8               
20006839  __aeabi_memcpy                
20006839  __aeabi_memcpy4               
20006839  __aeabi_memcpy8               
20006c9b  __aeabi_memset                
20006c9b  __aeabi_memset4               
20006c9b  __aeabi_memset8               
200068d5  __aeabi_uldivmod              
ffffffff  __binit__                     
ffffffff  __c_args__                    
UNDEFED   __mpu_init                    
2002f800  __stack                       
20017000  __start___llvm_prf_cnts       
20017000  __stop___llvm_prf_cnts        
20007541  _c_int00_noargs               
20007838  _ctypes_                      
200178d0  _lock                         
20004e4f  _nop                          
20017000  _sys_memory                   
UNDEFED   _system_post_cinit            
2000782f  _system_pre_init              
200178d4  _unlock                       
20007833  abort                         
20005f51  aligned_alloc                 
20007119  atoi                          
ffffffff  binit                         
20007803  copysign                      
20007803  copysignl                     
200178e0  errno                         
2000614d  free                          
20006ed1  frexp                         
20006ed1  frexpl                        
20004000  g_pfnVectors                  
200063e5  ldexp                         
200063e5  ldexpl                        
20004fef  main                          
20007821  malloc                        
20005f51  memalign                      
20007679  memccpy                       
20006839  memcpy                        
200074f5  memmove                       
20006ca1  memset                        
20006231  realloc                       
200063e5  scalbn                        
200063e5  scalbnl                       
20007783  strchr                        
200077c1  strlen                        
20007301  vsnprintf                     
200077d5  wcslen                        


GLOBAL SYMBOLS: SORTED BY Symbol Address 

address   name                          
-------   ----                          
00000800  __STACK_SIZE                  
00000800  __SYSMEM_SIZE                 
20004000  g_pfnVectors                  
20004401  __TI_printfi                  
20004e4f  _nop                          
20004ec1  MasterMain                    
20004f7f  SlaveMain                     
20004fef  main                          
200051dd  InitTerm                      
200051fb  Message                       
2000521d  ClearTerm                     
20005227  Error                         
2000525f  GetCmd                        
20005305  TrimSpace                     
2000539d  Report                        
2000588d  __aeabi_dsub                  
20005897  __aeabi_dadd                  
20005a43  __aeabi_idiv0                 
20005a43  __aeabi_ldiv0                 
20005a45  PRCMCC3200MCUInit             
20005cf9  __aeabi_ddiv                  
20005f51  aligned_alloc                 
20005f51  memalign                      
20006051  __aeabi_dmul                  
2000614d  free                          
20006231  realloc                       
200063e5  ldexp                         
200063e5  ldexpl                        
200063e5  scalbn                        
200063e5  scalbnl                       
200066f1  IntEnable                     
20006799  SPIConfigSetExpClk            
20006839  __aeabi_memcpy                
20006839  __aeabi_memcpy4               
20006839  __aeabi_memcpy8               
20006839  memcpy                        
200068d5  __aeabi_uldivmod              
2000696d  PRCMPeripheralClockGet        
20006a01  PinConfigSet                  
20006a89  SPITransfer                   
20006b11  __aeabi_cdcmpeq               
20006b11  __aeabi_cdcmple               
20006b97  __aeabi_cdrcmple              
20006c1d  SPIIntStatus                  
20006c99  __aeabi_memclr                
20006c99  __aeabi_memclr4               
20006c99  __aeabi_memclr8               
20006c9b  __aeabi_memset                
20006c9b  __aeabi_memset4               
20006c9b  __aeabi_memset8               
20006ca1  memset                        
20006d13  UARTConfigSetExpClk           
20006e67  __TI_decompress_lzss          
20006ed1  frexp                         
20006ed1  frexpl                        
20006f2d  PRCMPeripheralReset           
20006fdb  __TI_ltoa                     
20007081  SPIIntEnable                  
20007119  atoi                          
20007165  SPIIntClear                   
200071ad  __aeabi_d2iz                  
20007239  __TI_auto_init_nobinit_nopinit
2000727d  PinMuxConfig                  
200072c1  PinModeSet                    
20007301  vsnprintf                     
20007381  PRCMPeripheralClkEnable       
200073bd  UARTDisable                   
2000741d  __aeabi_i2d                   
2000744d  PRCMSysResetCauseGet          
20007479  SPIDataGetNonBlocking         
200074a5  PRCMPeripheralClkDisable      
200074f5  memmove                       
2000751d  UARTEnable                    
20007541  _c_int00_noargs               
20007565  SPIReset                      
20007589  IntRegister                   
200075a9  SPIDataGet                    
200075c9  SPIDataPut                    
200075e7  SPIIntRegister                
20007605  UARTCharPut                   
20007623  UARTCharGetNonBlocking        
2000763f  __TI_zero_init_nomemset       
20007679  memccpy                       
20007695  PinTypeSPI                    
200076af  PinTypeUART                   
200076c9  SPICSDisable                  
200076e1  SPICSEnable                   
200076f9  SPIEnable                     
20007711  UARTCharsAvail                
20007741  PRCMHIBRegRead                
20007757  PRCMHIBRegWrite               
2000776d  UARTCharGet                   
20007783  strchr                        
20007799  CPUcpsie                      
200077ad  IntVTableBaseSet              
200077c1  strlen                        
200077d5  wcslen                        
200077e7  __TI_decompress_none          
200077f5  ResetISR                      
20007803  copysign                      
20007803  copysignl                     
2000780f  IntMasterEnable               
20007819  __aeabi_errno_addr            
20007821  malloc                        
20007829  UtilsDelay                    
2000782f  _system_pre_init              
20007833  C$$EXIT                       
20007833  abort                         
20007838  _ctypes_                      
20007b38  __TI_static_base__            
20007b48  __TI_Handler_Table_Base       
20007b54  __TI_Handler_Table_Limit      
20007b60  __TI_CINIT_Base               
20007b70  __TI_CINIT_Limit              
20017000  __start___llvm_prf_cnts       
20017000  __stop___llvm_prf_cnts        
20017000  _sys_memory                   
200178d0  _lock                         
200178d4  _unlock                       
200178e0  errno                         
2002f800  __stack                       
20030000  __STACK_END                   
ffffffff  __TI_pprof_out_hndl           
ffffffff  __TI_prof_data_size           
ffffffff  __TI_prof_data_start          
ffffffff  __binit__                     
ffffffff  __c_args__                    
ffffffff  binit                         
UNDEFED   __mpu_init                    
UNDEFED   _system_post_cinit            

[130 symbols]
